[  2%] Built target my_first_package_msgs__rosidl_generator_type_description
[  2%] Built target ament_cmake_python_copy_my_first_package_msgs
[ 11%] Built target my_first_package_msgs__cpp
[ 20%] Built target my_first_package_msgs__rosidl_generator_c
[ 29%] Built target my_first_package_msgs__rosidl_typesupport_introspection_cpp
[ 38%] Built target my_first_package_msgs__rosidl_typesupport_c
[ 47%] Built target my_first_package_msgs__rosidl_typesupport_fastrtps_c
[ 64%] Built target my_first_package_msgs__rosidl_typesupport_introspection_c
[ 64%] Built target my_first_package_msgs__rosidl_typesupport_cpp
[ 73%] Built target my_first_package_msgs__rosidl_typesupport_fastrtps_cpp
[ 73%] Built target my_first_package_msgs
[ 76%] Built target my_first_package_msgs__py
[ 82%] Built target my_first_package_msgs__rosidl_generator_py
[ 97%] Built target my_first_package_msgs_s__rosidl_typesupport_c
[100%] Built target my_first_package_msgs_s__rosidl_typesupport_fastrtps_c
[ 97%] Built target my_first_package_msgs_s__rosidl_typesupport_introspection_c
running egg_info
writing my_first_package_msgs.egg-info/PKG-INFO
writing dependency_links to my_first_package_msgs.egg-info/dependency_links.txt
writing top-level names to my_first_package_msgs.egg-info/top_level.txt
reading manifest file 'my_first_package_msgs.egg-info/SOURCES.txt'
writing manifest file 'my_first_package_msgs.egg-info/SOURCES.txt'
[100%] Built target ament_cmake_python_build_my_first_package_msgs_egg
