[0.010s] Invoking command in '/home/tm/dev_ws/ros_c++/build/my_first_package_msgs': CMAKE_PREFIX_PATH=${CMAKE_PREFIX_PATH}:/opt/ros/jazzy DEBUGINFOD_URLS=https://debuginfod.ubuntu.com VIRTUAL_ENV_PROMPT=(ros) /usr/bin/cmake --build /home/tm/dev_ws/ros_c++/build/my_first_package_msgs -- -j12 -l12
[0.054s] [  2%] Built target my_first_package_msgs__rosidl_generator_type_description
[0.063s] [  2%] Built target ament_cmake_python_copy_my_first_package_msgs
[0.071s] [ 11%] Built target my_first_package_msgs__cpp
[0.071s] [ 20%] Built target my_first_package_msgs__rosidl_generator_c
[0.087s] [ 29%] Built target my_first_package_msgs__rosidl_typesupport_introspection_cpp
[0.088s] [ 38%] Built target my_first_package_msgs__rosidl_typesupport_c
[0.090s] [ 47%] Built target my_first_package_msgs__rosidl_typesupport_fastrtps_c
[0.091s] [ 64%] Built target my_first_package_msgs__rosidl_typesupport_introspection_c
[0.091s] [ 64%] Built target my_first_package_msgs__rosidl_typesupport_cpp
[0.092s] [ 73%] Built target my_first_package_msgs__rosidl_typesupport_fastrtps_cpp
[0.110s] [ 73%] Built target my_first_package_msgs
[0.133s] [ 76%] Built target my_first_package_msgs__py
[0.160s] [ 82%] Built target my_first_package_msgs__rosidl_generator_py
[0.187s] [ 97%] Built target my_first_package_msgs_s__rosidl_typesupport_c
[0.187s] [100%] Built target my_first_package_msgs_s__rosidl_typesupport_fastrtps_c
[0.187s] [ 97%] Built target my_first_package_msgs_s__rosidl_typesupport_introspection_c
[0.318s] running egg_info
[0.352s] writing my_first_package_msgs.egg-info/PKG-INFO
[0.353s] writing dependency_links to my_first_package_msgs.egg-info/dependency_links.txt
[0.354s] writing top-level names to my_first_package_msgs.egg-info/top_level.txt
[0.438s] reading manifest file 'my_first_package_msgs.egg-info/SOURCES.txt'
[0.439s] writing manifest file 'my_first_package_msgs.egg-info/SOURCES.txt'
[0.483s] [100%] Built target ament_cmake_python_build_my_first_package_msgs_egg
