[0.012s] Invoking command in '/home/tm/dev_ws/ros_c++/build/my_first_package': CMAKE_PREFIX_PATH=${CMAKE_PREFIX_PATH}:/home/tm/dev_ws/ros/install/my_test_package:/home/tm/dev_ws/ros/install/my_first_package:/home/tm/dev_ws/ros/install/camera_package:/opt/ros/jazzy DEBUGINFOD_URLS=https://debuginfod.ubuntu.com VIRTUAL_ENV_PROMPT=(ros) /usr/bin/cmake --build /home/tm/dev_ws/ros_c++/build/my_first_package -- -j12 -l12
[0.076s] [ 25%] Built target listener
[0.076s] [ 25%] Built target server
[0.076s] [ 37%] Built target talker
[0.076s] [ 50%] Built target client
[0.077s] [ 75%] Built target sub_pose
[0.077s] [ 75%] Built target publisher
[0.077s] [ 87%] Built target subscriber
[0.082s] [ 93%] [32mBuilding CXX object CMakeFiles/my_service_server.dir/src/my_service_server.cpp.o[0m
[3.649s] [01m[K/home/tm/dev_ws/ros_c++/src/my_first_package/src/my_service_server.cpp:6:12:[m[K [01;31m[Kerror: [m[Kusing-declaration may not name namespace ‘[01m[Kstd::placeholders[m[K’
[3.649s]     6 | using std::[01;31m[Kplaceholders[m[K;
[3.650s]       |            [01;31m[K^~~~~~~~~~~~[m[K
[3.666s] [01m[K/home/tm/dev_ws/ros_c++/src/my_first_package/src/my_service_server.cpp:[m[K In constructor ‘[01m[KMultiSpawning::[01;32m[KMultiSpawning[m[K()[m[K’:
[3.666s] [01m[K/home/tm/dev_ws/ros_c++/src/my_first_package/src/my_service_server.cpp:12:71:[m[K [01;31m[Kerror: [m[K‘[01m[Kplaceholders[m[K’ has not been declared
[3.666s]    12 |                     std::bind(&MultiSpawning::callback_service, this, [01;31m[Kplaceholders[m[K::_1, placeholders::_2));
[3.667s]       |                                                                       [01;31m[K^~~~~~~~~~~~[m[K
[3.667s] [01m[K/home/tm/dev_ws/ros_c++/src/my_first_package/src/my_service_server.cpp:12:89:[m[K [01;31m[Kerror: [m[K‘[01m[Kplaceholders[m[K’ has not been declared
[3.667s]    12 |                     std::bind(&MultiSpawning::callback_service, this, placeholders::_1, [01;31m[Kplaceholders[m[K::_2));
[3.667s]       |                                                                                         [01;31m[K^~~~~~~~~~~~[m[K
[4.852s] gmake[2]: *** [CMakeFiles/my_service_server.dir/build.make:76: CMakeFiles/my_service_server.dir/src/my_service_server.cpp.o] Error 1
[4.852s] gmake[1]: *** [CMakeFiles/Makefile2:333: CMakeFiles/my_service_server.dir/all] Error 2
[4.853s] gmake: *** [Makefile:146: all] Error 2
[4.856s] Invoked command in '/home/tm/dev_ws/ros_c++/build/my_first_package' returned '2': CMAKE_PREFIX_PATH=${CMAKE_PREFIX_PATH}:/home/tm/dev_ws/ros/install/my_test_package:/home/tm/dev_ws/ros/install/my_first_package:/home/tm/dev_ws/ros/install/camera_package:/opt/ros/jazzy DEBUGINFOD_URLS=https://debuginfod.ubuntu.com VIRTUAL_ENV_PROMPT=(ros) /usr/bin/cmake --build /home/tm/dev_ws/ros_c++/build/my_first_package -- -j12 -l12
