[  2%] Built target my_first_package_msgs__rosidl_generator_type_description
[  2%] Built target ament_cmake_python_copy_my_first_package_msgs
[  4%] Built target my_first_package_msgs__cpp
[ 22%] Built target my_first_package_msgs__rosidl_generator_c
[ 40%] Built target my_first_package_msgs__rosidl_typesupport_cpp
[ 40%] Built target my_first_package_msgs__rosidl_typesupport_c
[ 52%] Built target my_first_package_msgs__rosidl_typesupport_fastrtps_c
[ 59%] Built target my_first_package_msgs__rosidl_typesupport_introspection_c
[ 68%] Built target my_first_package_msgs__rosidl_typesupport_introspection_cpp
[ 77%] Built target my_first_package_msgs__rosidl_typesupport_fastrtps_cpp
[ 77%] Built target my_first_package_msgs
[ 79%] Built target my_first_package_msgs__py
[ 86%] Built target my_first_package_msgs__rosidl_generator_py
[100%] Built target my_first_package_msgs_s__rosidl_typesupport_c
[100%] Built target my_first_package_msgs_s__rosidl_typesupport_fastrtps_c
[100%] Built target my_first_package_msgs_s__rosidl_typesupport_introspection_c
running egg_info
writing my_first_package_msgs.egg-info/PKG-INFO
writing dependency_links to my_first_package_msgs.egg-info/dependency_links.txt
writing top-level names to my_first_package_msgs.egg-info/top_level.txt
reading manifest file 'my_first_package_msgs.egg-info/SOURCES.txt'
writing manifest file 'my_first_package_msgs.egg-info/SOURCES.txt'
[100%] Built target ament_cmake_python_build_my_first_package_msgs_egg
