[0.010s] Invoking command in '/home/tm/dev_ws/ros_c++/build/my_first_package_msgs': CMAKE_PREFIX_PATH=${CMAKE_PREFIX_PATH}:/home/tm/dev_ws/ros/install/my_test_package:/home/tm/dev_ws/ros/install/my_first_package:/home/tm/dev_ws/ros/install/camera_package:/opt/ros/jazzy DEBUGINFOD_URLS=https://debuginfod.ubuntu.com VIRTUAL_ENV_PROMPT=(ros) /usr/bin/cmake --build /home/tm/dev_ws/ros_c++/build/my_first_package_msgs -- -j12 -l12
[0.059s] [  2%] Built target my_first_package_msgs__rosidl_generator_type_description
[0.070s] [  2%] Built target ament_cmake_python_copy_my_first_package_msgs
[0.080s] [  4%] Built target my_first_package_msgs__cpp
[0.081s] [ 22%] Built target my_first_package_msgs__rosidl_generator_c
[0.100s] [ 40%] Built target my_first_package_msgs__rosidl_typesupport_cpp
[0.100s] [ 40%] Built target my_first_package_msgs__rosidl_typesupport_c
[0.104s] [ 52%] Built target my_first_package_msgs__rosidl_typesupport_fastrtps_c
[0.104s] [ 59%] Built target my_first_package_msgs__rosidl_typesupport_introspection_c
[0.105s] [ 68%] Built target my_first_package_msgs__rosidl_typesupport_introspection_cpp
[0.105s] [ 77%] Built target my_first_package_msgs__rosidl_typesupport_fastrtps_cpp
[0.132s] [ 77%] Built target my_first_package_msgs
[0.161s] [ 79%] Built target my_first_package_msgs__py
[0.194s] [ 86%] Built target my_first_package_msgs__rosidl_generator_py
[0.229s] [100%] Built target my_first_package_msgs_s__rosidl_typesupport_c
[0.229s] [100%] Built target my_first_package_msgs_s__rosidl_typesupport_fastrtps_c
[0.229s] [100%] Built target my_first_package_msgs_s__rosidl_typesupport_introspection_c
[0.382s] running egg_info
[0.410s] writing my_first_package_msgs.egg-info/PKG-INFO
[0.412s] writing dependency_links to my_first_package_msgs.egg-info/dependency_links.txt
[0.412s] writing top-level names to my_first_package_msgs.egg-info/top_level.txt
[0.494s] reading manifest file 'my_first_package_msgs.egg-info/SOURCES.txt'
[0.496s] writing manifest file 'my_first_package_msgs.egg-info/SOURCES.txt'
[0.608s] [100%] Built target ament_cmake_python_build_my_first_package_msgs_egg
