[0.020s] Invoking command in '/home/tm/dev_ws/ros_c++/build/my_first_package': CMAKE_PREFIX_PATH=${CMAKE_PREFIX_PATH}:/opt/ros/jazzy DEBUGINFOD_URLS=https://debuginfod.ubuntu.com VIRTUAL_ENV_PROMPT=(ros) /usr/bin/cmake --build /home/tm/dev_ws/ros_c++/build/my_first_package -- -j12 -l12
[0.119s] [ 35%] Built target listener
[0.119s] [ 35%] Built target server
[0.121s] [ 42%] Built target subscriber
[0.124s] [ 71%] Built target client
[0.124s] [ 71%] Built target talker
[0.129s] [ 85%] Built target publisher
[0.144s] [ 92%] [32mBuilding CXX object CMakeFiles/sub_pose.dir/src/turtle_cmd_and_pose.cpp.o[0m
[7.989s] [100%] [32m[1mLinking CXX executable sub_pose[0m
[8.246s] [100%] Built target sub_pose
[8.261s] Invoked command in '/home/tm/dev_ws/ros_c++/build/my_first_package' returned '0': CMAKE_PREFIX_PATH=${CMAKE_PREFIX_PATH}:/opt/ros/jazzy DEBUGINFOD_URLS=https://debuginfod.ubuntu.com VIRTUAL_ENV_PROMPT=(ros) /usr/bin/cmake --build /home/tm/dev_ws/ros_c++/build/my_first_package -- -j12 -l12
[8.262s] Invoking command in '/home/tm/dev_ws/ros_c++/build/my_first_package': CMAKE_PREFIX_PATH=${CMAKE_PREFIX_PATH}:/opt/ros/jazzy DEBUGINFOD_URLS=https://debuginfod.ubuntu.com VIRTUAL_ENV_PROMPT=(ros) /usr/bin/cmake --install /home/tm/dev_ws/ros_c++/build/my_first_package
[8.272s] -- Install configuration: ""
[8.272s] -- Up-to-date: /home/tm/dev_ws/ros_c++/install/my_first_package/lib/my_first_package/talker
[8.272s] -- Up-to-date: /home/tm/dev_ws/ros_c++/install/my_first_package/lib/my_first_package/listener
[8.273s] -- Up-to-date: /home/tm/dev_ws/ros_c++/install/my_first_package/lib/my_first_package/server
[8.273s] -- Up-to-date: /home/tm/dev_ws/ros_c++/install/my_first_package/lib/my_first_package/client
[8.273s] -- Up-to-date: /home/tm/dev_ws/ros_c++/install/my_first_package/lib/my_first_package/subscriber
[8.273s] -- Up-to-date: /home/tm/dev_ws/ros_c++/install/my_first_package/lib/my_first_package/publisher
[8.274s] -- Installing: /home/tm/dev_ws/ros_c++/install/my_first_package/lib/my_first_package/sub_pose
[8.277s] -- Set non-toolchain portion of runtime path of "/home/tm/dev_ws/ros_c++/install/my_first_package/lib/my_first_package/sub_pose" to ""
[8.277s] -- Up-to-date: /home/tm/dev_ws/ros_c++/install/my_first_package/share/ament_index/resource_index/package_run_dependencies/my_first_package
[8.278s] -- Up-to-date: /home/tm/dev_ws/ros_c++/install/my_first_package/share/ament_index/resource_index/parent_prefix_path/my_first_package
[8.278s] -- Up-to-date: /home/tm/dev_ws/ros_c++/install/my_first_package/share/my_first_package/environment/ament_prefix_path.sh
[8.278s] -- Up-to-date: /home/tm/dev_ws/ros_c++/install/my_first_package/share/my_first_package/environment/ament_prefix_path.dsv
[8.278s] -- Up-to-date: /home/tm/dev_ws/ros_c++/install/my_first_package/share/my_first_package/environment/path.sh
[8.278s] -- Up-to-date: /home/tm/dev_ws/ros_c++/install/my_first_package/share/my_first_package/environment/path.dsv
[8.278s] -- Up-to-date: /home/tm/dev_ws/ros_c++/install/my_first_package/share/my_first_package/local_setup.bash
[8.278s] -- Up-to-date: /home/tm/dev_ws/ros_c++/install/my_first_package/share/my_first_package/local_setup.sh
[8.279s] -- Up-to-date: /home/tm/dev_ws/ros_c++/install/my_first_package/share/my_first_package/local_setup.zsh
[8.279s] -- Up-to-date: /home/tm/dev_ws/ros_c++/install/my_first_package/share/my_first_package/local_setup.dsv
[8.279s] -- Installing: /home/tm/dev_ws/ros_c++/install/my_first_package/share/my_first_package/package.dsv
[8.279s] -- Up-to-date: /home/tm/dev_ws/ros_c++/install/my_first_package/share/ament_index/resource_index/packages/my_first_package
[8.279s] -- Up-to-date: /home/tm/dev_ws/ros_c++/install/my_first_package/share/my_first_package/cmake/my_first_packageConfig.cmake
[8.279s] -- Up-to-date: /home/tm/dev_ws/ros_c++/install/my_first_package/share/my_first_package/cmake/my_first_packageConfig-version.cmake
[8.279s] -- Up-to-date: /home/tm/dev_ws/ros_c++/install/my_first_package/share/my_first_package/package.xml
[8.281s] Invoked command in '/home/tm/dev_ws/ros_c++/build/my_first_package' returned '0': CMAKE_PREFIX_PATH=${CMAKE_PREFIX_PATH}:/opt/ros/jazzy DEBUGINFOD_URLS=https://debuginfod.ubuntu.com VIRTUAL_ENV_PROMPT=(ros) /usr/bin/cmake --install /home/tm/dev_ws/ros_c++/build/my_first_package
