[0.141s] DEBUG:colcon:Command line arguments: ['/usr/bin/colcon', 'build']
[0.141s] DEBUG:colcon:Parsed command line arguments: Namespace(log_base=None, log_level=None, verb_name='build', build_base='build', install_base='install', merge_install=False, symlink_install=False, test_result_base=None, continue_on_error=False, executor='parallel', parallel_workers=12, event_handlers=None, ignore_user_meta=False, metas=['./colcon.meta'], base_paths=['.'], packages_ignore=None, packages_ignore_regex=None, paths=None, packages_up_to=None, packages_up_to_regex=None, packages_above=None, packages_above_and_dependencies=None, packages_above_depth=None, packages_select_by_dep=None, packages_skip_by_dep=None, packages_skip_up_to=None, packages_select_build_failed=False, packages_skip_build_finished=False, packages_select_test_failures=False, packages_skip_test_passed=False, packages_select=None, packages_skip=None, packages_select_regex=None, packages_skip_regex=None, packages_start=None, packages_end=None, allow_overriding=[], cmake_args=None, cmake_target=None, cmake_target_skip_unavailable=False, cmake_clean_cache=False, cmake_clean_first=False, cmake_force_configure=False, ament_cmake_args=None, catkin_cmake_args=None, catkin_skip_building_tests=False, mixin_files=None, mixin=None, verb_parser=<colcon_mixin.mixin.mixin_argument.MixinArgumentDecorator object at 0x7ec8cb9c8530>, verb_extension=<colcon_core.verb.build.BuildVerb object at 0x7ec8cb9a3740>, main=<bound method BuildVerb.main of <colcon_core.verb.build.BuildVerb object at 0x7ec8cb9a3740>>, mixin_verb=('build',))
[0.187s] Level 1:colcon.colcon_core.package_discovery:discover_packages(colcon_meta) check parameters
[0.188s] Level 1:colcon.colcon_core.package_discovery:discover_packages(recursive) check parameters
[0.188s] Level 1:colcon.colcon_core.package_discovery:discover_packages(ignore) check parameters
[0.188s] Level 1:colcon.colcon_core.package_discovery:discover_packages(path) check parameters
[0.188s] Level 1:colcon.colcon_core.package_discovery:discover_packages(colcon_meta) discover
[0.188s] Level 1:colcon.colcon_core.package_discovery:discover_packages(recursive) discover
[0.188s] INFO:colcon.colcon_core.package_discovery:Crawling recursively for packages in '/home/tm/dev_ws/ros_c++'
[0.188s] Level 1:colcon.colcon_core.package_identification:_identify(.) by extensions ['ignore', 'ignore_ament_install']
[0.188s] Level 1:colcon.colcon_core.package_identification:_identify(.) by extension 'ignore'
[0.188s] Level 1:colcon.colcon_core.package_identification:_identify(.) by extension 'ignore_ament_install'
[0.188s] Level 1:colcon.colcon_core.package_identification:_identify(.) by extensions ['colcon_pkg']
[0.188s] Level 1:colcon.colcon_core.package_identification:_identify(.) by extension 'colcon_pkg'
[0.188s] Level 1:colcon.colcon_core.package_identification:_identify(.) by extensions ['colcon_meta']
[0.188s] Level 1:colcon.colcon_core.package_identification:_identify(.) by extension 'colcon_meta'
[0.188s] Level 1:colcon.colcon_core.package_identification:_identify(.) by extensions ['ros']
[0.188s] Level 1:colcon.colcon_core.package_identification:_identify(.) by extension 'ros'
[0.218s] Level 1:colcon.colcon_core.package_identification:_identify(.) by extensions ['cmake', 'python']
[0.218s] Level 1:colcon.colcon_core.package_identification:_identify(.) by extension 'cmake'
[0.218s] Level 1:colcon.colcon_core.package_identification:_identify(.) by extension 'python'
[0.218s] Level 1:colcon.colcon_core.package_identification:_identify(.) by extensions ['python_setup_py']
[0.218s] Level 1:colcon.colcon_core.package_identification:_identify(.) by extension 'python_setup_py'
[0.218s] Level 1:colcon.colcon_core.package_identification:_identify(build) by extensions ['ignore', 'ignore_ament_install']
[0.218s] Level 1:colcon.colcon_core.package_identification:_identify(build) by extension 'ignore'
[0.218s] Level 1:colcon.colcon_core.package_identification:_identify(build) ignored
[0.219s] Level 1:colcon.colcon_core.package_identification:_identify(install) by extensions ['ignore', 'ignore_ament_install']
[0.219s] Level 1:colcon.colcon_core.package_identification:_identify(install) by extension 'ignore'
[0.219s] Level 1:colcon.colcon_core.package_identification:_identify(install) ignored
[0.219s] Level 1:colcon.colcon_core.package_identification:_identify(log) by extensions ['ignore', 'ignore_ament_install']
[0.219s] Level 1:colcon.colcon_core.package_identification:_identify(log) by extension 'ignore'
[0.219s] Level 1:colcon.colcon_core.package_identification:_identify(log) ignored
[0.219s] Level 1:colcon.colcon_core.package_identification:_identify(src) by extensions ['ignore', 'ignore_ament_install']
[0.219s] Level 1:colcon.colcon_core.package_identification:_identify(src) by extension 'ignore'
[0.219s] Level 1:colcon.colcon_core.package_identification:_identify(src) by extension 'ignore_ament_install'
[0.219s] Level 1:colcon.colcon_core.package_identification:_identify(src) by extensions ['colcon_pkg']
[0.219s] Level 1:colcon.colcon_core.package_identification:_identify(src) by extension 'colcon_pkg'
[0.219s] Level 1:colcon.colcon_core.package_identification:_identify(src) by extensions ['colcon_meta']
[0.219s] Level 1:colcon.colcon_core.package_identification:_identify(src) by extension 'colcon_meta'
[0.220s] Level 1:colcon.colcon_core.package_identification:_identify(src) by extensions ['ros']
[0.220s] Level 1:colcon.colcon_core.package_identification:_identify(src) by extension 'ros'
[0.220s] Level 1:colcon.colcon_core.package_identification:_identify(src) by extensions ['cmake', 'python']
[0.220s] Level 1:colcon.colcon_core.package_identification:_identify(src) by extension 'cmake'
[0.220s] Level 1:colcon.colcon_core.package_identification:_identify(src) by extension 'python'
[0.220s] Level 1:colcon.colcon_core.package_identification:_identify(src) by extensions ['python_setup_py']
[0.220s] Level 1:colcon.colcon_core.package_identification:_identify(src) by extension 'python_setup_py'
[0.220s] Level 1:colcon.colcon_core.package_identification:_identify(src/my_first_package) by extensions ['ignore', 'ignore_ament_install']
[0.220s] Level 1:colcon.colcon_core.package_identification:_identify(src/my_first_package) by extension 'ignore'
[0.220s] Level 1:colcon.colcon_core.package_identification:_identify(src/my_first_package) by extension 'ignore_ament_install'
[0.220s] Level 1:colcon.colcon_core.package_identification:_identify(src/my_first_package) by extensions ['colcon_pkg']
[0.220s] Level 1:colcon.colcon_core.package_identification:_identify(src/my_first_package) by extension 'colcon_pkg'
[0.220s] Level 1:colcon.colcon_core.package_identification:_identify(src/my_first_package) by extensions ['colcon_meta']
[0.220s] Level 1:colcon.colcon_core.package_identification:_identify(src/my_first_package) by extension 'colcon_meta'
[0.220s] Level 1:colcon.colcon_core.package_identification:_identify(src/my_first_package) by extensions ['ros']
[0.220s] Level 1:colcon.colcon_core.package_identification:_identify(src/my_first_package) by extension 'ros'
[0.224s] DEBUG:colcon.colcon_core.package_identification:Package 'src/my_first_package' with type 'ros.ament_cmake' and name 'my_first_package'
[0.224s] Level 1:colcon.colcon_core.package_identification:_identify(src/my_first_package_msgs) by extensions ['ignore', 'ignore_ament_install']
[0.224s] Level 1:colcon.colcon_core.package_identification:_identify(src/my_first_package_msgs) by extension 'ignore'
[0.224s] Level 1:colcon.colcon_core.package_identification:_identify(src/my_first_package_msgs) by extension 'ignore_ament_install'
[0.224s] Level 1:colcon.colcon_core.package_identification:_identify(src/my_first_package_msgs) by extensions ['colcon_pkg']
[0.224s] Level 1:colcon.colcon_core.package_identification:_identify(src/my_first_package_msgs) by extension 'colcon_pkg'
[0.224s] Level 1:colcon.colcon_core.package_identification:_identify(src/my_first_package_msgs) by extensions ['colcon_meta']
[0.224s] Level 1:colcon.colcon_core.package_identification:_identify(src/my_first_package_msgs) by extension 'colcon_meta'
[0.224s] Level 1:colcon.colcon_core.package_identification:_identify(src/my_first_package_msgs) by extensions ['ros']
[0.224s] Level 1:colcon.colcon_core.package_identification:_identify(src/my_first_package_msgs) by extension 'ros'
[0.225s] DEBUG:colcon.colcon_core.package_identification:Package 'src/my_first_package_msgs' with type 'ros.ament_cmake' and name 'my_first_package_msgs'
[0.225s] Level 1:colcon.colcon_core.package_discovery:discover_packages(recursive) using defaults
[0.225s] Level 1:colcon.colcon_core.package_discovery:discover_packages(ignore) discover
[0.225s] Level 1:colcon.colcon_core.package_discovery:discover_packages(ignore) using defaults
[0.225s] Level 1:colcon.colcon_core.package_discovery:discover_packages(path) discover
[0.225s] Level 1:colcon.colcon_core.package_discovery:discover_packages(path) using defaults
[0.246s] Level 1:colcon.colcon_core.package_discovery:discover_packages(prefix_path) check parameters
[0.247s] Level 1:colcon.colcon_core.package_discovery:discover_packages(prefix_path) discover
[0.248s] DEBUG:colcon.colcon_installed_package_information.package_discovery:Found 2 installed packages in /home/tm/dev_ws/ros_c++/install
[0.249s] DEBUG:colcon.colcon_installed_package_information.package_discovery:Found 4 installed packages in /home/tm/dev_ws/ros/install
[0.250s] DEBUG:colcon.colcon_installed_package_information.package_discovery:Found 328 installed packages in /opt/ros/jazzy
[0.252s] Level 1:colcon.colcon_core.package_discovery:discover_packages(prefix_path) using defaults
[0.301s] Level 5:colcon.colcon_core.verb:set package 'my_first_package' build argument 'cmake_args' from command line to 'None'
[0.301s] Level 5:colcon.colcon_core.verb:set package 'my_first_package' build argument 'cmake_target' from command line to 'None'
[0.301s] Level 5:colcon.colcon_core.verb:set package 'my_first_package' build argument 'cmake_target_skip_unavailable' from command line to 'False'
[0.301s] Level 5:colcon.colcon_core.verb:set package 'my_first_package' build argument 'cmake_clean_cache' from command line to 'False'
[0.301s] Level 5:colcon.colcon_core.verb:set package 'my_first_package' build argument 'cmake_clean_first' from command line to 'False'
[0.301s] Level 5:colcon.colcon_core.verb:set package 'my_first_package' build argument 'cmake_force_configure' from command line to 'False'
[0.301s] Level 5:colcon.colcon_core.verb:set package 'my_first_package' build argument 'ament_cmake_args' from command line to 'None'
[0.301s] Level 5:colcon.colcon_core.verb:set package 'my_first_package' build argument 'catkin_cmake_args' from command line to 'None'
[0.301s] Level 5:colcon.colcon_core.verb:set package 'my_first_package' build argument 'catkin_skip_building_tests' from command line to 'False'
[0.301s] DEBUG:colcon.colcon_core.verb:Building package 'my_first_package' with the following arguments: {'ament_cmake_args': None, 'build_base': '/home/tm/dev_ws/ros_c++/build/my_first_package', 'catkin_cmake_args': None, 'catkin_skip_building_tests': False, 'cmake_args': None, 'cmake_clean_cache': False, 'cmake_clean_first': False, 'cmake_force_configure': False, 'cmake_target': None, 'cmake_target_skip_unavailable': False, 'install_base': '/home/tm/dev_ws/ros_c++/install/my_first_package', 'merge_install': False, 'path': '/home/tm/dev_ws/ros_c++/src/my_first_package', 'symlink_install': False, 'test_result_base': None}
[0.302s] Level 5:colcon.colcon_core.verb:set package 'my_first_package_msgs' build argument 'cmake_args' from command line to 'None'
[0.302s] Level 5:colcon.colcon_core.verb:set package 'my_first_package_msgs' build argument 'cmake_target' from command line to 'None'
[0.302s] Level 5:colcon.colcon_core.verb:set package 'my_first_package_msgs' build argument 'cmake_target_skip_unavailable' from command line to 'False'
[0.302s] Level 5:colcon.colcon_core.verb:set package 'my_first_package_msgs' build argument 'cmake_clean_cache' from command line to 'False'
[0.302s] Level 5:colcon.colcon_core.verb:set package 'my_first_package_msgs' build argument 'cmake_clean_first' from command line to 'False'
[0.302s] Level 5:colcon.colcon_core.verb:set package 'my_first_package_msgs' build argument 'cmake_force_configure' from command line to 'False'
[0.302s] Level 5:colcon.colcon_core.verb:set package 'my_first_package_msgs' build argument 'ament_cmake_args' from command line to 'None'
[0.302s] Level 5:colcon.colcon_core.verb:set package 'my_first_package_msgs' build argument 'catkin_cmake_args' from command line to 'None'
[0.302s] Level 5:colcon.colcon_core.verb:set package 'my_first_package_msgs' build argument 'catkin_skip_building_tests' from command line to 'False'
[0.302s] DEBUG:colcon.colcon_core.verb:Building package 'my_first_package_msgs' with the following arguments: {'ament_cmake_args': None, 'build_base': '/home/tm/dev_ws/ros_c++/build/my_first_package_msgs', 'catkin_cmake_args': None, 'catkin_skip_building_tests': False, 'cmake_args': None, 'cmake_clean_cache': False, 'cmake_clean_first': False, 'cmake_force_configure': False, 'cmake_target': None, 'cmake_target_skip_unavailable': False, 'install_base': '/home/tm/dev_ws/ros_c++/install/my_first_package_msgs', 'merge_install': False, 'path': '/home/tm/dev_ws/ros_c++/src/my_first_package_msgs', 'symlink_install': False, 'test_result_base': None}
[0.302s] INFO:colcon.colcon_core.executor:Executing jobs using 'parallel' executor
[0.303s] DEBUG:colcon.colcon_parallel_executor.executor.parallel:run_until_complete
[0.303s] INFO:colcon.colcon_ros.task.ament_cmake.build:Building ROS package in '/home/tm/dev_ws/ros_c++/src/my_first_package' with build type 'ament_cmake'
[0.303s] INFO:colcon.colcon_cmake.task.cmake.build:Building CMake package in '/home/tm/dev_ws/ros_c++/src/my_first_package'
[0.305s] INFO:colcon.colcon_core.plugin_system:Skipping extension 'colcon_core.shell.bat': Not used on non-Windows systems
[0.305s] INFO:colcon.colcon_core.shell:Skip shell extension 'powershell' for command environment: Not usable outside of PowerShell
[0.305s] DEBUG:colcon.colcon_core.shell:Skip shell extension 'dsv' for command environment
[0.309s] INFO:colcon.colcon_ros.task.ament_cmake.build:Building ROS package in '/home/tm/dev_ws/ros_c++/src/my_first_package_msgs' with build type 'ament_cmake'
[0.309s] INFO:colcon.colcon_cmake.task.cmake.build:Building CMake package in '/home/tm/dev_ws/ros_c++/src/my_first_package_msgs'
[0.310s] INFO:colcon.colcon_core.shell:Skip shell extension 'powershell' for command environment: Not usable outside of PowerShell
[0.310s] DEBUG:colcon.colcon_core.shell:Skip shell extension 'dsv' for command environment
[0.318s] DEBUG:colcon.colcon_core.event_handler.log_command:Invoking command in '/home/tm/dev_ws/ros_c++/build/my_first_package': CMAKE_PREFIX_PATH=${CMAKE_PREFIX_PATH}:/home/tm/dev_ws/ros/install/my_test_package:/home/tm/dev_ws/ros/install/my_first_package:/home/tm/dev_ws/ros/install/camera_package:/opt/ros/jazzy DEBUGINFOD_URLS=https://debuginfod.ubuntu.com VIRTUAL_ENV_PROMPT=(ros) /usr/bin/cmake --build /home/tm/dev_ws/ros_c++/build/my_first_package -- -j12 -l12
[0.323s] DEBUG:colcon.colcon_core.event_handler.log_command:Invoking command in '/home/tm/dev_ws/ros_c++/build/my_first_package_msgs': CMAKE_PREFIX_PATH=${CMAKE_PREFIX_PATH}:/home/tm/dev_ws/ros/install/my_test_package:/home/tm/dev_ws/ros/install/my_first_package:/home/tm/dev_ws/ros/install/camera_package:/opt/ros/jazzy DEBUGINFOD_URLS=https://debuginfod.ubuntu.com VIRTUAL_ENV_PROMPT=(ros) /usr/bin/cmake --build /home/tm/dev_ws/ros_c++/build/my_first_package_msgs -- -j12 -l12
[0.976s] DEBUG:colcon.colcon_core.event_handler.log_command:Invoked command in '/home/tm/dev_ws/ros_c++/build/my_first_package_msgs' returned '0': CMAKE_PREFIX_PATH=${CMAKE_PREFIX_PATH}:/home/tm/dev_ws/ros/install/my_test_package:/home/tm/dev_ws/ros/install/my_first_package:/home/tm/dev_ws/ros/install/camera_package:/opt/ros/jazzy DEBUGINFOD_URLS=https://debuginfod.ubuntu.com VIRTUAL_ENV_PROMPT=(ros) /usr/bin/cmake --build /home/tm/dev_ws/ros_c++/build/my_first_package_msgs -- -j12 -l12
[0.996s] DEBUG:colcon.colcon_core.event_handler.log_command:Invoking command in '/home/tm/dev_ws/ros_c++/build/my_first_package_msgs': CMAKE_PREFIX_PATH=${CMAKE_PREFIX_PATH}:/home/tm/dev_ws/ros/install/my_test_package:/home/tm/dev_ws/ros/install/my_first_package:/home/tm/dev_ws/ros/install/camera_package:/opt/ros/jazzy DEBUGINFOD_URLS=https://debuginfod.ubuntu.com VIRTUAL_ENV_PROMPT=(ros) /usr/bin/cmake --install /home/tm/dev_ws/ros_c++/build/my_first_package_msgs
[1.079s] Level 1:colcon.colcon_core.environment:create_environment_scripts_only(my_first_package_msgs)
[1.079s] DEBUG:colcon.colcon_core.event_handler.log_command:Invoked command in '/home/tm/dev_ws/ros_c++/build/my_first_package_msgs' returned '0': CMAKE_PREFIX_PATH=${CMAKE_PREFIX_PATH}:/home/tm/dev_ws/ros/install/my_test_package:/home/tm/dev_ws/ros/install/my_first_package:/home/tm/dev_ws/ros/install/camera_package:/opt/ros/jazzy DEBUGINFOD_URLS=https://debuginfod.ubuntu.com VIRTUAL_ENV_PROMPT=(ros) /usr/bin/cmake --install /home/tm/dev_ws/ros_c++/build/my_first_package_msgs
[1.081s] Level 1:colcon.colcon_core.environment:checking '/home/tm/dev_ws/ros_c++/install/my_first_package_msgs' for CMake module files
[1.082s] Level 1:colcon.colcon_core.environment:checking '/home/tm/dev_ws/ros_c++/install/my_first_package_msgs' for CMake config files
[1.083s] Level 1:colcon.colcon_core.shell:create_environment_hook('my_first_package_msgs', 'cmake_prefix_path')
[1.083s] INFO:colcon.colcon_core.shell:Creating environment hook '/home/tm/dev_ws/ros_c++/install/my_first_package_msgs/share/my_first_package_msgs/hook/cmake_prefix_path.ps1'
[1.083s] INFO:colcon.colcon_core.shell:Creating environment descriptor '/home/tm/dev_ws/ros_c++/install/my_first_package_msgs/share/my_first_package_msgs/hook/cmake_prefix_path.dsv'
[1.084s] INFO:colcon.colcon_core.shell:Creating environment hook '/home/tm/dev_ws/ros_c++/install/my_first_package_msgs/share/my_first_package_msgs/hook/cmake_prefix_path.sh'
[1.085s] Level 1:colcon.colcon_core.environment:checking '/home/tm/dev_ws/ros_c++/install/my_first_package_msgs/lib'
[1.085s] Level 1:colcon.colcon_core.shell:create_environment_hook('my_first_package_msgs', 'ld_library_path_lib')
[1.086s] INFO:colcon.colcon_core.shell:Creating environment hook '/home/tm/dev_ws/ros_c++/install/my_first_package_msgs/share/my_first_package_msgs/hook/ld_library_path_lib.ps1'
[1.087s] INFO:colcon.colcon_core.shell:Creating environment descriptor '/home/tm/dev_ws/ros_c++/install/my_first_package_msgs/share/my_first_package_msgs/hook/ld_library_path_lib.dsv'
[1.087s] INFO:colcon.colcon_core.shell:Creating environment hook '/home/tm/dev_ws/ros_c++/install/my_first_package_msgs/share/my_first_package_msgs/hook/ld_library_path_lib.sh'
[1.088s] Level 1:colcon.colcon_core.environment:checking '/home/tm/dev_ws/ros_c++/install/my_first_package_msgs/bin'
[1.088s] Level 1:colcon.colcon_core.environment:checking '/home/tm/dev_ws/ros_c++/install/my_first_package_msgs/lib/pkgconfig/my_first_package_msgs.pc'
[1.089s] Level 1:colcon.colcon_core.environment:checking '/home/tm/dev_ws/ros_c++/install/my_first_package_msgs/lib/python3.12/site-packages'
[1.089s] Level 1:colcon.colcon_core.shell:create_environment_hook('my_first_package_msgs', 'pythonpath')
[1.089s] INFO:colcon.colcon_core.shell:Creating environment hook '/home/tm/dev_ws/ros_c++/install/my_first_package_msgs/share/my_first_package_msgs/hook/pythonpath.ps1'
[1.089s] INFO:colcon.colcon_core.shell:Creating environment descriptor '/home/tm/dev_ws/ros_c++/install/my_first_package_msgs/share/my_first_package_msgs/hook/pythonpath.dsv'
[1.090s] INFO:colcon.colcon_core.shell:Creating environment hook '/home/tm/dev_ws/ros_c++/install/my_first_package_msgs/share/my_first_package_msgs/hook/pythonpath.sh'
[1.091s] Level 1:colcon.colcon_core.environment:checking '/home/tm/dev_ws/ros_c++/install/my_first_package_msgs/bin'
[1.091s] INFO:colcon.colcon_core.shell:Creating package script '/home/tm/dev_ws/ros_c++/install/my_first_package_msgs/share/my_first_package_msgs/package.ps1'
[1.092s] INFO:colcon.colcon_core.shell:Creating package descriptor '/home/tm/dev_ws/ros_c++/install/my_first_package_msgs/share/my_first_package_msgs/package.dsv'
[1.093s] INFO:colcon.colcon_core.shell:Creating package script '/home/tm/dev_ws/ros_c++/install/my_first_package_msgs/share/my_first_package_msgs/package.sh'
[1.094s] INFO:colcon.colcon_core.shell:Creating package script '/home/tm/dev_ws/ros_c++/install/my_first_package_msgs/share/my_first_package_msgs/package.bash'
[1.095s] INFO:colcon.colcon_core.shell:Creating package script '/home/tm/dev_ws/ros_c++/install/my_first_package_msgs/share/my_first_package_msgs/package.zsh'
[1.095s] Level 1:colcon.colcon_core.environment:create_file_with_runtime_dependencies(/home/tm/dev_ws/ros_c++/install/my_first_package_msgs/share/colcon-core/packages/my_first_package_msgs)
[1.096s] Level 1:colcon.colcon_core.environment:create_environment_scripts_only(my_first_package_msgs)
[1.096s] Level 1:colcon.colcon_core.environment:checking '/home/tm/dev_ws/ros_c++/install/my_first_package_msgs' for CMake module files
[1.097s] Level 1:colcon.colcon_core.environment:checking '/home/tm/dev_ws/ros_c++/install/my_first_package_msgs' for CMake config files
[1.098s] Level 1:colcon.colcon_core.shell:create_environment_hook('my_first_package_msgs', 'cmake_prefix_path')
[1.098s] INFO:colcon.colcon_core.shell:Creating environment hook '/home/tm/dev_ws/ros_c++/install/my_first_package_msgs/share/my_first_package_msgs/hook/cmake_prefix_path.ps1'
[1.099s] INFO:colcon.colcon_core.shell:Creating environment descriptor '/home/tm/dev_ws/ros_c++/install/my_first_package_msgs/share/my_first_package_msgs/hook/cmake_prefix_path.dsv'
[1.099s] INFO:colcon.colcon_core.shell:Creating environment hook '/home/tm/dev_ws/ros_c++/install/my_first_package_msgs/share/my_first_package_msgs/hook/cmake_prefix_path.sh'
[1.100s] Level 1:colcon.colcon_core.environment:checking '/home/tm/dev_ws/ros_c++/install/my_first_package_msgs/lib'
[1.100s] Level 1:colcon.colcon_core.shell:create_environment_hook('my_first_package_msgs', 'ld_library_path_lib')
[1.100s] INFO:colcon.colcon_core.shell:Creating environment hook '/home/tm/dev_ws/ros_c++/install/my_first_package_msgs/share/my_first_package_msgs/hook/ld_library_path_lib.ps1'
[1.100s] INFO:colcon.colcon_core.shell:Creating environment descriptor '/home/tm/dev_ws/ros_c++/install/my_first_package_msgs/share/my_first_package_msgs/hook/ld_library_path_lib.dsv'
[1.100s] INFO:colcon.colcon_core.shell:Creating environment hook '/home/tm/dev_ws/ros_c++/install/my_first_package_msgs/share/my_first_package_msgs/hook/ld_library_path_lib.sh'
[1.101s] Level 1:colcon.colcon_core.environment:checking '/home/tm/dev_ws/ros_c++/install/my_first_package_msgs/bin'
[1.101s] Level 1:colcon.colcon_core.environment:checking '/home/tm/dev_ws/ros_c++/install/my_first_package_msgs/lib/pkgconfig/my_first_package_msgs.pc'
[1.101s] Level 1:colcon.colcon_core.environment:checking '/home/tm/dev_ws/ros_c++/install/my_first_package_msgs/lib/python3.12/site-packages'
[1.101s] Level 1:colcon.colcon_core.shell:create_environment_hook('my_first_package_msgs', 'pythonpath')
[1.101s] INFO:colcon.colcon_core.shell:Creating environment hook '/home/tm/dev_ws/ros_c++/install/my_first_package_msgs/share/my_first_package_msgs/hook/pythonpath.ps1'
[1.102s] INFO:colcon.colcon_core.shell:Creating environment descriptor '/home/tm/dev_ws/ros_c++/install/my_first_package_msgs/share/my_first_package_msgs/hook/pythonpath.dsv'
[1.102s] INFO:colcon.colcon_core.shell:Creating environment hook '/home/tm/dev_ws/ros_c++/install/my_first_package_msgs/share/my_first_package_msgs/hook/pythonpath.sh'
[1.102s] Level 1:colcon.colcon_core.environment:checking '/home/tm/dev_ws/ros_c++/install/my_first_package_msgs/bin'
[1.103s] INFO:colcon.colcon_core.shell:Creating package script '/home/tm/dev_ws/ros_c++/install/my_first_package_msgs/share/my_first_package_msgs/package.ps1'
[1.105s] INFO:colcon.colcon_core.shell:Creating package descriptor '/home/tm/dev_ws/ros_c++/install/my_first_package_msgs/share/my_first_package_msgs/package.dsv'
[1.106s] INFO:colcon.colcon_core.shell:Creating package script '/home/tm/dev_ws/ros_c++/install/my_first_package_msgs/share/my_first_package_msgs/package.sh'
[1.107s] INFO:colcon.colcon_core.shell:Creating package script '/home/tm/dev_ws/ros_c++/install/my_first_package_msgs/share/my_first_package_msgs/package.bash'
[1.107s] INFO:colcon.colcon_core.shell:Creating package script '/home/tm/dev_ws/ros_c++/install/my_first_package_msgs/share/my_first_package_msgs/package.zsh'
[1.107s] Level 1:colcon.colcon_core.environment:create_file_with_runtime_dependencies(/home/tm/dev_ws/ros_c++/install/my_first_package_msgs/share/colcon-core/packages/my_first_package_msgs)
[7.227s] DEBUG:colcon.colcon_core.event_handler.log_command:Invoked command in '/home/tm/dev_ws/ros_c++/build/my_first_package' returned '0': CMAKE_PREFIX_PATH=${CMAKE_PREFIX_PATH}:/home/tm/dev_ws/ros/install/my_test_package:/home/tm/dev_ws/ros/install/my_first_package:/home/tm/dev_ws/ros/install/camera_package:/opt/ros/jazzy DEBUGINFOD_URLS=https://debuginfod.ubuntu.com VIRTUAL_ENV_PROMPT=(ros) /usr/bin/cmake --build /home/tm/dev_ws/ros_c++/build/my_first_package -- -j12 -l12
[7.228s] DEBUG:colcon.colcon_core.event_handler.log_command:Invoking command in '/home/tm/dev_ws/ros_c++/build/my_first_package': CMAKE_PREFIX_PATH=${CMAKE_PREFIX_PATH}:/home/tm/dev_ws/ros/install/my_test_package:/home/tm/dev_ws/ros/install/my_first_package:/home/tm/dev_ws/ros/install/camera_package:/opt/ros/jazzy DEBUGINFOD_URLS=https://debuginfod.ubuntu.com VIRTUAL_ENV_PROMPT=(ros) /usr/bin/cmake --install /home/tm/dev_ws/ros_c++/build/my_first_package
[7.246s] Level 1:colcon.colcon_core.environment:create_environment_scripts_only(my_first_package)
[7.246s] Level 1:colcon.colcon_core.environment:checking '/home/tm/dev_ws/ros_c++/install/my_first_package' for CMake module files
[7.247s] DEBUG:colcon.colcon_core.event_handler.log_command:Invoked command in '/home/tm/dev_ws/ros_c++/build/my_first_package' returned '0': CMAKE_PREFIX_PATH=${CMAKE_PREFIX_PATH}:/home/tm/dev_ws/ros/install/my_test_package:/home/tm/dev_ws/ros/install/my_first_package:/home/tm/dev_ws/ros/install/camera_package:/opt/ros/jazzy DEBUGINFOD_URLS=https://debuginfod.ubuntu.com VIRTUAL_ENV_PROMPT=(ros) /usr/bin/cmake --install /home/tm/dev_ws/ros_c++/build/my_first_package
[7.248s] Level 1:colcon.colcon_core.environment:checking '/home/tm/dev_ws/ros_c++/install/my_first_package' for CMake config files
[7.248s] Level 1:colcon.colcon_core.shell:create_environment_hook('my_first_package', 'cmake_prefix_path')
[7.248s] INFO:colcon.colcon_core.shell:Creating environment hook '/home/tm/dev_ws/ros_c++/install/my_first_package/share/my_first_package/hook/cmake_prefix_path.ps1'
[7.249s] INFO:colcon.colcon_core.shell:Creating environment descriptor '/home/tm/dev_ws/ros_c++/install/my_first_package/share/my_first_package/hook/cmake_prefix_path.dsv'
[7.249s] INFO:colcon.colcon_core.shell:Creating environment hook '/home/tm/dev_ws/ros_c++/install/my_first_package/share/my_first_package/hook/cmake_prefix_path.sh'
[7.250s] Level 1:colcon.colcon_core.environment:checking '/home/tm/dev_ws/ros_c++/install/my_first_package/lib'
[7.250s] Level 1:colcon.colcon_core.environment:checking '/home/tm/dev_ws/ros_c++/install/my_first_package/bin'
[7.250s] Level 1:colcon.colcon_core.environment:checking '/home/tm/dev_ws/ros_c++/install/my_first_package/lib/pkgconfig/my_first_package.pc'
[7.250s] Level 1:colcon.colcon_core.environment:checking '/home/tm/dev_ws/ros_c++/install/my_first_package/lib/python3.12/site-packages'
[7.250s] Level 1:colcon.colcon_core.environment:checking '/home/tm/dev_ws/ros_c++/install/my_first_package/bin'
[7.251s] INFO:colcon.colcon_core.shell:Creating package script '/home/tm/dev_ws/ros_c++/install/my_first_package/share/my_first_package/package.ps1'
[7.251s] INFO:colcon.colcon_core.shell:Creating package descriptor '/home/tm/dev_ws/ros_c++/install/my_first_package/share/my_first_package/package.dsv'
[7.252s] INFO:colcon.colcon_core.shell:Creating package script '/home/tm/dev_ws/ros_c++/install/my_first_package/share/my_first_package/package.sh'
[7.252s] INFO:colcon.colcon_core.shell:Creating package script '/home/tm/dev_ws/ros_c++/install/my_first_package/share/my_first_package/package.bash'
[7.253s] INFO:colcon.colcon_core.shell:Creating package script '/home/tm/dev_ws/ros_c++/install/my_first_package/share/my_first_package/package.zsh'
[7.253s] Level 1:colcon.colcon_core.environment:create_file_with_runtime_dependencies(/home/tm/dev_ws/ros_c++/install/my_first_package/share/colcon-core/packages/my_first_package)
[7.254s] Level 1:colcon.colcon_core.environment:create_environment_scripts_only(my_first_package)
[7.254s] Level 1:colcon.colcon_core.environment:checking '/home/tm/dev_ws/ros_c++/install/my_first_package' for CMake module files
[7.255s] Level 1:colcon.colcon_core.environment:checking '/home/tm/dev_ws/ros_c++/install/my_first_package' for CMake config files
[7.255s] Level 1:colcon.colcon_core.shell:create_environment_hook('my_first_package', 'cmake_prefix_path')
[7.255s] INFO:colcon.colcon_core.shell:Creating environment hook '/home/tm/dev_ws/ros_c++/install/my_first_package/share/my_first_package/hook/cmake_prefix_path.ps1'
[7.256s] INFO:colcon.colcon_core.shell:Creating environment descriptor '/home/tm/dev_ws/ros_c++/install/my_first_package/share/my_first_package/hook/cmake_prefix_path.dsv'
[7.256s] INFO:colcon.colcon_core.shell:Creating environment hook '/home/tm/dev_ws/ros_c++/install/my_first_package/share/my_first_package/hook/cmake_prefix_path.sh'
[7.257s] Level 1:colcon.colcon_core.environment:checking '/home/tm/dev_ws/ros_c++/install/my_first_package/lib'
[7.257s] Level 1:colcon.colcon_core.environment:checking '/home/tm/dev_ws/ros_c++/install/my_first_package/bin'
[7.257s] Level 1:colcon.colcon_core.environment:checking '/home/tm/dev_ws/ros_c++/install/my_first_package/lib/pkgconfig/my_first_package.pc'
[7.257s] Level 1:colcon.colcon_core.environment:checking '/home/tm/dev_ws/ros_c++/install/my_first_package/lib/python3.12/site-packages'
[7.257s] Level 1:colcon.colcon_core.environment:checking '/home/tm/dev_ws/ros_c++/install/my_first_package/bin'
[7.257s] INFO:colcon.colcon_core.shell:Creating package script '/home/tm/dev_ws/ros_c++/install/my_first_package/share/my_first_package/package.ps1'
[7.258s] INFO:colcon.colcon_core.shell:Creating package descriptor '/home/tm/dev_ws/ros_c++/install/my_first_package/share/my_first_package/package.dsv'
[7.258s] INFO:colcon.colcon_core.shell:Creating package script '/home/tm/dev_ws/ros_c++/install/my_first_package/share/my_first_package/package.sh'
[7.259s] INFO:colcon.colcon_core.shell:Creating package script '/home/tm/dev_ws/ros_c++/install/my_first_package/share/my_first_package/package.bash'
[7.259s] INFO:colcon.colcon_core.shell:Creating package script '/home/tm/dev_ws/ros_c++/install/my_first_package/share/my_first_package/package.zsh'
[7.259s] Level 1:colcon.colcon_core.environment:create_file_with_runtime_dependencies(/home/tm/dev_ws/ros_c++/install/my_first_package/share/colcon-core/packages/my_first_package)
[7.260s] DEBUG:colcon.colcon_parallel_executor.executor.parallel:closing loop
[7.260s] DEBUG:colcon.colcon_parallel_executor.executor.parallel:loop closed
[7.260s] DEBUG:colcon.colcon_parallel_executor.executor.parallel:run_until_complete finished with '0'
[7.260s] DEBUG:colcon.colcon_core.event_reactor:joining thread
[7.268s] INFO:colcon.colcon_core.plugin_system:Skipping extension 'colcon_notification.desktop_notification.terminal_notifier': Not used on non-Darwin systems
[7.268s] INFO:colcon.colcon_core.plugin_system:Skipping extension 'colcon_notification.desktop_notification.win32': Not used on non-Windows systems
[7.268s] INFO:colcon.colcon_notification.desktop_notification:Sending desktop notification using 'notify2'
[7.291s] DEBUG:colcon.colcon_core.event_reactor:joined thread
[7.292s] INFO:colcon.colcon_core.shell:Creating prefix script '/home/tm/dev_ws/ros_c++/install/local_setup.ps1'
[7.293s] INFO:colcon.colcon_core.shell:Creating prefix util module '/home/tm/dev_ws/ros_c++/install/_local_setup_util_ps1.py'
[7.295s] INFO:colcon.colcon_core.shell:Creating prefix chain script '/home/tm/dev_ws/ros_c++/install/setup.ps1'
[7.296s] INFO:colcon.colcon_core.shell:Creating prefix script '/home/tm/dev_ws/ros_c++/install/local_setup.sh'
[7.297s] INFO:colcon.colcon_core.shell:Creating prefix util module '/home/tm/dev_ws/ros_c++/install/_local_setup_util_sh.py'
[7.298s] INFO:colcon.colcon_core.shell:Creating prefix chain script '/home/tm/dev_ws/ros_c++/install/setup.sh'
[7.300s] INFO:colcon.colcon_core.shell:Creating prefix script '/home/tm/dev_ws/ros_c++/install/local_setup.bash'
[7.300s] INFO:colcon.colcon_core.shell:Creating prefix chain script '/home/tm/dev_ws/ros_c++/install/setup.bash'
[7.301s] INFO:colcon.colcon_core.shell:Creating prefix script '/home/tm/dev_ws/ros_c++/install/local_setup.zsh'
[7.302s] INFO:colcon.colcon_core.shell:Creating prefix chain script '/home/tm/dev_ws/ros_c++/install/setup.zsh'
