[0.010s] Invoking command in '/home/tm/dev_ws/ros_c++/build/my_first_package_msgs': CMAKE_PREFIX_PATH=${CMAKE_PREFIX_PATH}:/home/tm/dev_ws/ros/install/my_test_package:/home/tm/dev_ws/ros/install/my_first_package:/home/tm/dev_ws/ros/install/camera_package:/opt/ros/jazzy DEBUGINFOD_URLS=https://debuginfod.ubuntu.com VIRTUAL_ENV_PROMPT=(ros) /usr/bin/cmake --build /home/tm/dev_ws/ros_c++/build/my_first_package_msgs -- -j12 -l12
[0.039s] -- Found ament_cmake: 2.5.3 (/opt/ros/jazzy/share/ament_cmake/cmake)
[0.063s] -- Found Python3: /home/tm/venv/ros/bin/python3 (found version "3.12.3") found components: Interpreter 
[0.144s] -- Found rosidl_default_generators: 1.6.0 (/opt/ros/jazzy/share/rosidl_default_generators/cmake)
[0.151s] -- Using all available rosidl_typesupport_c: rosidl_typesupport_fastrtps_c;rosidl_typesupport_introspection_c
[0.185s] -- Using all available rosidl_typesupport_cpp: rosidl_typesupport_fastrtps_cpp;rosidl_typesupport_introspection_cpp
[0.216s] -- Found rosidl_adapter: 4.6.5 (/opt/ros/jazzy/share/rosidl_adapter/cmake)
[0.300s] [31mCMake Error at /opt/ros/jazzy/share/rosidl_adapter/cmake/rosidl_adapt_interfaces.cmake:57 (message):
[0.300s]   execute_process(/home/tm/venv/ros/bin/python3 -m rosidl_adapter
[0.300s]   --package-name my_first_package_msgs --arguments-file
[0.300s]   /home/tm/dev_ws/ros_c++/build/my_first_package_msgs/rosidl_adapter__arguments__my_first_package_msgs.json
[0.301s]   --output-dir
[0.301s]   /home/tm/dev_ws/ros_c++/build/my_first_package_msgs/rosidl_adapter/my_first_package_msgs
[0.301s]   --output-file
[0.301s]   /home/tm/dev_ws/ros_c++/build/my_first_package_msgs/rosidl_adapter/my_first_package_msgs.idls)
[0.301s]   returned error code 1:
[0.301s] 
[0.301s]   Traceback (most recent call last):
[0.301s] 
[0.301s]     File "<frozen runpy>", line 198, in _run_module_as_main
[0.301s]     File "<frozen runpy>", line 88, in _run_code
[0.301s]     File "/opt/ros/jazzy/lib/python3.12/site-packages/rosidl_adapter/__main__.py", line 19, in <module>
[0.301s]       sys.exit(main())
[0.301s]                ^^^^^^
[0.301s]     File "/opt/ros/jazzy/lib/python3.12/site-packages/rosidl_adapter/main.py", line 53, in main
[0.301s]       abs_idl_file = convert_to_idl(
[0.302s]                      ^^^^^^^^^^^^^^^
[0.302s]     File "/opt/ros/jazzy/lib/python3.12/site-packages/rosidl_adapter/__init__.py", line 29, in convert_to_idl
[0.302s]       return convert_action_to_idl(
[0.302s]              ^^^^^^^^^^^^^^^^^^^^^^
[0.302s]     File "/opt/ros/jazzy/lib/python3.12/site-packages/rosidl_adapter/action/__init__.py", line 28, in convert_action_to_idl
[0.302s]       action = parse_action_string(package_name, input_file.stem, content)
[0.302s]                ^^^^^^^^^^^^^^^^^^^^^^^^^^^^^^^^^^^^^^^^^^^^^^^^^^^^^^^^^^^
[0.302s]     File "/opt/ros/jazzy/lib/python3.12/site-packages/rosidl_adapter/parser.py", line 895, in parse_action_string
[0.302s]       raise InvalidActionSpecification(
[0.302s] 
[0.302s]   rosidl_adapter.parser.InvalidActionSpecification: Number of '---'
[0.302s]   separators nonconformant with action definition
[0.302s] 
[0.302s] Call Stack (most recent call first):
[0.302s]   /opt/ros/jazzy/share/rosidl_cmake/cmake/rosidl_generate_interfaces.cmake:132 (rosidl_adapt_interfaces)
[0.302s]   CMakeLists.txt:15 (rosidl_generate_interfaces)
[0.303s] 
[0.303s] [0m
[0.303s] -- Configuring incomplete, errors occurred!
[0.306s] gmake: *** [Makefile:1085: cmake_check_build_system] Error 1
[0.307s] Invoked command in '/home/tm/dev_ws/ros_c++/build/my_first_package_msgs' returned '2': CMAKE_PREFIX_PATH=${CMAKE_PREFIX_PATH}:/home/tm/dev_ws/ros/install/my_test_package:/home/tm/dev_ws/ros/install/my_first_package:/home/tm/dev_ws/ros/install/camera_package:/opt/ros/jazzy DEBUGINFOD_URLS=https://debuginfod.ubuntu.com VIRTUAL_ENV_PROMPT=(ros) /usr/bin/cmake --build /home/tm/dev_ws/ros_c++/build/my_first_package_msgs -- -j12 -l12
