[0.015s] Invoking command in '/home/tm/dev_ws/ros_c++/build/my_first_package': CMAKE_PREFIX_PATH=${CMAKE_PREFIX_PATH}:/opt/ros/jazzy DEBUGINFOD_URLS=https://debuginfod.ubuntu.com VIRTUAL_ENV_PROMPT=(ros) /usr/bin/cmake --build /home/tm/dev_ws/ros_c++/build/my_first_package -- -j12 -l12
[0.097s] [ 42%] Built target talker
[0.097s] [ 42%] Built target client
[0.097s] [ 42%] Built target listener
[0.097s] [ 57%] Built target publisher
[0.101s] [ 78%] Built target server
[0.101s] [ 85%] Built target subscriber
[0.107s] [ 92%] [32mBuilding CXX object CMakeFiles/sub_pose.dir/src/turtle_cmd_and_pose.cpp.o[0m
[2.964s] [01m[K/home/tm/dev_ws/ros_c++/src/my_first_package/src/turtle_cmd_and_pose.cpp:[m[K In constructor ‘[01m[KCmdAndPose::[01;32m[KCmdAndPose[m[K()[m[K’:
[2.964s] [01m[K/home/tm/dev_ws/ros_c++/src/my_first_package/src/turtle_cmd_and_pose.cpp:23:44:[m[K [01;31m[Kerror: [m[Kno matching function for call to ‘[01m[KCmdAndPose::create_wall_timer(double&, std::_Bind_helper<false, void (CmdAndPose::*)(), CmdAndPose*>::type)[m[K’
[2.964s]    23 |             timer = [01;31m[Kthis->create_wall_timer(timer_period, std::bind(&CmdAndPose::timer_callback, this))[m[K;
[2.964s]       |                     [01;31m[K~~~~~~~~~~~~~~~~~~~~~~~^~~~~~~~~~~~~~~~~~~~~~~~~~~~~~~~~~~~~~~~~~~~~~~~~~~~~~~~~~~~[m[K
[2.964s] In file included from [01m[K/opt/ros/jazzy/include/rclcpp/rclcpp/executors/single_threaded_executor.hpp:28[m[K,
[2.964s]                  from [01m[K/opt/ros/jazzy/include/rclcpp/rclcpp/executors.hpp:22[m[K,
[2.964s]                  from [01m[K/opt/ros/jazzy/include/rclcpp/rclcpp/rclcpp.hpp:172[m[K,
[2.964s]                  from [01m[K/home/tm/dev_ws/ros_c++/src/my_first_package/src/turtle_cmd_and_pose.cpp:1[m[K:
[2.964s] [01m[K/opt/ros/jazzy/include/rclcpp/rclcpp/node.hpp:241:3:[m[K [01;36m[Knote: [m[Kcandidate: ‘[01m[Ktemplate<class DurationRepT, class DurationT, class CallbackT> typename rclcpp::WallTimer<CallbackT>::SharedPtr rclcpp::Node::[01;32m[Kcreate_wall_timer[m[K(std::chrono::duration<_Rep1, _Period1>, CallbackT, rclcpp::CallbackGroup::SharedPtr, bool)[m[K’
[2.964s]   241 |   [01;36m[Kcreate_wall_timer[m[K(
[2.964s]       |   [01;36m[K^~~~~~~~~~~~~~~~~[m[K
[2.965s] [01m[K/opt/ros/jazzy/include/rclcpp/rclcpp/node.hpp:241:3:[m[K [01;36m[Knote: [m[K  template argument deduction/substitution failed:
[2.965s] [01m[K/home/tm/dev_ws/ros_c++/src/my_first_package/src/turtle_cmd_and_pose.cpp:23:44:[m[K [01;36m[Knote: [m[K  mismatched types ‘[01m[Kstd::chrono::duration<_Rep1, _Period1>[m[K’ and ‘[01m[Kdouble[m[K’
[2.965s]    23 |             timer = [01;36m[Kthis->create_wall_timer(timer_period, std::bind(&CmdAndPose::timer_callback, this))[m[K;
[2.965s]       |                     [01;36m[K~~~~~~~~~~~~~~~~~~~~~~~^~~~~~~~~~~~~~~~~~~~~~~~~~~~~~~~~~~~~~~~~~~~~~~~~~~~~~~~~~~~[m[K
[5.977s] gmake[2]: *** [CMakeFiles/sub_pose.dir/build.make:76: CMakeFiles/sub_pose.dir/src/turtle_cmd_and_pose.cpp.o] Error 1
[5.977s] gmake[1]: *** [CMakeFiles/Makefile2:305: CMakeFiles/sub_pose.dir/all] Error 2
[5.977s] gmake: *** [Makefile:146: all] Error 2
[5.979s] Invoked command in '/home/tm/dev_ws/ros_c++/build/my_first_package' returned '2': CMAKE_PREFIX_PATH=${CMAKE_PREFIX_PATH}:/opt/ros/jazzy DEBUGINFOD_URLS=https://debuginfod.ubuntu.com VIRTUAL_ENV_PROMPT=(ros) /usr/bin/cmake --build /home/tm/dev_ws/ros_c++/build/my_first_package -- -j12 -l12
