[0.018s] Invoking command in '/home/tm/dev_ws/ros_c++/build/my_first_package_msgs': CMAKE_PREFIX_PATH=${CMAKE_PREFIX_PATH}:/opt/ros/jazzy DEBUGINFOD_URLS=https://debuginfod.ubuntu.com VIRTUAL_ENV_PROMPT=(ros) /usr/bin/cmake --build /home/tm/dev_ws/ros_c++/build/my_first_package_msgs -- -j12 -l12
[0.105s] [  2%] Built target my_first_package_msgs__rosidl_generator_type_description
[0.128s] [  2%] Built target ament_cmake_python_copy_my_first_package_msgs
[0.144s] [  5%] Built target my_first_package_msgs__cpp
[0.149s] [ 20%] Built target my_first_package_msgs__rosidl_generator_c
[0.187s] [ 29%] Built target my_first_package_msgs__rosidl_typesupport_c
[0.187s] [ 47%] Built target my_first_package_msgs__rosidl_typesupport_fastrtps_c
[0.188s] [ 50%] Built target my_first_package_msgs__rosidl_typesupport_fastrtps_cpp
[0.188s] [ 64%] Built target my_first_package_msgs__rosidl_typesupport_introspection_cpp
[0.188s] [ 64%] Built target my_first_package_msgs__rosidl_typesupport_cpp
[0.191s] [ 73%] Built target my_first_package_msgs__rosidl_typesupport_introspection_c
[0.231s] [ 73%] Built target my_first_package_msgs
[0.262s] [ 76%] Built target my_first_package_msgs__py
[0.291s] [ 82%] Built target my_first_package_msgs__rosidl_generator_py
[0.325s] [100%] Built target my_first_package_msgs_s__rosidl_typesupport_fastrtps_c
[0.325s] [100%] Built target my_first_package_msgs_s__rosidl_typesupport_introspection_c
[0.326s] [100%] Built target my_first_package_msgs_s__rosidl_typesupport_c
[0.488s] running egg_info
[0.515s] writing my_first_package_msgs.egg-info/PKG-INFO
[0.515s] writing dependency_links to my_first_package_msgs.egg-info/dependency_links.txt
[0.515s] writing top-level names to my_first_package_msgs.egg-info/top_level.txt
[0.587s] reading manifest file 'my_first_package_msgs.egg-info/SOURCES.txt'
[0.587s] writing manifest file 'my_first_package_msgs.egg-info/SOURCES.txt'
[0.687s] [100%] Built target ament_cmake_python_build_my_first_package_msgs_egg
[0.701s] Invoked command in '/home/tm/dev_ws/ros_c++/build/my_first_package_msgs' returned '0': CMAKE_PREFIX_PATH=${CMAKE_PREFIX_PATH}:/opt/ros/jazzy DEBUGINFOD_URLS=https://debuginfod.ubuntu.com VIRTUAL_ENV_PROMPT=(ros) /usr/bin/cmake --build /home/tm/dev_ws/ros_c++/build/my_first_package_msgs -- -j12 -l12
[0.715s] Invoking command in '/home/tm/dev_ws/ros_c++/build/my_first_package_msgs': CMAKE_PREFIX_PATH=${CMAKE_PREFIX_PATH}:/opt/ros/jazzy DEBUGINFOD_URLS=https://debuginfod.ubuntu.com VIRTUAL_ENV_PROMPT=(ros) /usr/bin/cmake --install /home/tm/dev_ws/ros_c++/build/my_first_package_msgs
[0.724s] -- Install configuration: ""
[0.724s] -- Up-to-date: /home/tm/dev_ws/ros_c++/install/my_first_package_msgs/share/ament_index/resource_index/rosidl_interfaces/my_first_package_msgs
[0.724s] -- Up-to-date: /home/tm/dev_ws/ros_c++/install/my_first_package_msgs/share/my_first_package_msgs/msg/CmdAndPoseVel.json
[0.724s] -- Up-to-date: /home/tm/dev_ws/ros_c++/install/my_first_package_msgs/include/my_first_package_msgs/my_first_package_msgs
[0.724s] -- Up-to-date: /home/tm/dev_ws/ros_c++/install/my_first_package_msgs/include/my_first_package_msgs/my_first_package_msgs/msg
[0.724s] -- Up-to-date: /home/tm/dev_ws/ros_c++/install/my_first_package_msgs/include/my_first_package_msgs/my_first_package_msgs/msg/detail
[0.724s] -- Up-to-date: /home/tm/dev_ws/ros_c++/install/my_first_package_msgs/include/my_first_package_msgs/my_first_package_msgs/msg/detail/cmd_and_pose_vel__type_support.c
[0.725s] -- Up-to-date: /home/tm/dev_ws/ros_c++/install/my_first_package_msgs/include/my_first_package_msgs/my_first_package_msgs/msg/detail/cmd_and_pose_vel__type_support.h
[0.725s] -- Up-to-date: /home/tm/dev_ws/ros_c++/install/my_first_package_msgs/include/my_first_package_msgs/my_first_package_msgs/msg/detail/cmd_and_pose_vel__functions.h
[0.725s] -- Up-to-date: /home/tm/dev_ws/ros_c++/install/my_first_package_msgs/include/my_first_package_msgs/my_first_package_msgs/msg/detail/cmd_and_pose_vel__description.c
[0.725s] -- Up-to-date: /home/tm/dev_ws/ros_c++/install/my_first_package_msgs/include/my_first_package_msgs/my_first_package_msgs/msg/detail/cmd_and_pose_vel__struct.h
[0.725s] -- Up-to-date: /home/tm/dev_ws/ros_c++/install/my_first_package_msgs/include/my_first_package_msgs/my_first_package_msgs/msg/detail/cmd_and_pose_vel__functions.c
[0.725s] -- Up-to-date: /home/tm/dev_ws/ros_c++/install/my_first_package_msgs/include/my_first_package_msgs/my_first_package_msgs/msg/cmd_and_pose_vel.h
[0.725s] -- Up-to-date: /home/tm/dev_ws/ros_c++/install/my_first_package_msgs/include/my_first_package_msgs/my_first_package_msgs/msg/rosidl_generator_c__visibility_control.h
[0.726s] -- Up-to-date: /home/tm/dev_ws/ros_c++/install/my_first_package_msgs/share/my_first_package_msgs/environment/library_path.sh
[0.726s] -- Up-to-date: /home/tm/dev_ws/ros_c++/install/my_first_package_msgs/share/my_first_package_msgs/environment/library_path.dsv
[0.726s] -- Up-to-date: /home/tm/dev_ws/ros_c++/install/my_first_package_msgs/lib/libmy_first_package_msgs__rosidl_generator_c.so
[0.726s] -- Up-to-date: /home/tm/dev_ws/ros_c++/install/my_first_package_msgs/include/my_first_package_msgs/my_first_package_msgs
[0.726s] -- Up-to-date: /home/tm/dev_ws/ros_c++/install/my_first_package_msgs/include/my_first_package_msgs/my_first_package_msgs/msg
[0.726s] -- Up-to-date: /home/tm/dev_ws/ros_c++/install/my_first_package_msgs/include/my_first_package_msgs/my_first_package_msgs/msg/rosidl_typesupport_fastrtps_c__visibility_control.h
[0.726s] -- Up-to-date: /home/tm/dev_ws/ros_c++/install/my_first_package_msgs/include/my_first_package_msgs/my_first_package_msgs/msg/detail
[0.726s] -- Up-to-date: /home/tm/dev_ws/ros_c++/install/my_first_package_msgs/include/my_first_package_msgs/my_first_package_msgs/msg/detail/cmd_and_pose_vel__rosidl_typesupport_fastrtps_c.h
[0.727s] -- Up-to-date: /home/tm/dev_ws/ros_c++/install/my_first_package_msgs/lib/libmy_first_package_msgs__rosidl_typesupport_fastrtps_c.so
[0.727s] -- Up-to-date: /home/tm/dev_ws/ros_c++/install/my_first_package_msgs/include/my_first_package_msgs/my_first_package_msgs
[0.727s] -- Up-to-date: /home/tm/dev_ws/ros_c++/install/my_first_package_msgs/include/my_first_package_msgs/my_first_package_msgs/msg
[0.727s] -- Up-to-date: /home/tm/dev_ws/ros_c++/install/my_first_package_msgs/include/my_first_package_msgs/my_first_package_msgs/msg/detail
[0.727s] -- Up-to-date: /home/tm/dev_ws/ros_c++/install/my_first_package_msgs/include/my_first_package_msgs/my_first_package_msgs/msg/detail/cmd_and_pose_vel__type_support.c
[0.727s] -- Up-to-date: /home/tm/dev_ws/ros_c++/install/my_first_package_msgs/include/my_first_package_msgs/my_first_package_msgs/msg/detail/cmd_and_pose_vel__rosidl_typesupport_introspection_c.h
[0.727s] -- Up-to-date: /home/tm/dev_ws/ros_c++/install/my_first_package_msgs/include/my_first_package_msgs/my_first_package_msgs/msg/rosidl_typesupport_introspection_c__visibility_control.h
[0.727s] -- Up-to-date: /home/tm/dev_ws/ros_c++/install/my_first_package_msgs/lib/libmy_first_package_msgs__rosidl_typesupport_introspection_c.so
[0.727s] -- Up-to-date: /home/tm/dev_ws/ros_c++/install/my_first_package_msgs/lib/libmy_first_package_msgs__rosidl_typesupport_c.so
[0.727s] -- Up-to-date: /home/tm/dev_ws/ros_c++/install/my_first_package_msgs/include/my_first_package_msgs/my_first_package_msgs
[0.727s] -- Up-to-date: /home/tm/dev_ws/ros_c++/install/my_first_package_msgs/include/my_first_package_msgs/my_first_package_msgs/msg
[0.727s] -- Up-to-date: /home/tm/dev_ws/ros_c++/install/my_first_package_msgs/include/my_first_package_msgs/my_first_package_msgs/msg/detail
[0.728s] -- Up-to-date: /home/tm/dev_ws/ros_c++/install/my_first_package_msgs/include/my_first_package_msgs/my_first_package_msgs/msg/detail/cmd_and_pose_vel__type_support.hpp
[0.728s] -- Up-to-date: /home/tm/dev_ws/ros_c++/install/my_first_package_msgs/include/my_first_package_msgs/my_first_package_msgs/msg/detail/cmd_and_pose_vel__traits.hpp
[0.728s] -- Up-to-date: /home/tm/dev_ws/ros_c++/install/my_first_package_msgs/include/my_first_package_msgs/my_first_package_msgs/msg/detail/cmd_and_pose_vel__builder.hpp
[0.728s] -- Up-to-date: /home/tm/dev_ws/ros_c++/install/my_first_package_msgs/include/my_first_package_msgs/my_first_package_msgs/msg/detail/cmd_and_pose_vel__struct.hpp
[0.728s] -- Up-to-date: /home/tm/dev_ws/ros_c++/install/my_first_package_msgs/include/my_first_package_msgs/my_first_package_msgs/msg/cmd_and_pose_vel.hpp
[0.729s] -- Up-to-date: /home/tm/dev_ws/ros_c++/install/my_first_package_msgs/include/my_first_package_msgs/my_first_package_msgs/msg/rosidl_generator_cpp__visibility_control.hpp
[0.729s] -- Up-to-date: /home/tm/dev_ws/ros_c++/install/my_first_package_msgs/include/my_first_package_msgs/my_first_package_msgs
[0.729s] -- Up-to-date: /home/tm/dev_ws/ros_c++/install/my_first_package_msgs/include/my_first_package_msgs/my_first_package_msgs/msg
[0.729s] -- Up-to-date: /home/tm/dev_ws/ros_c++/install/my_first_package_msgs/include/my_first_package_msgs/my_first_package_msgs/msg/detail
[0.729s] -- Up-to-date: /home/tm/dev_ws/ros_c++/install/my_first_package_msgs/include/my_first_package_msgs/my_first_package_msgs/msg/detail/dds_fastrtps
[0.729s] -- Up-to-date: /home/tm/dev_ws/ros_c++/install/my_first_package_msgs/include/my_first_package_msgs/my_first_package_msgs/msg/detail/cmd_and_pose_vel__rosidl_typesupport_fastrtps_cpp.hpp
[0.730s] -- Up-to-date: /home/tm/dev_ws/ros_c++/install/my_first_package_msgs/include/my_first_package_msgs/my_first_package_msgs/msg/rosidl_typesupport_fastrtps_cpp__visibility_control.h
[0.730s] -- Up-to-date: /home/tm/dev_ws/ros_c++/install/my_first_package_msgs/lib/libmy_first_package_msgs__rosidl_typesupport_fastrtps_cpp.so
[0.730s] -- Up-to-date: /home/tm/dev_ws/ros_c++/install/my_first_package_msgs/include/my_first_package_msgs/my_first_package_msgs
[0.730s] -- Up-to-date: /home/tm/dev_ws/ros_c++/install/my_first_package_msgs/include/my_first_package_msgs/my_first_package_msgs/msg
[0.730s] -- Up-to-date: /home/tm/dev_ws/ros_c++/install/my_first_package_msgs/include/my_first_package_msgs/my_first_package_msgs/msg/detail
[0.730s] -- Up-to-date: /home/tm/dev_ws/ros_c++/install/my_first_package_msgs/include/my_first_package_msgs/my_first_package_msgs/msg/detail/cmd_and_pose_vel__rosidl_typesupport_introspection_cpp.hpp
[0.730s] -- Up-to-date: /home/tm/dev_ws/ros_c++/install/my_first_package_msgs/include/my_first_package_msgs/my_first_package_msgs/msg/detail/cmd_and_pose_vel__type_support.cpp
[0.730s] -- Up-to-date: /home/tm/dev_ws/ros_c++/install/my_first_package_msgs/lib/libmy_first_package_msgs__rosidl_typesupport_introspection_cpp.so
[0.730s] -- Up-to-date: /home/tm/dev_ws/ros_c++/install/my_first_package_msgs/lib/libmy_first_package_msgs__rosidl_typesupport_cpp.so
[0.730s] -- Up-to-date: /home/tm/dev_ws/ros_c++/install/my_first_package_msgs/share/my_first_package_msgs/environment/pythonpath.sh
[0.730s] -- Up-to-date: /home/tm/dev_ws/ros_c++/install/my_first_package_msgs/share/my_first_package_msgs/environment/pythonpath.dsv
[0.731s] -- Up-to-date: /home/tm/dev_ws/ros_c++/install/my_first_package_msgs/lib/python3.12/site-packages/my_first_package_msgs-0.0.0-py3.12.egg-info
[0.731s] -- Installing: /home/tm/dev_ws/ros_c++/install/my_first_package_msgs/lib/python3.12/site-packages/my_first_package_msgs-0.0.0-py3.12.egg-info/PKG-INFO
[0.731s] -- Installing: /home/tm/dev_ws/ros_c++/install/my_first_package_msgs/lib/python3.12/site-packages/my_first_package_msgs-0.0.0-py3.12.egg-info/top_level.txt
[0.731s] -- Installing: /home/tm/dev_ws/ros_c++/install/my_first_package_msgs/lib/python3.12/site-packages/my_first_package_msgs-0.0.0-py3.12.egg-info/SOURCES.txt
[0.731s] -- Installing: /home/tm/dev_ws/ros_c++/install/my_first_package_msgs/lib/python3.12/site-packages/my_first_package_msgs-0.0.0-py3.12.egg-info/dependency_links.txt
[0.731s] -- Up-to-date: /home/tm/dev_ws/ros_c++/install/my_first_package_msgs/lib/python3.12/site-packages/my_first_package_msgs
[0.731s] -- Up-to-date: /home/tm/dev_ws/ros_c++/install/my_first_package_msgs/lib/python3.12/site-packages/my_first_package_msgs/my_first_package_msgs_s__rosidl_typesupport_fastrtps_c.so
[0.731s] -- Up-to-date: /home/tm/dev_ws/ros_c++/install/my_first_package_msgs/lib/python3.12/site-packages/my_first_package_msgs/_my_first_package_msgs_s.ep.rosidl_typesupport_introspection_c.c
[0.731s] -- Up-to-date: /home/tm/dev_ws/ros_c++/install/my_first_package_msgs/lib/python3.12/site-packages/my_first_package_msgs/_my_first_package_msgs_s.ep.rosidl_typesupport_c.c
[0.731s] -- Up-to-date: /home/tm/dev_ws/ros_c++/install/my_first_package_msgs/lib/python3.12/site-packages/my_first_package_msgs/my_first_package_msgs_s__rosidl_typesupport_introspection_c.so
[0.731s] -- Up-to-date: /home/tm/dev_ws/ros_c++/install/my_first_package_msgs/lib/python3.12/site-packages/my_first_package_msgs/_my_first_package_msgs_s.ep.rosidl_typesupport_fastrtps_c.c
[0.731s] -- Up-to-date: /home/tm/dev_ws/ros_c++/install/my_first_package_msgs/lib/python3.12/site-packages/my_first_package_msgs/msg
[0.731s] -- Up-to-date: /home/tm/dev_ws/ros_c++/install/my_first_package_msgs/lib/python3.12/site-packages/my_first_package_msgs/msg/_cmd_and_pose_vel_s.c
[0.731s] -- Up-to-date: /home/tm/dev_ws/ros_c++/install/my_first_package_msgs/lib/python3.12/site-packages/my_first_package_msgs/msg/_cmd_and_pose_vel.py
[0.731s] -- Up-to-date: /home/tm/dev_ws/ros_c++/install/my_first_package_msgs/lib/python3.12/site-packages/my_first_package_msgs/msg/__init__.py
[0.731s] -- Up-to-date: /home/tm/dev_ws/ros_c++/install/my_first_package_msgs/lib/python3.12/site-packages/my_first_package_msgs/__init__.py
[0.732s] -- Up-to-date: /home/tm/dev_ws/ros_c++/install/my_first_package_msgs/lib/python3.12/site-packages/my_first_package_msgs/my_first_package_msgs_s__rosidl_typesupport_c.so
[0.776s] Listing '/home/tm/dev_ws/ros_c++/install/my_first_package_msgs/lib/python3.12/site-packages/my_first_package_msgs'...
[0.776s] Listing '/home/tm/dev_ws/ros_c++/install/my_first_package_msgs/lib/python3.12/site-packages/my_first_package_msgs/msg'...
[0.788s] -- Up-to-date: /home/tm/dev_ws/ros_c++/install/my_first_package_msgs/lib/python3.12/site-packages/my_first_package_msgs/my_first_package_msgs_s__rosidl_typesupport_fastrtps_c.so
[0.788s] -- Up-to-date: /home/tm/dev_ws/ros_c++/install/my_first_package_msgs/lib/python3.12/site-packages/my_first_package_msgs/my_first_package_msgs_s__rosidl_typesupport_introspection_c.so
[0.788s] -- Up-to-date: /home/tm/dev_ws/ros_c++/install/my_first_package_msgs/lib/python3.12/site-packages/my_first_package_msgs/my_first_package_msgs_s__rosidl_typesupport_c.so
[0.788s] -- Up-to-date: /home/tm/dev_ws/ros_c++/install/my_first_package_msgs/lib/libmy_first_package_msgs__rosidl_generator_py.so
[0.788s] -- Up-to-date: /home/tm/dev_ws/ros_c++/install/my_first_package_msgs/share/my_first_package_msgs/msg/CmdAndPoseVel.idl
[0.788s] -- Up-to-date: /home/tm/dev_ws/ros_c++/install/my_first_package_msgs/share/my_first_package_msgs/msg/CmdAndPoseVel.msg
[0.788s] -- Up-to-date: /home/tm/dev_ws/ros_c++/install/my_first_package_msgs/share/ament_index/resource_index/package_run_dependencies/my_first_package_msgs
[0.789s] -- Up-to-date: /home/tm/dev_ws/ros_c++/install/my_first_package_msgs/share/ament_index/resource_index/parent_prefix_path/my_first_package_msgs
[0.789s] -- Up-to-date: /home/tm/dev_ws/ros_c++/install/my_first_package_msgs/share/my_first_package_msgs/environment/ament_prefix_path.sh
[0.789s] -- Up-to-date: /home/tm/dev_ws/ros_c++/install/my_first_package_msgs/share/my_first_package_msgs/environment/ament_prefix_path.dsv
[0.789s] -- Up-to-date: /home/tm/dev_ws/ros_c++/install/my_first_package_msgs/share/my_first_package_msgs/environment/path.sh
[0.789s] -- Up-to-date: /home/tm/dev_ws/ros_c++/install/my_first_package_msgs/share/my_first_package_msgs/environment/path.dsv
[0.789s] -- Up-to-date: /home/tm/dev_ws/ros_c++/install/my_first_package_msgs/share/my_first_package_msgs/local_setup.bash
[0.789s] -- Up-to-date: /home/tm/dev_ws/ros_c++/install/my_first_package_msgs/share/my_first_package_msgs/local_setup.sh
[0.789s] -- Up-to-date: /home/tm/dev_ws/ros_c++/install/my_first_package_msgs/share/my_first_package_msgs/local_setup.zsh
[0.789s] -- Up-to-date: /home/tm/dev_ws/ros_c++/install/my_first_package_msgs/share/my_first_package_msgs/local_setup.dsv
[0.789s] -- Installing: /home/tm/dev_ws/ros_c++/install/my_first_package_msgs/share/my_first_package_msgs/package.dsv
[0.789s] -- Up-to-date: /home/tm/dev_ws/ros_c++/install/my_first_package_msgs/share/ament_index/resource_index/packages/my_first_package_msgs
[0.790s] -- Up-to-date: /home/tm/dev_ws/ros_c++/install/my_first_package_msgs/share/my_first_package_msgs/cmake/export_my_first_package_msgs__rosidl_generator_cExport.cmake
[0.790s] -- Up-to-date: /home/tm/dev_ws/ros_c++/install/my_first_package_msgs/share/my_first_package_msgs/cmake/export_my_first_package_msgs__rosidl_generator_cExport-noconfig.cmake
[0.790s] -- Up-to-date: /home/tm/dev_ws/ros_c++/install/my_first_package_msgs/share/my_first_package_msgs/cmake/export_my_first_package_msgs__rosidl_typesupport_fastrtps_cExport.cmake
[0.790s] -- Up-to-date: /home/tm/dev_ws/ros_c++/install/my_first_package_msgs/share/my_first_package_msgs/cmake/export_my_first_package_msgs__rosidl_typesupport_fastrtps_cExport-noconfig.cmake
[0.790s] -- Up-to-date: /home/tm/dev_ws/ros_c++/install/my_first_package_msgs/share/my_first_package_msgs/cmake/my_first_package_msgs__rosidl_typesupport_introspection_cExport.cmake
[0.790s] -- Up-to-date: /home/tm/dev_ws/ros_c++/install/my_first_package_msgs/share/my_first_package_msgs/cmake/my_first_package_msgs__rosidl_typesupport_introspection_cExport-noconfig.cmake
[0.790s] -- Up-to-date: /home/tm/dev_ws/ros_c++/install/my_first_package_msgs/share/my_first_package_msgs/cmake/my_first_package_msgs__rosidl_typesupport_cExport.cmake
[0.790s] -- Up-to-date: /home/tm/dev_ws/ros_c++/install/my_first_package_msgs/share/my_first_package_msgs/cmake/my_first_package_msgs__rosidl_typesupport_cExport-noconfig.cmake
[0.790s] -- Up-to-date: /home/tm/dev_ws/ros_c++/install/my_first_package_msgs/share/my_first_package_msgs/cmake/export_my_first_package_msgs__rosidl_generator_cppExport.cmake
[0.791s] -- Up-to-date: /home/tm/dev_ws/ros_c++/install/my_first_package_msgs/share/my_first_package_msgs/cmake/export_my_first_package_msgs__rosidl_typesupport_fastrtps_cppExport.cmake
[0.791s] -- Up-to-date: /home/tm/dev_ws/ros_c++/install/my_first_package_msgs/share/my_first_package_msgs/cmake/export_my_first_package_msgs__rosidl_typesupport_fastrtps_cppExport-noconfig.cmake
[0.791s] -- Up-to-date: /home/tm/dev_ws/ros_c++/install/my_first_package_msgs/share/my_first_package_msgs/cmake/my_first_package_msgs__rosidl_typesupport_introspection_cppExport.cmake
[0.791s] -- Up-to-date: /home/tm/dev_ws/ros_c++/install/my_first_package_msgs/share/my_first_package_msgs/cmake/my_first_package_msgs__rosidl_typesupport_introspection_cppExport-noconfig.cmake
[0.791s] -- Up-to-date: /home/tm/dev_ws/ros_c++/install/my_first_package_msgs/share/my_first_package_msgs/cmake/my_first_package_msgs__rosidl_typesupport_cppExport.cmake
[0.791s] -- Up-to-date: /home/tm/dev_ws/ros_c++/install/my_first_package_msgs/share/my_first_package_msgs/cmake/my_first_package_msgs__rosidl_typesupport_cppExport-noconfig.cmake
[0.791s] -- Up-to-date: /home/tm/dev_ws/ros_c++/install/my_first_package_msgs/share/my_first_package_msgs/cmake/export_my_first_package_msgs__rosidl_generator_pyExport.cmake
[0.791s] -- Up-to-date: /home/tm/dev_ws/ros_c++/install/my_first_package_msgs/share/my_first_package_msgs/cmake/export_my_first_package_msgs__rosidl_generator_pyExport-noconfig.cmake
[0.792s] -- Up-to-date: /home/tm/dev_ws/ros_c++/install/my_first_package_msgs/share/my_first_package_msgs/cmake/rosidl_cmake-extras.cmake
[0.792s] -- Up-to-date: /home/tm/dev_ws/ros_c++/install/my_first_package_msgs/share/my_first_package_msgs/cmake/ament_cmake_export_include_directories-extras.cmake
[0.792s] -- Up-to-date: /home/tm/dev_ws/ros_c++/install/my_first_package_msgs/share/my_first_package_msgs/cmake/ament_cmake_export_libraries-extras.cmake
[0.793s] -- Up-to-date: /home/tm/dev_ws/ros_c++/install/my_first_package_msgs/share/my_first_package_msgs/cmake/ament_cmake_export_targets-extras.cmake
[0.793s] -- Up-to-date: /home/tm/dev_ws/ros_c++/install/my_first_package_msgs/share/my_first_package_msgs/cmake/rosidl_cmake_export_typesupport_targets-extras.cmake
[0.793s] -- Up-to-date: /home/tm/dev_ws/ros_c++/install/my_first_package_msgs/share/my_first_package_msgs/cmake/ament_cmake_export_dependencies-extras.cmake
[0.793s] -- Up-to-date: /home/tm/dev_ws/ros_c++/install/my_first_package_msgs/share/my_first_package_msgs/cmake/rosidl_cmake_export_typesupport_libraries-extras.cmake
[0.793s] -- Up-to-date: /home/tm/dev_ws/ros_c++/install/my_first_package_msgs/share/my_first_package_msgs/cmake/my_first_package_msgsConfig.cmake
[0.793s] -- Up-to-date: /home/tm/dev_ws/ros_c++/install/my_first_package_msgs/share/my_first_package_msgs/cmake/my_first_package_msgsConfig-version.cmake
[0.793s] -- Up-to-date: /home/tm/dev_ws/ros_c++/install/my_first_package_msgs/share/my_first_package_msgs/package.xml
[0.795s] Invoked command in '/home/tm/dev_ws/ros_c++/build/my_first_package_msgs' returned '0': CMAKE_PREFIX_PATH=${CMAKE_PREFIX_PATH}:/opt/ros/jazzy DEBUGINFOD_URLS=https://debuginfod.ubuntu.com VIRTUAL_ENV_PROMPT=(ros) /usr/bin/cmake --install /home/tm/dev_ws/ros_c++/build/my_first_package_msgs
