[0.017s] Invoking command in '/home/tm/dev_ws/ros_c++/build/my_first_package': CMAKE_PREFIX_PATH=${CMAKE_PREFIX_PATH}:/home/tm/dev_ws/ros/install/my_test_package:/home/tm/dev_ws/ros/install/my_first_package:/home/tm/dev_ws/ros/install/camera_package:/opt/ros/jazzy DEBUGINFOD_URLS=https://debuginfod.ubuntu.com VIRTUAL_ENV_PROMPT=(ros) /usr/bin/cmake --build /home/tm/dev_ws/ros_c++/build/my_first_package -- -j12 -l12
[0.113s] [ 43%] Built target publisher
[0.113s] [ 50%] Built target subscriber
[0.114s] [ 50%] Built target talker
[0.114s] [ 50%] Built target client
[0.115s] [ 62%] Built target listener
[0.118s] [ 75%] Built target server
[0.121s] [ 93%] Built target sub_pose
[0.121s] [ 93%] [32mBuilding CXX object CMakeFiles/my_service_server.dir/src/my_service_server.cpp.o[0m
[3.159s] [01m[K/home/tm/dev_ws/ros_c++/src/my_first_package/src/my_service_server.cpp:[m[K In constructor ‘[01m[KMultiSpawning::[01;32m[KMultiSpawning[m[K()[m[K’:
[3.160s] [01m[K/home/tm/dev_ws/ros_c++/src/my_first_package/src/my_service_server.cpp:11:53:[m[K [01;31m[Kerror: [m[Kno matching function for call to ‘[01m[Krclcpp::Client<turtlesim::srv::TeleportAbsolute>::Client()[m[K’
[3.160s]    11 |         MultiSpawning() : rclcpp::Node("multi_spawn"[01;31m[K)[m[K {
[3.160s]       |                                                     [01;31m[K^[m[K
[3.160s] In file included from [01m[K/opt/ros/jazzy/include/rclcpp/rclcpp/callback_group.hpp:24[m[K,
[3.160s]                  from [01m[K/opt/ros/jazzy/include/rclcpp/rclcpp/any_executable.hpp:20[m[K,
[3.160s]                  from [01m[K/opt/ros/jazzy/include/rclcpp/rclcpp/memory_strategy.hpp:25[m[K,
[3.160s]                  from [01m[K/opt/ros/jazzy/include/rclcpp/rclcpp/memory_strategies.hpp:18[m[K,
[3.160s]                  from [01m[K/opt/ros/jazzy/include/rclcpp/rclcpp/executor_options.hpp:22[m[K,
[3.161s]                  from [01m[K/opt/ros/jazzy/include/rclcpp/rclcpp/executor.hpp:38[m[K,
[3.161s]                  from [01m[K/opt/ros/jazzy/include/rclcpp/rclcpp/executors/multi_threaded_executor.hpp:25[m[K,
[3.161s]                  from [01m[K/opt/ros/jazzy/include/rclcpp/rclcpp/executors.hpp:21[m[K,
[3.161s]                  from [01m[K/opt/ros/jazzy/include/rclcpp/rclcpp/rclcpp.hpp:172[m[K,
[3.161s]                  from [01m[K/home/tm/dev_ws/ros_c++/src/my_first_package/src/my_service_server.cpp:2[m[K:
[3.161s] [01m[K/opt/ros/jazzy/include/rclcpp/rclcpp/client.hpp:495:3:[m[K [01;36m[Knote: [m[Kcandidate: ‘[01m[Krclcpp::Client<ServiceT>::[01;32m[KClient[m[K(rclcpp::node_interfaces::NodeBaseInterface*, rclcpp::node_interfaces::NodeGraphInterface::SharedPtr, const std::string&, rcl_client_options_t&) [35m[K[with ServiceT = turtlesim::srv::TeleportAbsolute; rclcpp::node_interfaces::NodeGraphInterface::SharedPtr = std::shared_ptr<rclcpp::node_interfaces::NodeGraphInterface>; std::string = std::__cxx11::basic_string<char>; rcl_client_options_t = rcl_client_options_s][m[K[m[K’
[3.161s]   495 |   [01;36m[KClient[m[K(
[3.162s]       |   [01;36m[K^~~~~~[m[K
[3.162s] [01m[K/opt/ros/jazzy/include/rclcpp/rclcpp/client.hpp:495:3:[m[K [01;36m[Knote: [m[K  candidate expects 4 arguments, 0 provided
[3.168s] [01m[K/home/tm/dev_ws/ros_c++/src/my_first_package/src/my_service_server.cpp:15:106:[m[K [01;31m[Kerror: [m[Kno match for ‘[01m[Koperator=[m[K’ (operand types are ‘[01m[Krclcpp::Client<turtlesim::srv::TeleportAbsolute>[m[K’ and ‘[01m[Krclcpp::Client<turtlesim::srv::TeleportAbsolute>::SharedPtr[m[K’ {aka ‘[01m[Kstd::shared_ptr<rclcpp::Client<turtlesim::srv::TeleportAbsolute> >[m[K’})
[3.168s]    15 |             teleport = this->create_client<turtlesim::srv::TeleportAbsolute>("/turtle1/teleport_absolute"[01;31m[K)[m[K;
[3.169s]       |                                                                                                          [01;31m[K^[m[K
[3.169s] In file included from [01m[K/opt/ros/jazzy/include/rclcpp/rclcpp/context.hpp:35[m[K,
[3.169s]                  from [01m[K/opt/ros/jazzy/include/rclcpp/rclcpp/utilities.hpp:24[m[K,
[3.169s]                  from [01m[K/opt/ros/jazzy/include/rclcpp/rclcpp/logging.hpp:25[m[K,
[3.169s]                  from [01m[K/opt/ros/jazzy/include/rclcpp/rclcpp/copy_all_parameter_values.hpp:27[m[K,
[3.169s]                  from [01m[K/opt/ros/jazzy/include/rclcpp/rclcpp/rclcpp.hpp:171[m[K:
[3.169s] [01m[K/opt/ros/jazzy/include/rclcpp/rclcpp/client.hpp:872:3:[m[K [01;36m[Knote: [m[Kcandidate: ‘[01m[Krclcpp::Client<ServiceT>& rclcpp::Client<ServiceT>::[01;32m[Koperator=[m[K(const rclcpp::Client<ServiceT>&) [35m[K[with ServiceT = turtlesim::srv::TeleportAbsolute][m[K[m[K’ (deleted)
[3.169s]   872 |   [01;36m[KRCLCPP_DISABLE_COPY[m[K(Client)
[3.169s]       |   [01;36m[K^~~~~~~~~~~~~~~~~~~[m[K
[3.170s] [01m[K/opt/ros/jazzy/include/rclcpp/rclcpp/client.hpp:872:3:[m[K [01;36m[Knote: [m[K  no known conversion for argument 1 from ‘[01m[Krclcpp::Client<turtlesim::srv::TeleportAbsolute>::SharedPtr[m[K’ {aka ‘[01m[Kstd::shared_ptr<rclcpp::Client<turtlesim::srv::TeleportAbsolute> >[m[K’} to ‘[01m[Kconst rclcpp::Client<turtlesim::srv::TeleportAbsolute>&[m[K’
[3.170s]   872 |   [01;36m[KRCLCPP_DISABLE_COPY[m[K(Client)
[3.170s]       |   [01;36m[K^~~~~~~~~~~~~~~~~~~[m[K
[3.177s] [01m[K/home/tm/dev_ws/ros_c++/src/my_first_package/src/my_service_server.cpp:[m[K In member function ‘[01m[Kvoid MultiSpawning::[01;32m[Kcallback_service[m[K(std::shared_ptr<my_first_package_msgs::srv::MultiSpawn_Request_<std::allocator<void> > >, std::shared_ptr<my_first_package_msgs::srv::MultiSpawn_Response_<std::allocator<void> > >)[m[K’:
[3.177s] [01m[K/home/tm/dev_ws/ros_c++/src/my_first_package/src/my_service_server.cpp:21:102:[m[K [01;35m[Kwarning: [m[Kunused parameter ‘[01m[Krequest[m[K’ [[01;35m[K]8;;https://gcc.gnu.org/onlinedocs/gcc/Warning-Options.html#index-Wunused-parameter-Wunused-parameter]8;;[m[K]
[3.178s]    21 |         void callback_service([01;35m[Kconst std::shared_ptr<my_first_package_msgs::srv::MultiSpawn::Request> request[m[K,
[3.178s]       |                               [01;35m[K~~~~~~~~~~~~~~~~~~~~~~~~~~~~~~~~~~~~~~~~~~~~~~~~~~~~~~~~~~~~~~~~~~~~~~~^~~~~~~[m[K
[3.178s] [01m[K/home/tm/dev_ws/ros_c++/src/my_first_package/src/my_service_server.cpp:22:95:[m[K [01;35m[Kwarning: [m[Kunused parameter ‘[01m[Kresponse[m[K’ [[01;35m[K]8;;https://gcc.gnu.org/onlinedocs/gcc/Warning-Options.html#index-Wunused-parameter-Wunused-parameter]8;;[m[K]
[3.178s]    22 |                             [01;35m[Kstd::shared_ptr<my_first_package_msgs::srv::MultiSpawn::Response> response[m[K) {
[3.178s]       |                             [01;35m[K~~~~~~~~~~~~~~~~~~~~~~~~~~~~~~~~~~~~~~~~~~~~~~~~~~~~~~~~~~~~~~~~~~^~~~~~~~[m[K
[4.624s] gmake[2]: *** [CMakeFiles/my_service_server.dir/build.make:76: CMakeFiles/my_service_server.dir/src/my_service_server.cpp.o] Error 1
[4.624s] gmake[1]: *** [CMakeFiles/Makefile2:333: CMakeFiles/my_service_server.dir/all] Error 2
[4.625s] gmake: *** [Makefile:146: all] Error 2
[4.627s] Invoked command in '/home/tm/dev_ws/ros_c++/build/my_first_package' returned '2': CMAKE_PREFIX_PATH=${CMAKE_PREFIX_PATH}:/home/tm/dev_ws/ros/install/my_test_package:/home/tm/dev_ws/ros/install/my_first_package:/home/tm/dev_ws/ros/install/camera_package:/opt/ros/jazzy DEBUGINFOD_URLS=https://debuginfod.ubuntu.com VIRTUAL_ENV_PROMPT=(ros) /usr/bin/cmake --build /home/tm/dev_ws/ros_c++/build/my_first_package -- -j12 -l12
