-- Found ament_cmake: 2.5.3 (/opt/ros/jazzy/share/ament_cmake/cmake)
-- Found rclcpp: 28.1.8 (/opt/ros/jazzy/share/rclcpp/cmake)
-- Found rosidl_generator_c: 4.6.5 (/opt/ros/jazzy/share/rosidl_generator_c/cmake)
-- Found rosidl_generator_cpp: 4.6.5 (/opt/ros/jazzy/share/rosidl_generator_cpp/cmake)
-- Using all available rosidl_typesupport_c: rosidl_typesupport_fastrtps_c;rosidl_typesupport_introspection_c
-- Using all available rosidl_typesupport_cpp: rosidl_typesupport_fastrtps_cpp;rosidl_typesupport_introspection_cpp
-- Found rmw_implementation_cmake: 7.3.2 (/opt/ros/jazzy/share/rmw_implementation_cmake/cmake)
-- Found rmw_fastrtps_cpp: 8.4.2 (/opt/ros/jazzy/share/rmw_fastrtps_cpp/cmake)
-- Using RMW implementation 'rmw_fastrtps_cpp' as default
-- Found std_msgs: 5.3.6 (/opt/ros/jazzy/share/std_msgs/cmake)
-- Found example_interfaces: 0.12.0 (/opt/ros/jazzy/share/example_interfaces/cmake)
-- Found turtlesim: 1.8.3 (/opt/ros/jazzy/share/turtlesim/cmake)
-- Found geometry_msgs: 5.3.6 (/opt/ros/jazzy/share/geometry_msgs/cmake)
-- Found my_first_package_msgs: 0.0.0 (/home/tm/dev_ws/ros_c++/install/my_first_package_msgs/share/my_first_package_msgs/cmake)
-- Configuring done (0.6s)
-- Generating done (0.0s)
-- Build files have been written to: /home/tm/dev_ws/ros_c++/build/my_first_package
[ 14%] Built target talker
[ 28%] Built target client
[ 42%] Built target publisher
[ 71%] Built target subscriber
[ 71%] Built target listener
[ 85%] Built target server
[ 92%] [32mBuilding CXX object CMakeFiles/sub_pose.dir/src/turtle_cmd_and_pose.cpp.o[0m
[01m[K/home/tm/dev_ws/ros_c++/src/my_first_package/src/turtle_cmd_and_pose.cpp:[m[K In member function ‘[01m[Kvoid CmdAndPose::[01;32m[Kcallback_pose[m[K(turtlesim::msg::Pose_<std::allocator<void> >::SharedPtr) const[m[K’:
[01m[K/home/tm/dev_ws/ros_c++/src/my_first_package/src/turtle_cmd_and_pose.cpp:18:29:[m[K [01;31m[Kerror: [m[Kassignment of member ‘[01m[Kmy_first_package_msgs::msg::CmdAndPoseVel_<std::allocator<void> >::pose_x[m[K’ in read-only object
   18 |             [01;31m[Kcmd_pose.pose_x = msg->x[m[K;
      |             [01;31m[K~~~~~~~~~~~~~~~~^~~~~~~~[m[K
[01m[K/home/tm/dev_ws/ros_c++/src/my_first_package/src/turtle_cmd_and_pose.cpp:19:29:[m[K [01;31m[Kerror: [m[Kassignment of member ‘[01m[Kmy_first_package_msgs::msg::CmdAndPoseVel_<std::allocator<void> >::pose_y[m[K’ in read-only object
   19 |             [01;31m[Kcmd_pose.pose_y = msg->y[m[K;
      |             [01;31m[K~~~~~~~~~~~~~~~~^~~~~~~~[m[K
[01m[K/home/tm/dev_ws/ros_c++/src/my_first_package/src/turtle_cmd_and_pose.cpp:20:33:[m[K [01;31m[Kerror: [m[Kassignment of member ‘[01m[Kmy_first_package_msgs::msg::CmdAndPoseVel_<std::allocator<void> >::linear_vel[m[K’ in read-only object
   20 |             [01;31m[Kcmd_pose.linear_vel = msg->linear_velocity[m[K;
      |             [01;31m[K~~~~~~~~~~~~~~~~~~~~^~~~~~~~~~~~~~~~~~~~~~[m[K
[01m[K/home/tm/dev_ws/ros_c++/src/my_first_package/src/turtle_cmd_and_pose.cpp:21:34:[m[K [01;31m[Kerror: [m[Kassignment of member ‘[01m[Kmy_first_package_msgs::msg::CmdAndPoseVel_<std::allocator<void> >::angular_vel[m[K’ in read-only object
   21 |             [01;31m[Kcmd_pose.angular_vel = msg->angular_velocity[m[K;
      |             [01;31m[K~~~~~~~~~~~~~~~~~~~~~^~~~~~~~~~~~~~~~~~~~~~~[m[K
gmake[2]: *** [CMakeFiles/sub_pose.dir/build.make:76: CMakeFiles/sub_pose.dir/src/turtle_cmd_and_pose.cpp.o] Error 1
gmake[1]: *** [CMakeFiles/Makefile2:305: CMakeFiles/sub_pose.dir/all] Error 2
gmake: *** [Makefile:146: all] Error 2
