-- The C compiler identification is GNU 13.3.0
-- The CXX compiler identification is GNU 13.3.0
-- Detecting C compiler ABI info
-- Detecting C compiler ABI info - done
-- Check for working C compiler: /usr/bin/cc - skipped
-- Detecting C compile features
-- Detecting C compile features - done
-- Detecting CXX compiler ABI info
-- Detecting CXX compiler ABI info - done
-- Check for working CXX compiler: /usr/bin/c++ - skipped
-- Detecting CXX compile features
-- Detecting CXX compile features - done
-- Found ament_cmake: 2.5.3 (/opt/ros/jazzy/share/ament_cmake/cmake)
-- Found Python3: /home/tm/venv/ros/bin/python3 (found version "3.12.3") found components: Interpreter 
-- Found rclcpp: 28.1.8 (/opt/ros/jazzy/share/rclcpp/cmake)
-- Found rosidl_generator_c: 4.6.5 (/opt/ros/jazzy/share/rosidl_generator_c/cmake)
-- Found rosidl_generator_cpp: 4.6.5 (/opt/ros/jazzy/share/rosidl_generator_cpp/cmake)
-- Using all available rosidl_typesupport_c: rosidl_typesupport_fastrtps_c;rosidl_typesupport_introspection_c
-- Using all available rosidl_typesupport_cpp: rosidl_typesupport_fastrtps_cpp;rosidl_typesupport_introspection_cpp
-- Found rmw_implementation_cmake: 7.3.2 (/opt/ros/jazzy/share/rmw_implementation_cmake/cmake)
-- Found rmw_fastrtps_cpp: 8.4.2 (/opt/ros/jazzy/share/rmw_fastrtps_cpp/cmake)
-- Found OpenSSL: /usr/lib/x86_64-linux-gnu/libcrypto.so (found version "3.0.13")  
-- Found FastRTPS: /opt/ros/jazzy/include (Required is at least version "2.13") 
-- Using RMW implementation 'rmw_fastrtps_cpp' as default
-- Found std_msgs: 5.3.6 (/opt/ros/jazzy/share/std_msgs/cmake)
-- Found example_interfaces: 0.12.0 (/opt/ros/jazzy/share/example_interfaces/cmake)
-- Found turtlesim: 1.8.3 (/opt/ros/jazzy/share/turtlesim/cmake)
-- Found geometry_msgs: 5.3.6 (/opt/ros/jazzy/share/geometry_msgs/cmake)
-- Configuring done (1.0s)
-- Generating done (0.0s)
-- Build files have been written to: /home/tm/dev_ws/ros_c++/build/my_first_package
[  7%] [32mBuilding CXX object CMakeFiles/listener.dir/src/subscriber_member_function.cpp.o[0m
[ 14%] [32mBuilding CXX object CMakeFiles/server.dir/src/add_two_ints_server.cpp.o[0m
[ 21%] [32mBuilding CXX object CMakeFiles/client.dir/src/add_two_ints_client.cpp.o[0m
[ 28%] [32mBuilding CXX object CMakeFiles/subscriber.dir/src/my_subscriber.cpp.o[0m
[ 35%] [32mBuilding CXX object CMakeFiles/talker.dir/src/publisher_member_function.cpp.o[0m
[ 50%] [32mBuilding CXX object CMakeFiles/sub_pose.dir/src/turtle_cmd_and_pose.cpp.o[0m
[ 50%] [32mBuilding CXX object CMakeFiles/publisher.dir/src/my_publisher.cpp.o[0m
In file included from [01m[K/opt/ros/jazzy/include/rclcpp/rclcpp/logging.hpp:24[m[K,
                 from [01m[K/opt/ros/jazzy/include/rclcpp/rclcpp/copy_all_parameter_values.hpp:27[m[K,
                 from [01m[K/opt/ros/jazzy/include/rclcpp/rclcpp/rclcpp.hpp:171[m[K,
                 from [01m[K/home/tm/dev_ws/ros_c++/src/my_first_package/src/turtle_cmd_and_pose.cpp:1[m[K:
[01m[K/home/tm/dev_ws/ros_c++/src/my_first_package/src/turtle_cmd_and_pose.cpp:[m[K In member function ‘[01m[Kvoid CmdAndPose::[01;32m[Kcallback_pose[m[K(turtlesim::msg::Pose_<std::allocator<void> >::SharedPtr) const[m[K’:
[01m[K/home/tm/dev_ws/ros_c++/src/my_first_package/src/turtle_cmd_and_pose.cpp:17:59:[m[K [01;31m[Kerror: [m[Kno matching function for call to ‘[01m[Kto_string(const turtlesim::msg::Pose_<std::allocator<void> >::SharedPtr&)[m[K’
   17 |             RCLCPP_INFO(this->get_logger(), [01;31m[Kstd::to_string(msg)[m[K);
      |                                             [01;31m[K~~~~~~~~~~~~~~^~~~~[m[K
In file included from [01m[K/opt/ros/jazzy/include/rclcpp/rclcpp/copy_all_parameter_values.hpp:25[m[K:
[01m[K/opt/ros/jazzy/include/rclcpp/rclcpp/parameter.hpp:289:1:[m[K [01;36m[Knote: [m[Kcandidate: ‘[01m[Kstd::string std::[01;32m[Kto_string[m[K(const rclcpp::Parameter&)[m[K’
  289 | [01;36m[Kto_string[m[K(const rclcpp::Parameter & param);
      | [01;36m[K^~~~~~~~~[m[K
[01m[K/opt/ros/jazzy/include/rclcpp/rclcpp/parameter.hpp:289:37:[m[K [01;36m[Knote: [m[K  no known conversion for argument 1 from ‘[01m[Kconst turtlesim::msg::Pose_<std::allocator<void> >::SharedPtr[m[K’ {aka ‘[01m[Kconst std::shared_ptr<turtlesim::msg::Pose_<std::allocator<void> > >[m[K’} to ‘[01m[Kconst rclcpp::Parameter&[m[K’
  289 | to_string([01;36m[Kconst rclcpp::Parameter & param[m[K);
      |           [01;36m[K~~~~~~~~~~~~~~~~~~~~~~~~~~^~~~~[m[K
[01m[K/opt/ros/jazzy/include/rclcpp/rclcpp/parameter.hpp:294:1:[m[K [01;36m[Knote: [m[Kcandidate: ‘[01m[Kstd::string std::[01;32m[Kto_string[m[K(const vector<rclcpp::Parameter>&)[m[K’
  294 | [01;36m[Kto_string[m[K(const std::vector<rclcpp::Parameter> & parameters);
      | [01;36m[K^~~~~~~~~[m[K
[01m[K/opt/ros/jazzy/include/rclcpp/rclcpp/parameter.hpp:294:50:[m[K [01;36m[Knote: [m[K  no known conversion for argument 1 from ‘[01m[Kconst turtlesim::msg::Pose_<std::allocator<void> >::SharedPtr[m[K’ {aka ‘[01m[Kconst std::shared_ptr<turtlesim::msg::Pose_<std::allocator<void> > >[m[K’} to ‘[01m[Kconst std::vector<rclcpp::Parameter>&[m[K’
  294 | to_string([01;36m[Kconst std::vector<rclcpp::Parameter> & parameters[m[K);
      |           [01;36m[K~~~~~~~~~~~~~~~~~~~~~~~~~~~~~~~~~~~~~~~^~~~~~~~~~[m[K
In file included from [01m[K/usr/include/c++/13/string:54[m[K,
                 from [01m[K/opt/ros/jazzy/include/rclcpp/rclcpp/copy_all_parameter_values.hpp:18[m[K:
[01m[K/usr/include/c++/13/bits/basic_string.h:4162:3:[m[K [01;36m[Knote: [m[Kcandidate: ‘[01m[Kstd::string std::__cxx11::[01;32m[Kto_string[m[K(int)[m[K’
 4162 |   [01;36m[Kto_string[m[K(int __val)
      |   [01;36m[K^~~~~~~~~[m[K
[01m[K/usr/include/c++/13/bits/basic_string.h:4162:17:[m[K [01;36m[Knote: [m[K  no known conversion for argument 1 from ‘[01m[Kconst turtlesim::msg::Pose_<std::allocator<void> >::SharedPtr[m[K’ {aka ‘[01m[Kconst std::shared_ptr<turtlesim::msg::Pose_<std::allocator<void> > >[m[K’} to ‘[01m[Kint[m[K’
 4162 |   to_string([01;36m[Kint __val[m[K)
      |             [01;36m[K~~~~^~~~~[m[K
[01m[K/usr/include/c++/13/bits/basic_string.h:4177:3:[m[K [01;36m[Knote: [m[Kcandidate: ‘[01m[Kstd::string std::__cxx11::[01;32m[Kto_string[m[K(unsigned int)[m[K’
 4177 |   [01;36m[Kto_string[m[K(unsigned __val)
      |   [01;36m[K^~~~~~~~~[m[K
[01m[K/usr/include/c++/13/bits/basic_string.h:4177:22:[m[K [01;36m[Knote: [m[K  no known conversion for argument 1 from ‘[01m[Kconst turtlesim::msg::Pose_<std::allocator<void> >::SharedPtr[m[K’ {aka ‘[01m[Kconst std::shared_ptr<turtlesim::msg::Pose_<std::allocator<void> > >[m[K’} to ‘[01m[Kunsigned int[m[K’
 4177 |   to_string([01;36m[Kunsigned __val[m[K)
      |             [01;36m[K~~~~~~~~~^~~~~[m[K
[01m[K/usr/include/c++/13/bits/basic_string.h:4189:3:[m[K [01;36m[Knote: [m[Kcandidate: ‘[01m[Kstd::string std::__cxx11::[01;32m[Kto_string[m[K(long int)[m[K’
 4189 |   [01;36m[Kto_string[m[K(long __val)
      |   [01;36m[K^~~~~~~~~[m[K
[01m[K/usr/include/c++/13/bits/basic_string.h:4189:18:[m[K [01;36m[Knote: [m[K  no known conversion for argument 1 from ‘[01m[Kconst turtlesim::msg::Pose_<std::allocator<void> >::SharedPtr[m[K’ {aka ‘[01m[Kconst std::shared_ptr<turtlesim::msg::Pose_<std::allocator<void> > >[m[K’} to ‘[01m[Klong int[m[K’
 4189 |   to_string([01;36m[Klong __val[m[K)
      |             [01;36m[K~~~~~^~~~~[m[K
[01m[K/usr/include/c++/13/bits/basic_string.h:4204:3:[m[K [01;36m[Knote: [m[Kcandidate: ‘[01m[Kstd::string std::__cxx11::[01;32m[Kto_string[m[K(long unsigned int)[m[K’
 4204 |   [01;36m[Kto_string[m[K(unsigned long __val)
      |   [01;36m[K^~~~~~~~~[m[K
[01m[K/usr/include/c++/13/bits/basic_string.h:4204:27:[m[K [01;36m[Knote: [m[K  no known conversion for argument 1 from ‘[01m[Kconst turtlesim::msg::Pose_<std::allocator<void> >::SharedPtr[m[K’ {aka ‘[01m[Kconst std::shared_ptr<turtlesim::msg::Pose_<std::allocator<void> > >[m[K’} to ‘[01m[Klong unsigned int[m[K’
 4204 |   to_string([01;36m[Kunsigned long __val[m[K)
      |             [01;36m[K~~~~~~~~~~~~~~^~~~~[m[K
[01m[K/usr/include/c++/13/bits/basic_string.h:4216:3:[m[K [01;36m[Knote: [m[Kcandidate: ‘[01m[Kstd::string std::__cxx11::[01;32m[Kto_string[m[K(long long int)[m[K’
 4216 |   [01;36m[Kto_string[m[K(long long __val)
      |   [01;36m[K^~~~~~~~~[m[K
[01m[K/usr/include/c++/13/bits/basic_string.h:4216:23:[m[K [01;36m[Knote: [m[K  no known conversion for argument 1 from ‘[01m[Kconst turtlesim::msg::Pose_<std::allocator<void> >::SharedPtr[m[K’ {aka ‘[01m[Kconst std::shared_ptr<turtlesim::msg::Pose_<std::allocator<void> > >[m[K’} to ‘[01m[Klong long int[m[K’
 4216 |   to_string([01;36m[Klong long __val[m[K)
      |             [01;36m[K~~~~~~~~~~^~~~~[m[K
[01m[K/usr/include/c++/13/bits/basic_string.h:4229:3:[m[K [01;36m[Knote: [m[Kcandidate: ‘[01m[Kstd::string std::__cxx11::[01;32m[Kto_string[m[K(long long unsigned int)[m[K’
 4229 |   [01;36m[Kto_string[m[K(unsigned long long __val)
      |   [01;36m[K^~~~~~~~~[m[K
[01m[K/usr/include/c++/13/bits/basic_string.h:4229:32:[m[K [01;36m[Knote: [m[K  no known conversion for argument 1 from ‘[01m[Kconst turtlesim::msg::Pose_<std::allocator<void> >::SharedPtr[m[K’ {aka ‘[01m[Kconst std::shared_ptr<turtlesim::msg::Pose_<std::allocator<void> > >[m[K’} to ‘[01m[Klong long unsigned int[m[K’
 4229 |   to_string([01;36m[Kunsigned long long __val[m[K)
      |             [01;36m[K~~~~~~~~~~~~~~~~~~~^~~~~[m[K
[01m[K/usr/include/c++/13/bits/basic_string.h:4241:3:[m[K [01;36m[Knote: [m[Kcandidate: ‘[01m[Kstd::string std::__cxx11::[01;32m[Kto_string[m[K(float)[m[K’
 4241 |   [01;36m[Kto_string[m[K(float __val)
      |   [01;36m[K^~~~~~~~~[m[K
[01m[K/usr/include/c++/13/bits/basic_string.h:4241:19:[m[K [01;36m[Knote: [m[K  no known conversion for argument 1 from ‘[01m[Kconst turtlesim::msg::Pose_<std::allocator<void> >::SharedPtr[m[K’ {aka ‘[01m[Kconst std::shared_ptr<turtlesim::msg::Pose_<std::allocator<void> > >[m[K’} to ‘[01m[Kfloat[m[K’
 4241 |   to_string([01;36m[Kfloat __val[m[K)
      |             [01;36m[K~~~~~~^~~~~[m[K
[01m[K/usr/include/c++/13/bits/basic_string.h:4251:3:[m[K [01;36m[Knote: [m[Kcandidate: ‘[01m[Kstd::string std::__cxx11::[01;32m[Kto_string[m[K(double)[m[K’
 4251 |   [01;36m[Kto_string[m[K(double __val)
      |   [01;36m[K^~~~~~~~~[m[K
[01m[K/usr/include/c++/13/bits/basic_string.h:4251:20:[m[K [01;36m[Knote: [m[K  no known conversion for argument 1 from ‘[01m[Kconst turtlesim::msg::Pose_<std::allocator<void> >::SharedPtr[m[K’ {aka ‘[01m[Kconst std::shared_ptr<turtlesim::msg::Pose_<std::allocator<void> > >[m[K’} to ‘[01m[Kdouble[m[K’
 4251 |   to_string([01;36m[Kdouble __val[m[K)
      |             [01;36m[K~~~~~~~^~~~~[m[K
[01m[K/usr/include/c++/13/bits/basic_string.h:4261:3:[m[K [01;36m[Knote: [m[Kcandidate: ‘[01m[Kstd::string std::__cxx11::[01;32m[Kto_string[m[K(long double)[m[K’
 4261 |   [01;36m[Kto_string[m[K(long double __val)
      |   [01;36m[K^~~~~~~~~[m[K
[01m[K/usr/include/c++/13/bits/basic_string.h:4261:25:[m[K [01;36m[Knote: [m[K  no known conversion for argument 1 from ‘[01m[Kconst turtlesim::msg::Pose_<std::allocator<void> >::SharedPtr[m[K’ {aka ‘[01m[Kconst std::shared_ptr<turtlesim::msg::Pose_<std::allocator<void> > >[m[K’} to ‘[01m[Klong double[m[K’
 4261 |   to_string([01;36m[Klong double __val[m[K)
      |             [01;36m[K~~~~~~~~~~~~^~~~~[m[K
[ 57%] [32m[1mLinking CXX executable client[0m
[ 57%] Built target client
[ 64%] [32m[1mLinking CXX executable server[0m
[ 64%] Built target server
gmake[2]: *** [CMakeFiles/sub_pose.dir/build.make:76: CMakeFiles/sub_pose.dir/src/turtle_cmd_and_pose.cpp.o] Error 1
gmake[1]: *** [CMakeFiles/Makefile2:305: CMakeFiles/sub_pose.dir/all] Error 2
gmake[1]: *** Waiting for unfinished jobs....
[ 71%] [32m[1mLinking CXX executable talker[0m
[ 71%] Built target talker
[ 78%] [32m[1mLinking CXX executable publisher[0m
[ 78%] Built target publisher
[ 85%] [32m[1mLinking CXX executable listener[0m
[ 92%] [32m[1mLinking CXX executable subscriber[0m
[ 92%] Built target listener
[ 92%] Built target subscriber
gmake: *** [Makefile:146: all] Error 2
