[ 25%] Built target publisher
[ 25%] Built target server
[ 37%] Built target subscriber
[ 50%] Built target talker
[ 62%] Built target listener
[ 93%] Built target client
[ 93%] [32mBuilding CXX object CMakeFiles/my_service_server.dir/src/my_service_server.cpp.o[0m
[ 93%] Built target sub_pose
[01m[K/home/tm/dev_ws/ros_c++/src/my_first_package/src/my_service_server.cpp:62:48:[m[K [01;31m[Kerror: [m[K‘[01m[KSharePtr[m[K’ in ‘[01m[Kclass rclcpp::Client<turtlesim::srv::Spawn>[m[K’ does not name a type
   62 |         rclcpp::Client<turtlesim::srv::Spawn>::[01;31m[KSharePtr[m[K spawn;
      |                                                [01;31m[K^~~~~~~~[m[K
[01m[K/home/tm/dev_ws/ros_c++/src/my_first_package/src/my_service_server.cpp:[m[K In constructor ‘[01m[KMultiSpawning::[01;32m[KMultiSpawning[m[K()[m[K’:
[01m[K/home/tm/dev_ws/ros_c++/src/my_first_package/src/my_service_server.cpp:26:13:[m[K [01;31m[Kerror: [m[K‘[01m[Kspawn[m[K’ was not declared in this scope
   26 |             [01;31m[Kspawn[m[K = this->create_client<turtlesim::srv::Spawn>("/spawn");
      |             [01;31m[K^~~~~[m[K
[01m[K/home/tm/dev_ws/ros_c++/src/my_first_package/src/my_service_server.cpp:[m[K In member function ‘[01m[Kvoid MultiSpawning::[01;32m[Kcallback_service[m[K(std::shared_ptr<my_first_package_msgs::srv::MultiSpawn_Request_<std::allocator<void> > >, std::shared_ptr<my_first_package_msgs::srv::MultiSpawn_Response_<std::allocator<void> > >)[m[K’:
[01m[K/home/tm/dev_ws/ros_c++/src/my_first_package/src/my_service_server.cpp:39:51:[m[K [01;35m[Kwarning: [m[Kcomparison of integer expressions of different signedness: ‘[01m[Kint[m[K’ and ‘[01m[Kstd::vector<double, std::allocator<double> >::size_type[m[K’ {aka ‘[01m[Klong unsigned int[m[K’} [[01;35m[K]8;;https://gcc.gnu.org/onlinedocs/gcc/Warning-Options.html#index-Wsign-compare-Wsign-compare]8;;[m[K]
   39 |                                 for (int i = 0; [01;35m[Ki < x.size()[m[K; i++) {
      |                                                 [01;35m[K~~^~~~~~~~~~[m[K
[01m[K/home/tm/dev_ws/ros_c++/src/my_first_package/src/my_service_server.cpp:44:45:[m[K [01;31m[Kerror: [m[K‘[01m[Kspawn[m[K’ was not declared in this scope
   44 |                                     while (![01;31m[Kspawn[m[K->wait_for_service(1s)) {
      |                                             [01;31m[K^~~~~[m[K
[01m[K/home/tm/dev_ws/ros_c++/src/my_first_package/src/my_service_server.cpp:51:37:[m[K [01;31m[Kerror: [m[K‘[01m[Kspawn[m[K’ was not declared in this scope
   51 |                                     [01;31m[Kspawn[m[K->async_send_request(req_spawn);
      |                                     [01;31m[K^~~~~[m[K
gmake[2]: *** [CMakeFiles/my_service_server.dir/build.make:76: CMakeFiles/my_service_server.dir/src/my_service_server.cpp.o] Error 1
gmake[1]: *** [CMakeFiles/Makefile2:333: CMakeFiles/my_service_server.dir/all] Error 2
gmake: *** [Makefile:146: all] Error 2
