[0.018s] Invoking command in '/home/tm/dev_ws/ros_c++/build/my_first_package': CMAKE_PREFIX_PATH=${CMAKE_PREFIX_PATH}:/home/tm/dev_ws/ros/install/my_test_package:/home/tm/dev_ws/ros/install/my_first_package:/home/tm/dev_ws/ros/install/camera_package:/opt/ros/jazzy DEBUGINFOD_URLS=https://debuginfod.ubuntu.com VIRTUAL_ENV_PROMPT=(ros) /usr/bin/cmake --build /home/tm/dev_ws/ros_c++/build/my_first_package -- -j12 -l12
[0.123s] [ 25%] Built target server
[0.123s] [ 25%] Built target client
[0.128s] [ 37%] Built target talker
[0.132s] [ 43%] [32mBuilding CXX object CMakeFiles/my_service_server.dir/src/my_service_server.cpp.o[0m
[0.135s] [ 56%] Built target subscriber
[0.135s] [ 68%] Built target listener
[0.145s] [ 81%] Built target publisher
[0.149s] [ 93%] Built target sub_pose
[5.683s] [100%] [32m[1mLinking CXX executable my_service_server[0m
[5.933s] [100%] Built target my_service_server
[5.952s] Invoked command in '/home/tm/dev_ws/ros_c++/build/my_first_package' returned '0': CMAKE_PREFIX_PATH=${CMAKE_PREFIX_PATH}:/home/tm/dev_ws/ros/install/my_test_package:/home/tm/dev_ws/ros/install/my_first_package:/home/tm/dev_ws/ros/install/camera_package:/opt/ros/jazzy DEBUGINFOD_URLS=https://debuginfod.ubuntu.com VIRTUAL_ENV_PROMPT=(ros) /usr/bin/cmake --build /home/tm/dev_ws/ros_c++/build/my_first_package -- -j12 -l12
[5.954s] Invoking command in '/home/tm/dev_ws/ros_c++/build/my_first_package': CMAKE_PREFIX_PATH=${CMAKE_PREFIX_PATH}:/home/tm/dev_ws/ros/install/my_test_package:/home/tm/dev_ws/ros/install/my_first_package:/home/tm/dev_ws/ros/install/camera_package:/opt/ros/jazzy DEBUGINFOD_URLS=https://debuginfod.ubuntu.com VIRTUAL_ENV_PROMPT=(ros) /usr/bin/cmake --install /home/tm/dev_ws/ros_c++/build/my_first_package
[5.966s] -- Install configuration: ""
[5.967s] -- Up-to-date: /home/tm/dev_ws/ros_c++/install/my_first_package/lib/my_first_package/talker
[5.967s] -- Up-to-date: /home/tm/dev_ws/ros_c++/install/my_first_package/lib/my_first_package/listener
[5.968s] -- Up-to-date: /home/tm/dev_ws/ros_c++/install/my_first_package/lib/my_first_package/server
[5.969s] -- Up-to-date: /home/tm/dev_ws/ros_c++/install/my_first_package/lib/my_first_package/client
[5.970s] -- Up-to-date: /home/tm/dev_ws/ros_c++/install/my_first_package/lib/my_first_package/subscriber
[5.971s] -- Up-to-date: /home/tm/dev_ws/ros_c++/install/my_first_package/lib/my_first_package/publisher
[5.972s] -- Installing: /home/tm/dev_ws/ros_c++/install/my_first_package/lib/my_first_package/sub_pose
[5.979s] -- Set non-toolchain portion of runtime path of "/home/tm/dev_ws/ros_c++/install/my_first_package/lib/my_first_package/sub_pose" to ""
[5.980s] -- Installing: /home/tm/dev_ws/ros_c++/install/my_first_package/lib/my_first_package/my_service_server
[5.981s] -- Set non-toolchain portion of runtime path of "/home/tm/dev_ws/ros_c++/install/my_first_package/lib/my_first_package/my_service_server" to ""
[5.981s] -- Up-to-date: /home/tm/dev_ws/ros_c++/install/my_first_package/share/ament_index/resource_index/package_run_dependencies/my_first_package
[5.981s] -- Installing: /home/tm/dev_ws/ros_c++/install/my_first_package/share/ament_index/resource_index/parent_prefix_path/my_first_package
[5.981s] -- Up-to-date: /home/tm/dev_ws/ros_c++/install/my_first_package/share/my_first_package/environment/ament_prefix_path.sh
[5.981s] -- Up-to-date: /home/tm/dev_ws/ros_c++/install/my_first_package/share/my_first_package/environment/ament_prefix_path.dsv
[5.982s] -- Up-to-date: /home/tm/dev_ws/ros_c++/install/my_first_package/share/my_first_package/environment/path.sh
[5.982s] -- Up-to-date: /home/tm/dev_ws/ros_c++/install/my_first_package/share/my_first_package/environment/path.dsv
[5.982s] -- Up-to-date: /home/tm/dev_ws/ros_c++/install/my_first_package/share/my_first_package/local_setup.bash
[5.982s] -- Up-to-date: /home/tm/dev_ws/ros_c++/install/my_first_package/share/my_first_package/local_setup.sh
[5.982s] -- Up-to-date: /home/tm/dev_ws/ros_c++/install/my_first_package/share/my_first_package/local_setup.zsh
[5.982s] -- Up-to-date: /home/tm/dev_ws/ros_c++/install/my_first_package/share/my_first_package/local_setup.dsv
[5.982s] -- Installing: /home/tm/dev_ws/ros_c++/install/my_first_package/share/my_first_package/package.dsv
[5.982s] -- Up-to-date: /home/tm/dev_ws/ros_c++/install/my_first_package/share/ament_index/resource_index/packages/my_first_package
[5.983s] -- Up-to-date: /home/tm/dev_ws/ros_c++/install/my_first_package/share/my_first_package/cmake/my_first_packageConfig.cmake
[5.983s] -- Up-to-date: /home/tm/dev_ws/ros_c++/install/my_first_package/share/my_first_package/cmake/my_first_packageConfig-version.cmake
[5.983s] -- Up-to-date: /home/tm/dev_ws/ros_c++/install/my_first_package/share/my_first_package/package.xml
[5.985s] Invoked command in '/home/tm/dev_ws/ros_c++/build/my_first_package' returned '0': CMAKE_PREFIX_PATH=${CMAKE_PREFIX_PATH}:/home/tm/dev_ws/ros/install/my_test_package:/home/tm/dev_ws/ros/install/my_first_package:/home/tm/dev_ws/ros/install/camera_package:/opt/ros/jazzy DEBUGINFOD_URLS=https://debuginfod.ubuntu.com VIRTUAL_ENV_PROMPT=(ros) /usr/bin/cmake --install /home/tm/dev_ws/ros_c++/build/my_first_package
