[0.014s] Invoking command in '/home/tm/dev_ws/ros_c++/build/my_first_package': CMAKE_PREFIX_PATH=${CMAKE_PREFIX_PATH}:/home/tm/dev_ws/ros/install/my_test_package:/home/tm/dev_ws/ros/install/my_first_package:/home/tm/dev_ws/ros/install/camera_package:/opt/ros/jazzy DEBUGINFOD_URLS=https://debuginfod.ubuntu.com VIRTUAL_ENV_PROMPT=(ros) /usr/bin/cmake --build /home/tm/dev_ws/ros_c++/build/my_first_package -- -j12 -l12
[0.039s] -- Found ament_cmake: 2.5.3 (/opt/ros/jazzy/share/ament_cmake/cmake)
[0.217s] -- Found rclcpp: 28.1.8 (/opt/ros/jazzy/share/rclcpp/cmake)
[0.241s] -- Found rosidl_generator_c: 4.6.5 (/opt/ros/jazzy/share/rosidl_generator_c/cmake)
[0.249s] -- Found rosidl_generator_cpp: 4.6.5 (/opt/ros/jazzy/share/rosidl_generator_cpp/cmake)
[0.259s] -- Using all available rosidl_typesupport_c: rosidl_typesupport_fastrtps_c;rosidl_typesupport_introspection_c
[0.271s] -- Using all available rosidl_typesupport_cpp: rosidl_typesupport_fastrtps_cpp;rosidl_typesupport_introspection_cpp
[0.330s] -- Found rmw_implementation_cmake: 7.3.2 (/opt/ros/jazzy/share/rmw_implementation_cmake/cmake)
[0.331s] -- Found rmw_fastrtps_cpp: 8.4.2 (/opt/ros/jazzy/share/rmw_fastrtps_cpp/cmake)
[0.387s] -- Using RMW implementation 'rmw_fastrtps_cpp' as default
[0.449s] -- Found std_msgs: 5.3.6 (/opt/ros/jazzy/share/std_msgs/cmake)
[0.462s] -- Found example_interfaces: 0.12.0 (/opt/ros/jazzy/share/example_interfaces/cmake)
[0.544s] -- Found turtlesim: 1.8.3 (/opt/ros/jazzy/share/turtlesim/cmake)
[0.573s] -- Found geometry_msgs: 5.3.6 (/opt/ros/jazzy/share/geometry_msgs/cmake)
[0.593s] -- Found my_first_package_msgs: 0.0.0 (/home/tm/dev_ws/ros_c++/install/my_first_package_msgs/share/my_first_package_msgs/cmake)
[0.617s] [31mCMake Error at /opt/ros/jazzy/share/ament_cmake_target_dependencies/cmake/ament_target_dependencies.cmake:77 (message):
[0.617s]   ament_target_dependencies() the passed package name
[0.617s]   'my_first_package_msgs,' was not found before
[0.617s] Call Stack (most recent call first):
[0.618s]   CMakeLists.txt:42 (ament_target_dependencies)
[0.618s] 
[0.618s] [0m
[0.618s] -- Configuring incomplete, errors occurred!
[0.624s] gmake: *** [Makefile:554: cmake_check_build_system] Error 1
[0.626s] Invoked command in '/home/tm/dev_ws/ros_c++/build/my_first_package' returned '2': CMAKE_PREFIX_PATH=${CMAKE_PREFIX_PATH}:/home/tm/dev_ws/ros/install/my_test_package:/home/tm/dev_ws/ros/install/my_first_package:/home/tm/dev_ws/ros/install/camera_package:/opt/ros/jazzy DEBUGINFOD_URLS=https://debuginfod.ubuntu.com VIRTUAL_ENV_PROMPT=(ros) /usr/bin/cmake --build /home/tm/dev_ws/ros_c++/build/my_first_package -- -j12 -l12
