[0.007s] Invoking command in '/home/tm/dev_ws/ros_c++/build/my_first_package_msgs': CMAKE_PREFIX_PATH=${CMAKE_PREFIX_PATH}:/opt/ros/jazzy DEBUGINFOD_URLS=https://debuginfod.ubuntu.com VIRTUAL_ENV_PROMPT=(ros) /usr/bin/cmake /home/tm/dev_ws/ros_c++/src/my_first_package_msgs -DCMAKE_INSTALL_PREFIX=/home/tm/dev_ws/ros_c++/install/my_first_package_msgs
[0.050s] -- The C compiler identification is GNU 13.3.0
[0.093s] -- The CXX compiler identification is GNU 13.3.0
[0.105s] -- Detecting C compiler ABI info
[0.172s] -- Detecting C compiler ABI info - done
[0.180s] -- Check for working C compiler: /usr/bin/cc - skipped
[0.180s] -- Detecting C compile features
[0.180s] -- Detecting C compile features - done
[0.187s] -- Detecting CXX compiler ABI info
[0.262s] -- Detecting CXX compiler ABI info - done
[0.271s] -- Check for working CXX compiler: /usr/bin/c++ - skipped
[0.271s] -- Detecting CXX compile features
[0.271s] -- Detecting CXX compile features - done
[0.273s] -- Found ament_cmake: 2.5.3 (/opt/ros/jazzy/share/ament_cmake/cmake)
[0.366s] -- Found Python3: /home/tm/venv/ros/bin/python3 (found version "3.12.3") found components: Interpreter 
[0.459s] -- Found rosidl_default_generators: 1.6.0 (/opt/ros/jazzy/share/rosidl_default_generators/cmake)
[0.463s] -- Using all available rosidl_typesupport_c: rosidl_typesupport_fastrtps_c;rosidl_typesupport_introspection_c
[0.506s] -- Using all available rosidl_typesupport_cpp: rosidl_typesupport_fastrtps_cpp;rosidl_typesupport_introspection_cpp
[0.543s] -- Found rosidl_adapter: 4.6.5 (/opt/ros/jazzy/share/rosidl_adapter/cmake)
[0.962s] -- Found ament_cmake_ros: 0.12.0 (/opt/ros/jazzy/share/ament_cmake_ros/cmake)
[1.380s] -- Using all available rosidl_typesupport_c: rosidl_typesupport_fastrtps_c;rosidl_typesupport_introspection_c
[1.925s] -- Using all available rosidl_typesupport_cpp: rosidl_typesupport_fastrtps_cpp;rosidl_typesupport_introspection_cpp
[1.927s] -- Found python_cmake_module: 0.11.1 (/opt/ros/jazzy/share/python_cmake_module/cmake)
[2.052s] -- Found PythonExtra: /home/tm/venv/ros/bin/python3  
[2.788s] -- Found Python3: /home/tm/venv/ros/bin/python3 (found version "3.12.3") found components: Interpreter Development NumPy Development.Module Development.Embed 
[2.838s] -- Configuring done (2.8s)
[2.886s] -- Generating done (0.0s)
[2.903s] -- Build files have been written to: /home/tm/dev_ws/ros_c++/build/my_first_package_msgs
[2.915s] Invoked command in '/home/tm/dev_ws/ros_c++/build/my_first_package_msgs' returned '0': CMAKE_PREFIX_PATH=${CMAKE_PREFIX_PATH}:/opt/ros/jazzy DEBUGINFOD_URLS=https://debuginfod.ubuntu.com VIRTUAL_ENV_PROMPT=(ros) /usr/bin/cmake /home/tm/dev_ws/ros_c++/src/my_first_package_msgs -DCMAKE_INSTALL_PREFIX=/home/tm/dev_ws/ros_c++/install/my_first_package_msgs
[2.919s] Invoking command in '/home/tm/dev_ws/ros_c++/build/my_first_package_msgs': CMAKE_PREFIX_PATH=${CMAKE_PREFIX_PATH}:/opt/ros/jazzy DEBUGINFOD_URLS=https://debuginfod.ubuntu.com VIRTUAL_ENV_PROMPT=(ros) /usr/bin/cmake --build /home/tm/dev_ws/ros_c++/build/my_first_package_msgs -- -j12 -l12
[2.994s] [  2%] [34m[1mGenerating type hashes for ROS interfaces[0m
[3.006s] [  2%] Built target ament_cmake_python_copy_my_first_package_msgs
[3.552s] [  2%] Built target my_first_package_msgs__rosidl_generator_type_description
[3.569s] [  5%] [34m[1mGenerating C code for ROS interfaces[0m
[3.586s] [  8%] [34m[1mGenerating C++ code for ROS interfaces[0m
[3.629s] running egg_info
[3.670s] creating my_first_package_msgs.egg-info
[3.671s] writing my_first_package_msgs.egg-info/PKG-INFO
[3.671s] writing dependency_links to my_first_package_msgs.egg-info/dependency_links.txt
[3.671s] writing top-level names to my_first_package_msgs.egg-info/top_level.txt
[3.671s] writing manifest file 'my_first_package_msgs.egg-info/SOURCES.txt'
[3.797s] reading manifest file 'my_first_package_msgs.egg-info/SOURCES.txt'
[3.798s] writing manifest file 'my_first_package_msgs.egg-info/SOURCES.txt'
[3.869s] [  8%] Built target ament_cmake_python_build_my_first_package_msgs_egg
[4.040s] [  8%] Built target my_first_package_msgs__cpp
[4.066s] [ 17%] [32mBuilding C object CMakeFiles/my_first_package_msgs__rosidl_generator_c.dir/rosidl_generator_c/my_first_package_msgs/msg/detail/cmd_and_pose_vel__functions.c.o[0m
[4.066s] [ 17%] [32mBuilding C object CMakeFiles/my_first_package_msgs__rosidl_generator_c.dir/rosidl_generator_c/my_first_package_msgs/msg/detail/cmd_and_pose_vel__type_support.c.o[0m
[4.066s] [ 17%] [32mBuilding C object CMakeFiles/my_first_package_msgs__rosidl_generator_c.dir/rosidl_generator_c/my_first_package_msgs/msg/detail/cmd_and_pose_vel__description.c.o[0m
[4.138s] [ 20%] [32m[1mLinking C shared library libmy_first_package_msgs__rosidl_generator_c.so[0m
[4.195s] [ 20%] Built target my_first_package_msgs__rosidl_generator_c
[4.209s] [ 29%] [34m[1mGenerating C++ type support dispatch for ROS interfaces[0m
[4.209s] [ 29%] [34m[1mGenerating C++ type support for eProsima Fast-RTPS[0m
[4.209s] [ 29%] [34m[1mGenerating C type support for eProsima Fast-RTPS[0m
[4.210s] [ 32%] [34m[1mGenerating C type support dispatch for ROS interfaces[0m
[4.211s] [ 35%] [34m[1mGenerating C++ introspection for ROS interfaces[0m
[4.219s] [ 38%] [34m[1mGenerating C introspection for ROS interfaces[0m
[4.687s] [ 41%] [32mBuilding CXX object CMakeFiles/my_first_package_msgs__rosidl_typesupport_cpp.dir/rosidl_typesupport_cpp/my_first_package_msgs/msg/cmd_and_pose_vel__type_support.cpp.o[0m
[4.721s] [ 44%] [32mBuilding CXX object CMakeFiles/my_first_package_msgs__rosidl_typesupport_introspection_cpp.dir/rosidl_typesupport_introspection_cpp/my_first_package_msgs/msg/detail/cmd_and_pose_vel__type_support.cpp.o[0m
[4.732s] [ 47%] [32mBuilding CXX object CMakeFiles/my_first_package_msgs__rosidl_typesupport_fastrtps_c.dir/rosidl_typesupport_fastrtps_c/my_first_package_msgs/msg/detail/cmd_and_pose_vel__type_support_c.cpp.o[0m
[4.756s] [ 50%] [32mBuilding CXX object CMakeFiles/my_first_package_msgs__rosidl_typesupport_c.dir/rosidl_typesupport_c/my_first_package_msgs/msg/cmd_and_pose_vel__type_support.cpp.o[0m
[4.765s] [ 52%] [32mBuilding C object CMakeFiles/my_first_package_msgs__rosidl_typesupport_introspection_c.dir/rosidl_typesupport_introspection_c/my_first_package_msgs/msg/detail/cmd_and_pose_vel__type_support.c.o[0m
[4.824s] [ 55%] [32mBuilding CXX object CMakeFiles/my_first_package_msgs__rosidl_typesupport_fastrtps_cpp.dir/rosidl_typesupport_fastrtps_cpp/my_first_package_msgs/msg/detail/dds_fastrtps/cmd_and_pose_vel__type_support.cpp.o[0m
[4.834s] [ 58%] [32m[1mLinking CXX shared library libmy_first_package_msgs__rosidl_typesupport_c.so[0m
[4.839s] [ 61%] [32m[1mLinking C shared library libmy_first_package_msgs__rosidl_typesupport_introspection_c.so[0m
[4.931s] [ 61%] Built target my_first_package_msgs__rosidl_typesupport_introspection_c
[4.936s] [ 61%] Built target my_first_package_msgs__rosidl_typesupport_c
[5.220s] [ 64%] [32m[1mLinking CXX shared library libmy_first_package_msgs__rosidl_typesupport_cpp.so[0m
[5.290s] [ 64%] Built target my_first_package_msgs__rosidl_typesupport_cpp
[5.310s] [ 67%] [32m[1mLinking CXX shared library libmy_first_package_msgs__rosidl_typesupport_introspection_cpp.so[0m
[5.378s] [ 67%] Built target my_first_package_msgs__rosidl_typesupport_introspection_cpp
[5.493s] [ 70%] [32m[1mLinking CXX shared library libmy_first_package_msgs__rosidl_typesupport_fastrtps_c.so[0m
[5.611s] [ 70%] Built target my_first_package_msgs__rosidl_typesupport_fastrtps_c
[5.649s] [ 73%] [32m[1mLinking CXX shared library libmy_first_package_msgs__rosidl_typesupport_fastrtps_cpp.so[0m
[5.716s] [ 73%] Built target my_first_package_msgs__rosidl_typesupport_fastrtps_cpp
[5.734s] [ 73%] Built target my_first_package_msgs
[5.755s] [ 76%] [34m[1mGenerating Python code for ROS interfaces[0m
[6.120s] [ 76%] Built target my_first_package_msgs__py
[6.138s] [ 79%] [32mBuilding C object CMakeFiles/my_first_package_msgs__rosidl_generator_py.dir/rosidl_generator_py/my_first_package_msgs/msg/_cmd_and_pose_vel_s.c.o[0m
[6.274s] [ 82%] [32m[1mLinking C shared library libmy_first_package_msgs__rosidl_generator_py.so[0m
[6.316s] [ 82%] Built target my_first_package_msgs__rosidl_generator_py
[6.340s] [ 85%] [32mBuilding C object CMakeFiles/my_first_package_msgs_s__rosidl_typesupport_fastrtps_c.dir/rosidl_generator_py/my_first_package_msgs/_my_first_package_msgs_s.ep.rosidl_typesupport_fastrtps_c.c.o[0m
[6.346s] [ 91%] [32mBuilding C object CMakeFiles/my_first_package_msgs_s__rosidl_typesupport_introspection_c.dir/rosidl_generator_py/my_first_package_msgs/_my_first_package_msgs_s.ep.rosidl_typesupport_introspection_c.c.o[0m
[6.346s] [ 91%] [32mBuilding C object CMakeFiles/my_first_package_msgs_s__rosidl_typesupport_c.dir/rosidl_generator_py/my_first_package_msgs/_my_first_package_msgs_s.ep.rosidl_typesupport_c.c.o[0m
[6.484s] [ 94%] [32m[1mLinking C shared module rosidl_generator_py/my_first_package_msgs/my_first_package_msgs_s__rosidl_typesupport_fastrtps_c.so[0m
[6.533s] [ 97%] [32m[1mLinking C shared module rosidl_generator_py/my_first_package_msgs/my_first_package_msgs_s__rosidl_typesupport_c.so[0m
[6.534s] [100%] [32m[1mLinking C shared module rosidl_generator_py/my_first_package_msgs/my_first_package_msgs_s__rosidl_typesupport_introspection_c.so[0m
[6.540s] [100%] Built target my_first_package_msgs_s__rosidl_typesupport_fastrtps_c
[6.576s] [100%] Built target my_first_package_msgs_s__rosidl_typesupport_c
[6.577s] [100%] Built target my_first_package_msgs_s__rosidl_typesupport_introspection_c
[6.597s] Invoked command in '/home/tm/dev_ws/ros_c++/build/my_first_package_msgs' returned '0': CMAKE_PREFIX_PATH=${CMAKE_PREFIX_PATH}:/opt/ros/jazzy DEBUGINFOD_URLS=https://debuginfod.ubuntu.com VIRTUAL_ENV_PROMPT=(ros) /usr/bin/cmake --build /home/tm/dev_ws/ros_c++/build/my_first_package_msgs -- -j12 -l12
[6.610s] Invoking command in '/home/tm/dev_ws/ros_c++/build/my_first_package_msgs': CMAKE_PREFIX_PATH=${CMAKE_PREFIX_PATH}:/opt/ros/jazzy DEBUGINFOD_URLS=https://debuginfod.ubuntu.com VIRTUAL_ENV_PROMPT=(ros) /usr/bin/cmake --install /home/tm/dev_ws/ros_c++/build/my_first_package_msgs
[6.619s] -- Install configuration: ""
[6.619s] -- Installing: /home/tm/dev_ws/ros_c++/install/my_first_package_msgs/share/ament_index/resource_index/rosidl_interfaces/my_first_package_msgs
[6.620s] -- Installing: /home/tm/dev_ws/ros_c++/install/my_first_package_msgs/share/my_first_package_msgs/msg/CmdAndPoseVel.json
[6.620s] -- Installing: /home/tm/dev_ws/ros_c++/install/my_first_package_msgs/include/my_first_package_msgs/my_first_package_msgs
[6.620s] -- Installing: /home/tm/dev_ws/ros_c++/install/my_first_package_msgs/include/my_first_package_msgs/my_first_package_msgs/msg
[6.620s] -- Installing: /home/tm/dev_ws/ros_c++/install/my_first_package_msgs/include/my_first_package_msgs/my_first_package_msgs/msg/detail
[6.621s] -- Installing: /home/tm/dev_ws/ros_c++/install/my_first_package_msgs/include/my_first_package_msgs/my_first_package_msgs/msg/detail/cmd_and_pose_vel__type_support.c
[6.621s] -- Installing: /home/tm/dev_ws/ros_c++/install/my_first_package_msgs/include/my_first_package_msgs/my_first_package_msgs/msg/detail/cmd_and_pose_vel__type_support.h
[6.621s] -- Installing: /home/tm/dev_ws/ros_c++/install/my_first_package_msgs/include/my_first_package_msgs/my_first_package_msgs/msg/detail/cmd_and_pose_vel__functions.h
[6.621s] -- Installing: /home/tm/dev_ws/ros_c++/install/my_first_package_msgs/include/my_first_package_msgs/my_first_package_msgs/msg/detail/cmd_and_pose_vel__description.c
[6.621s] -- Installing: /home/tm/dev_ws/ros_c++/install/my_first_package_msgs/include/my_first_package_msgs/my_first_package_msgs/msg/detail/cmd_and_pose_vel__struct.h
[6.621s] -- Installing: /home/tm/dev_ws/ros_c++/install/my_first_package_msgs/include/my_first_package_msgs/my_first_package_msgs/msg/detail/cmd_and_pose_vel__functions.c
[6.621s] -- Installing: /home/tm/dev_ws/ros_c++/install/my_first_package_msgs/include/my_first_package_msgs/my_first_package_msgs/msg/cmd_and_pose_vel.h
[6.622s] -- Installing: /home/tm/dev_ws/ros_c++/install/my_first_package_msgs/include/my_first_package_msgs/my_first_package_msgs/msg/rosidl_generator_c__visibility_control.h
[6.622s] -- Installing: /home/tm/dev_ws/ros_c++/install/my_first_package_msgs/share/my_first_package_msgs/environment/library_path.sh
[6.622s] -- Installing: /home/tm/dev_ws/ros_c++/install/my_first_package_msgs/share/my_first_package_msgs/environment/library_path.dsv
[6.622s] -- Installing: /home/tm/dev_ws/ros_c++/install/my_first_package_msgs/lib/libmy_first_package_msgs__rosidl_generator_c.so
[6.623s] -- Set non-toolchain portion of runtime path of "/home/tm/dev_ws/ros_c++/install/my_first_package_msgs/lib/libmy_first_package_msgs__rosidl_generator_c.so" to ""
[6.623s] -- Up-to-date: /home/tm/dev_ws/ros_c++/install/my_first_package_msgs/include/my_first_package_msgs/my_first_package_msgs
[6.623s] -- Up-to-date: /home/tm/dev_ws/ros_c++/install/my_first_package_msgs/include/my_first_package_msgs/my_first_package_msgs/msg
[6.623s] -- Installing: /home/tm/dev_ws/ros_c++/install/my_first_package_msgs/include/my_first_package_msgs/my_first_package_msgs/msg/rosidl_typesupport_fastrtps_c__visibility_control.h
[6.624s] -- Up-to-date: /home/tm/dev_ws/ros_c++/install/my_first_package_msgs/include/my_first_package_msgs/my_first_package_msgs/msg/detail
[6.624s] -- Installing: /home/tm/dev_ws/ros_c++/install/my_first_package_msgs/include/my_first_package_msgs/my_first_package_msgs/msg/detail/cmd_and_pose_vel__rosidl_typesupport_fastrtps_c.h
[6.624s] -- Installing: /home/tm/dev_ws/ros_c++/install/my_first_package_msgs/lib/libmy_first_package_msgs__rosidl_typesupport_fastrtps_c.so
[6.624s] -- Set non-toolchain portion of runtime path of "/home/tm/dev_ws/ros_c++/install/my_first_package_msgs/lib/libmy_first_package_msgs__rosidl_typesupport_fastrtps_c.so" to ""
[6.624s] -- Up-to-date: /home/tm/dev_ws/ros_c++/install/my_first_package_msgs/include/my_first_package_msgs/my_first_package_msgs
[6.625s] -- Up-to-date: /home/tm/dev_ws/ros_c++/install/my_first_package_msgs/include/my_first_package_msgs/my_first_package_msgs/msg
[6.625s] -- Up-to-date: /home/tm/dev_ws/ros_c++/install/my_first_package_msgs/include/my_first_package_msgs/my_first_package_msgs/msg/detail
[6.625s] -- Up-to-date: /home/tm/dev_ws/ros_c++/install/my_first_package_msgs/include/my_first_package_msgs/my_first_package_msgs/msg/detail/cmd_and_pose_vel__type_support.c
[6.625s] -- Installing: /home/tm/dev_ws/ros_c++/install/my_first_package_msgs/include/my_first_package_msgs/my_first_package_msgs/msg/detail/cmd_and_pose_vel__rosidl_typesupport_introspection_c.h
[6.625s] -- Installing: /home/tm/dev_ws/ros_c++/install/my_first_package_msgs/include/my_first_package_msgs/my_first_package_msgs/msg/rosidl_typesupport_introspection_c__visibility_control.h
[6.625s] -- Installing: /home/tm/dev_ws/ros_c++/install/my_first_package_msgs/lib/libmy_first_package_msgs__rosidl_typesupport_introspection_c.so
[6.625s] -- Set non-toolchain portion of runtime path of "/home/tm/dev_ws/ros_c++/install/my_first_package_msgs/lib/libmy_first_package_msgs__rosidl_typesupport_introspection_c.so" to ""
[6.626s] -- Installing: /home/tm/dev_ws/ros_c++/install/my_first_package_msgs/lib/libmy_first_package_msgs__rosidl_typesupport_c.so
[6.626s] -- Set non-toolchain portion of runtime path of "/home/tm/dev_ws/ros_c++/install/my_first_package_msgs/lib/libmy_first_package_msgs__rosidl_typesupport_c.so" to ""
[6.626s] -- Up-to-date: /home/tm/dev_ws/ros_c++/install/my_first_package_msgs/include/my_first_package_msgs/my_first_package_msgs
[6.626s] -- Up-to-date: /home/tm/dev_ws/ros_c++/install/my_first_package_msgs/include/my_first_package_msgs/my_first_package_msgs/msg
[6.626s] -- Up-to-date: /home/tm/dev_ws/ros_c++/install/my_first_package_msgs/include/my_first_package_msgs/my_first_package_msgs/msg/detail
[6.626s] -- Installing: /home/tm/dev_ws/ros_c++/install/my_first_package_msgs/include/my_first_package_msgs/my_first_package_msgs/msg/detail/cmd_and_pose_vel__type_support.hpp
[6.626s] -- Installing: /home/tm/dev_ws/ros_c++/install/my_first_package_msgs/include/my_first_package_msgs/my_first_package_msgs/msg/detail/cmd_and_pose_vel__traits.hpp
[6.627s] -- Installing: /home/tm/dev_ws/ros_c++/install/my_first_package_msgs/include/my_first_package_msgs/my_first_package_msgs/msg/detail/cmd_and_pose_vel__builder.hpp
[6.627s] -- Installing: /home/tm/dev_ws/ros_c++/install/my_first_package_msgs/include/my_first_package_msgs/my_first_package_msgs/msg/detail/cmd_and_pose_vel__struct.hpp
[6.627s] -- Installing: /home/tm/dev_ws/ros_c++/install/my_first_package_msgs/include/my_first_package_msgs/my_first_package_msgs/msg/cmd_and_pose_vel.hpp
[6.627s] -- Installing: /home/tm/dev_ws/ros_c++/install/my_first_package_msgs/include/my_first_package_msgs/my_first_package_msgs/msg/rosidl_generator_cpp__visibility_control.hpp
[6.627s] -- Up-to-date: /home/tm/dev_ws/ros_c++/install/my_first_package_msgs/include/my_first_package_msgs/my_first_package_msgs
[6.627s] -- Up-to-date: /home/tm/dev_ws/ros_c++/install/my_first_package_msgs/include/my_first_package_msgs/my_first_package_msgs/msg
[6.628s] -- Up-to-date: /home/tm/dev_ws/ros_c++/install/my_first_package_msgs/include/my_first_package_msgs/my_first_package_msgs/msg/detail
[6.628s] -- Installing: /home/tm/dev_ws/ros_c++/install/my_first_package_msgs/include/my_first_package_msgs/my_first_package_msgs/msg/detail/dds_fastrtps
[6.628s] -- Installing: /home/tm/dev_ws/ros_c++/install/my_first_package_msgs/include/my_first_package_msgs/my_first_package_msgs/msg/detail/cmd_and_pose_vel__rosidl_typesupport_fastrtps_cpp.hpp
[6.628s] -- Installing: /home/tm/dev_ws/ros_c++/install/my_first_package_msgs/include/my_first_package_msgs/my_first_package_msgs/msg/rosidl_typesupport_fastrtps_cpp__visibility_control.h
[6.628s] -- Installing: /home/tm/dev_ws/ros_c++/install/my_first_package_msgs/lib/libmy_first_package_msgs__rosidl_typesupport_fastrtps_cpp.so
[6.628s] -- Set non-toolchain portion of runtime path of "/home/tm/dev_ws/ros_c++/install/my_first_package_msgs/lib/libmy_first_package_msgs__rosidl_typesupport_fastrtps_cpp.so" to ""
[6.628s] -- Up-to-date: /home/tm/dev_ws/ros_c++/install/my_first_package_msgs/include/my_first_package_msgs/my_first_package_msgs
[6.629s] -- Up-to-date: /home/tm/dev_ws/ros_c++/install/my_first_package_msgs/include/my_first_package_msgs/my_first_package_msgs/msg
[6.629s] -- Up-to-date: /home/tm/dev_ws/ros_c++/install/my_first_package_msgs/include/my_first_package_msgs/my_first_package_msgs/msg/detail
[6.629s] -- Installing: /home/tm/dev_ws/ros_c++/install/my_first_package_msgs/include/my_first_package_msgs/my_first_package_msgs/msg/detail/cmd_and_pose_vel__rosidl_typesupport_introspection_cpp.hpp
[6.629s] -- Installing: /home/tm/dev_ws/ros_c++/install/my_first_package_msgs/include/my_first_package_msgs/my_first_package_msgs/msg/detail/cmd_and_pose_vel__type_support.cpp
[6.629s] -- Installing: /home/tm/dev_ws/ros_c++/install/my_first_package_msgs/lib/libmy_first_package_msgs__rosidl_typesupport_introspection_cpp.so
[6.629s] -- Set non-toolchain portion of runtime path of "/home/tm/dev_ws/ros_c++/install/my_first_package_msgs/lib/libmy_first_package_msgs__rosidl_typesupport_introspection_cpp.so" to ""
[6.630s] -- Installing: /home/tm/dev_ws/ros_c++/install/my_first_package_msgs/lib/libmy_first_package_msgs__rosidl_typesupport_cpp.so
[6.630s] -- Set non-toolchain portion of runtime path of "/home/tm/dev_ws/ros_c++/install/my_first_package_msgs/lib/libmy_first_package_msgs__rosidl_typesupport_cpp.so" to ""
[6.630s] -- Installing: /home/tm/dev_ws/ros_c++/install/my_first_package_msgs/share/my_first_package_msgs/environment/pythonpath.sh
[6.630s] -- Installing: /home/tm/dev_ws/ros_c++/install/my_first_package_msgs/share/my_first_package_msgs/environment/pythonpath.dsv
[6.630s] -- Installing: /home/tm/dev_ws/ros_c++/install/my_first_package_msgs/lib/python3.12/site-packages/my_first_package_msgs-0.0.0-py3.12.egg-info
[6.630s] -- Installing: /home/tm/dev_ws/ros_c++/install/my_first_package_msgs/lib/python3.12/site-packages/my_first_package_msgs-0.0.0-py3.12.egg-info/PKG-INFO
[6.630s] -- Installing: /home/tm/dev_ws/ros_c++/install/my_first_package_msgs/lib/python3.12/site-packages/my_first_package_msgs-0.0.0-py3.12.egg-info/top_level.txt
[6.631s] -- Installing: /home/tm/dev_ws/ros_c++/install/my_first_package_msgs/lib/python3.12/site-packages/my_first_package_msgs-0.0.0-py3.12.egg-info/SOURCES.txt
[6.631s] -- Installing: /home/tm/dev_ws/ros_c++/install/my_first_package_msgs/lib/python3.12/site-packages/my_first_package_msgs-0.0.0-py3.12.egg-info/dependency_links.txt
[6.631s] -- Installing: /home/tm/dev_ws/ros_c++/install/my_first_package_msgs/lib/python3.12/site-packages/my_first_package_msgs
[6.631s] -- Installing: /home/tm/dev_ws/ros_c++/install/my_first_package_msgs/lib/python3.12/site-packages/my_first_package_msgs/my_first_package_msgs_s__rosidl_typesupport_fastrtps_c.so
[6.631s] -- Installing: /home/tm/dev_ws/ros_c++/install/my_first_package_msgs/lib/python3.12/site-packages/my_first_package_msgs/_my_first_package_msgs_s.ep.rosidl_typesupport_introspection_c.c
[6.631s] -- Installing: /home/tm/dev_ws/ros_c++/install/my_first_package_msgs/lib/python3.12/site-packages/my_first_package_msgs/_my_first_package_msgs_s.ep.rosidl_typesupport_c.c
[6.631s] -- Installing: /home/tm/dev_ws/ros_c++/install/my_first_package_msgs/lib/python3.12/site-packages/my_first_package_msgs/my_first_package_msgs_s__rosidl_typesupport_introspection_c.so
[6.631s] -- Installing: /home/tm/dev_ws/ros_c++/install/my_first_package_msgs/lib/python3.12/site-packages/my_first_package_msgs/_my_first_package_msgs_s.ep.rosidl_typesupport_fastrtps_c.c
[6.632s] -- Installing: /home/tm/dev_ws/ros_c++/install/my_first_package_msgs/lib/python3.12/site-packages/my_first_package_msgs/msg
[6.632s] -- Installing: /home/tm/dev_ws/ros_c++/install/my_first_package_msgs/lib/python3.12/site-packages/my_first_package_msgs/msg/_cmd_and_pose_vel_s.c
[6.632s] -- Installing: /home/tm/dev_ws/ros_c++/install/my_first_package_msgs/lib/python3.12/site-packages/my_first_package_msgs/msg/_cmd_and_pose_vel.py
[6.632s] -- Installing: /home/tm/dev_ws/ros_c++/install/my_first_package_msgs/lib/python3.12/site-packages/my_first_package_msgs/msg/__init__.py
[6.632s] -- Installing: /home/tm/dev_ws/ros_c++/install/my_first_package_msgs/lib/python3.12/site-packages/my_first_package_msgs/__init__.py
[6.632s] -- Installing: /home/tm/dev_ws/ros_c++/install/my_first_package_msgs/lib/python3.12/site-packages/my_first_package_msgs/my_first_package_msgs_s__rosidl_typesupport_c.so
[6.674s] Listing '/home/tm/dev_ws/ros_c++/install/my_first_package_msgs/lib/python3.12/site-packages/my_first_package_msgs'...
[6.674s] Compiling '/home/tm/dev_ws/ros_c++/install/my_first_package_msgs/lib/python3.12/site-packages/my_first_package_msgs/__init__.py'...
[6.674s] Listing '/home/tm/dev_ws/ros_c++/install/my_first_package_msgs/lib/python3.12/site-packages/my_first_package_msgs/msg'...
[6.674s] Compiling '/home/tm/dev_ws/ros_c++/install/my_first_package_msgs/lib/python3.12/site-packages/my_first_package_msgs/msg/__init__.py'...
[6.674s] Compiling '/home/tm/dev_ws/ros_c++/install/my_first_package_msgs/lib/python3.12/site-packages/my_first_package_msgs/msg/_cmd_and_pose_vel.py'...
[6.681s] -- Installing: /home/tm/dev_ws/ros_c++/install/my_first_package_msgs/lib/python3.12/site-packages/my_first_package_msgs/my_first_package_msgs_s__rosidl_typesupport_fastrtps_c.so
[6.681s] -- Set non-toolchain portion of runtime path of "/home/tm/dev_ws/ros_c++/install/my_first_package_msgs/lib/python3.12/site-packages/my_first_package_msgs/my_first_package_msgs_s__rosidl_typesupport_fastrtps_c.so" to ""
[6.681s] -- Installing: /home/tm/dev_ws/ros_c++/install/my_first_package_msgs/lib/python3.12/site-packages/my_first_package_msgs/my_first_package_msgs_s__rosidl_typesupport_introspection_c.so
[6.681s] -- Set non-toolchain portion of runtime path of "/home/tm/dev_ws/ros_c++/install/my_first_package_msgs/lib/python3.12/site-packages/my_first_package_msgs/my_first_package_msgs_s__rosidl_typesupport_introspection_c.so" to ""
[6.682s] -- Installing: /home/tm/dev_ws/ros_c++/install/my_first_package_msgs/lib/python3.12/site-packages/my_first_package_msgs/my_first_package_msgs_s__rosidl_typesupport_c.so
[6.682s] -- Set non-toolchain portion of runtime path of "/home/tm/dev_ws/ros_c++/install/my_first_package_msgs/lib/python3.12/site-packages/my_first_package_msgs/my_first_package_msgs_s__rosidl_typesupport_c.so" to ""
[6.682s] -- Installing: /home/tm/dev_ws/ros_c++/install/my_first_package_msgs/lib/libmy_first_package_msgs__rosidl_generator_py.so
[6.682s] -- Set non-toolchain portion of runtime path of "/home/tm/dev_ws/ros_c++/install/my_first_package_msgs/lib/libmy_first_package_msgs__rosidl_generator_py.so" to ""
[6.682s] -- Installing: /home/tm/dev_ws/ros_c++/install/my_first_package_msgs/share/my_first_package_msgs/msg/CmdAndPoseVel.idl
[6.683s] -- Installing: /home/tm/dev_ws/ros_c++/install/my_first_package_msgs/share/my_first_package_msgs/msg/CmdAndPoseVel.msg
[6.683s] -- Installing: /home/tm/dev_ws/ros_c++/install/my_first_package_msgs/share/ament_index/resource_index/package_run_dependencies/my_first_package_msgs
[6.683s] -- Installing: /home/tm/dev_ws/ros_c++/install/my_first_package_msgs/share/ament_index/resource_index/parent_prefix_path/my_first_package_msgs
[6.683s] -- Installing: /home/tm/dev_ws/ros_c++/install/my_first_package_msgs/share/my_first_package_msgs/environment/ament_prefix_path.sh
[6.683s] -- Installing: /home/tm/dev_ws/ros_c++/install/my_first_package_msgs/share/my_first_package_msgs/environment/ament_prefix_path.dsv
[6.684s] -- Installing: /home/tm/dev_ws/ros_c++/install/my_first_package_msgs/share/my_first_package_msgs/environment/path.sh
[6.684s] -- Installing: /home/tm/dev_ws/ros_c++/install/my_first_package_msgs/share/my_first_package_msgs/environment/path.dsv
[6.684s] -- Installing: /home/tm/dev_ws/ros_c++/install/my_first_package_msgs/share/my_first_package_msgs/local_setup.bash
[6.684s] -- Installing: /home/tm/dev_ws/ros_c++/install/my_first_package_msgs/share/my_first_package_msgs/local_setup.sh
[6.684s] -- Installing: /home/tm/dev_ws/ros_c++/install/my_first_package_msgs/share/my_first_package_msgs/local_setup.zsh
[6.684s] -- Installing: /home/tm/dev_ws/ros_c++/install/my_first_package_msgs/share/my_first_package_msgs/local_setup.dsv
[6.685s] -- Installing: /home/tm/dev_ws/ros_c++/install/my_first_package_msgs/share/my_first_package_msgs/package.dsv
[6.685s] -- Installing: /home/tm/dev_ws/ros_c++/install/my_first_package_msgs/share/ament_index/resource_index/packages/my_first_package_msgs
[6.685s] -- Installing: /home/tm/dev_ws/ros_c++/install/my_first_package_msgs/share/my_first_package_msgs/cmake/export_my_first_package_msgs__rosidl_generator_cExport.cmake
[6.685s] -- Installing: /home/tm/dev_ws/ros_c++/install/my_first_package_msgs/share/my_first_package_msgs/cmake/export_my_first_package_msgs__rosidl_generator_cExport-noconfig.cmake
[6.685s] -- Installing: /home/tm/dev_ws/ros_c++/install/my_first_package_msgs/share/my_first_package_msgs/cmake/export_my_first_package_msgs__rosidl_typesupport_fastrtps_cExport.cmake
[6.685s] -- Installing: /home/tm/dev_ws/ros_c++/install/my_first_package_msgs/share/my_first_package_msgs/cmake/export_my_first_package_msgs__rosidl_typesupport_fastrtps_cExport-noconfig.cmake
[6.686s] -- Installing: /home/tm/dev_ws/ros_c++/install/my_first_package_msgs/share/my_first_package_msgs/cmake/my_first_package_msgs__rosidl_typesupport_introspection_cExport.cmake
[6.686s] -- Installing: /home/tm/dev_ws/ros_c++/install/my_first_package_msgs/share/my_first_package_msgs/cmake/my_first_package_msgs__rosidl_typesupport_introspection_cExport-noconfig.cmake
[6.686s] -- Installing: /home/tm/dev_ws/ros_c++/install/my_first_package_msgs/share/my_first_package_msgs/cmake/my_first_package_msgs__rosidl_typesupport_cExport.cmake
[6.686s] -- Installing: /home/tm/dev_ws/ros_c++/install/my_first_package_msgs/share/my_first_package_msgs/cmake/my_first_package_msgs__rosidl_typesupport_cExport-noconfig.cmake
[6.686s] -- Installing: /home/tm/dev_ws/ros_c++/install/my_first_package_msgs/share/my_first_package_msgs/cmake/export_my_first_package_msgs__rosidl_generator_cppExport.cmake
[6.686s] -- Installing: /home/tm/dev_ws/ros_c++/install/my_first_package_msgs/share/my_first_package_msgs/cmake/export_my_first_package_msgs__rosidl_typesupport_fastrtps_cppExport.cmake
[6.686s] -- Installing: /home/tm/dev_ws/ros_c++/install/my_first_package_msgs/share/my_first_package_msgs/cmake/export_my_first_package_msgs__rosidl_typesupport_fastrtps_cppExport-noconfig.cmake
[6.687s] -- Installing: /home/tm/dev_ws/ros_c++/install/my_first_package_msgs/share/my_first_package_msgs/cmake/my_first_package_msgs__rosidl_typesupport_introspection_cppExport.cmake
[6.687s] -- Installing: /home/tm/dev_ws/ros_c++/install/my_first_package_msgs/share/my_first_package_msgs/cmake/my_first_package_msgs__rosidl_typesupport_introspection_cppExport-noconfig.cmake
[6.687s] -- Installing: /home/tm/dev_ws/ros_c++/install/my_first_package_msgs/share/my_first_package_msgs/cmake/my_first_package_msgs__rosidl_typesupport_cppExport.cmake
[6.687s] -- Installing: /home/tm/dev_ws/ros_c++/install/my_first_package_msgs/share/my_first_package_msgs/cmake/my_first_package_msgs__rosidl_typesupport_cppExport-noconfig.cmake
[6.687s] -- Installing: /home/tm/dev_ws/ros_c++/install/my_first_package_msgs/share/my_first_package_msgs/cmake/export_my_first_package_msgs__rosidl_generator_pyExport.cmake
[6.687s] -- Installing: /home/tm/dev_ws/ros_c++/install/my_first_package_msgs/share/my_first_package_msgs/cmake/export_my_first_package_msgs__rosidl_generator_pyExport-noconfig.cmake
[6.688s] -- Installing: /home/tm/dev_ws/ros_c++/install/my_first_package_msgs/share/my_first_package_msgs/cmake/rosidl_cmake-extras.cmake
[6.688s] -- Installing: /home/tm/dev_ws/ros_c++/install/my_first_package_msgs/share/my_first_package_msgs/cmake/ament_cmake_export_include_directories-extras.cmake
[6.688s] -- Installing: /home/tm/dev_ws/ros_c++/install/my_first_package_msgs/share/my_first_package_msgs/cmake/ament_cmake_export_libraries-extras.cmake
[6.688s] -- Installing: /home/tm/dev_ws/ros_c++/install/my_first_package_msgs/share/my_first_package_msgs/cmake/ament_cmake_export_targets-extras.cmake
[6.688s] -- Installing: /home/tm/dev_ws/ros_c++/install/my_first_package_msgs/share/my_first_package_msgs/cmake/rosidl_cmake_export_typesupport_targets-extras.cmake
[6.688s] -- Installing: /home/tm/dev_ws/ros_c++/install/my_first_package_msgs/share/my_first_package_msgs/cmake/ament_cmake_export_dependencies-extras.cmake
[6.689s] -- Installing: /home/tm/dev_ws/ros_c++/install/my_first_package_msgs/share/my_first_package_msgs/cmake/rosidl_cmake_export_typesupport_libraries-extras.cmake
[6.689s] -- Installing: /home/tm/dev_ws/ros_c++/install/my_first_package_msgs/share/my_first_package_msgs/cmake/my_first_package_msgsConfig.cmake
[6.689s] -- Installing: /home/tm/dev_ws/ros_c++/install/my_first_package_msgs/share/my_first_package_msgs/cmake/my_first_package_msgsConfig-version.cmake
[6.689s] -- Installing: /home/tm/dev_ws/ros_c++/install/my_first_package_msgs/share/my_first_package_msgs/package.xml
[6.691s] Invoked command in '/home/tm/dev_ws/ros_c++/build/my_first_package_msgs' returned '0': CMAKE_PREFIX_PATH=${CMAKE_PREFIX_PATH}:/opt/ros/jazzy DEBUGINFOD_URLS=https://debuginfod.ubuntu.com VIRTUAL_ENV_PROMPT=(ros) /usr/bin/cmake --install /home/tm/dev_ws/ros_c++/build/my_first_package_msgs
