[0.017s] Invoking command in '/home/tm/dev_ws/ros_c++/build/my_first_package': CMAKE_PREFIX_PATH=${CMAKE_PREFIX_PATH}:/home/tm/dev_ws/ros/install/my_test_package:/home/tm/dev_ws/ros/install/my_first_package:/home/tm/dev_ws/ros/install/camera_package:/opt/ros/jazzy DEBUGINFOD_URLS=https://debuginfod.ubuntu.com VIRTUAL_ENV_PROMPT=(ros) /usr/bin/cmake --build /home/tm/dev_ws/ros_c++/build/my_first_package -- -j12 -l12
[0.106s] [ 37%] Built target talker
[0.107s] [ 37%] Built target server
[0.107s] [ 37%] Built target listener
[0.112s] [ 50%] Built target client
[0.115s] [ 62%] Built target publisher
[0.115s] [ 75%] Built target subscriber
[0.117s] [ 87%] Built target sub_pose
[0.118s] [ 93%] [32mBuilding CXX object CMakeFiles/my_service_server.dir/src/my_service_server.cpp.o[0m
[3.046s] [01m[K/home/tm/dev_ws/ros_c++/src/my_first_package/src/my_service_server.cpp:31:15:[m[K [01;31m[Kerror: [m[Kexpected nested-name-specifier before ‘[01m[Knamespace[m[K’
[3.046s]    31 |         using [01;31m[Knamespace[m[K std;
[3.046s]       |               [01;31m[K^~~~~~~~~[m[K
[3.080s] [01m[K/home/tm/dev_ws/ros_c++/src/my_first_package/src/my_service_server.cpp:62:48:[m[K [01;31m[Kerror: [m[K‘[01m[KSharePtr[m[K’ in ‘[01m[Kclass rclcpp::Client<turtlesim::srv::Spawn>[m[K’ does not name a type
[3.080s]    62 |         rclcpp::Client<turtlesim::srv::Spawn>::[01;31m[KSharePtr[m[K spawn;
[3.080s]       |                                                [01;31m[K^~~~~~~~[m[K
[3.082s] [01m[K/home/tm/dev_ws/ros_c++/src/my_first_package/src/my_service_server.cpp:67:9:[m[K [01;31m[Kerror: [m[K‘[01m[Kvector[m[K’ does not name a type
[3.083s]    67 |         [01;31m[Kvector[m[K<vector<double>> calc_position(int n, double r) {
[3.083s]       |         [01;31m[K^~~~~~[m[K
[3.097s] [01m[K/home/tm/dev_ws/ros_c++/src/my_first_package/src/my_service_server.cpp:[m[K In constructor ‘[01m[KMultiSpawning::[01;32m[KMultiSpawning[m[K()[m[K’:
[3.097s] [01m[K/home/tm/dev_ws/ros_c++/src/my_first_package/src/my_service_server.cpp:25:13:[m[K [01;31m[Kerror: [m[K‘[01m[Kspawn[m[K’ was not declared in this scope
[3.097s]    25 |             [01;31m[Kspawn[m[K = this->create_client<turtlesim::srv::Spawn>("/spawn");
[3.097s]       |             [01;31m[K^~~~~[m[K
[3.104s] [01m[K/home/tm/dev_ws/ros_c++/src/my_first_package/src/my_service_server.cpp:[m[K In member function ‘[01m[Kvoid MultiSpawning::[01;32m[Kcallback_service[m[K(std::shared_ptr<my_first_package_msgs::srv::MultiSpawn_Request_<std::allocator<void> > >, std::shared_ptr<my_first_package_msgs::srv::MultiSpawn_Response_<std::allocator<void> > >)[m[K’:
[3.104s] [01m[K/home/tm/dev_ws/ros_c++/src/my_first_package/src/my_service_server.cpp:34:33:[m[K [01;31m[Kerror: [m[K‘[01m[Kvector[m[K’ was not declared in this scope
[3.104s]    34 |                                 [01;31m[Kvector[m[K<vector<double>> x_y_theta = calc_position(request->num, 3);
[3.105s]       |                                 [01;31m[K^~~~~~[m[K
[3.105s] [01m[K/home/tm/dev_ws/ros_c++/src/my_first_package/src/my_service_server.cpp:34:33:[m[K [01;36m[Knote: [m[Ksuggested alternatives:
[3.105s] In file included from [01m[K/usr/include/c++/13/vector:66[m[K,
[3.105s]                  from [01m[K/home/tm/dev_ws/ros_c++/install/my_first_package_msgs/include/my_first_package_msgs/my_first_package_msgs/srv/detail/multi_spawn__struct.hpp:15[m[K,
[3.105s]                  from [01m[K/home/tm/dev_ws/ros_c++/install/my_first_package_msgs/include/my_first_package_msgs/my_first_package_msgs/srv/multi_spawn.hpp:7[m[K,
[3.105s]                  from [01m[K/home/tm/dev_ws/ros_c++/src/my_first_package/src/my_service_server.cpp:1[m[K:
[3.106s] [01m[K/usr/include/c++/13/bits/stl_vector.h:428:11:[m[K [01;36m[Knote: [m[K  ‘[01m[Kstd::vector[m[K’
[3.106s]   428 |     class [01;36m[Kvector[m[K : protected _Vector_base<_Tp, _Alloc>
[3.106s]       |           [01;36m[K^~~~~~[m[K
[3.106s] [01m[K/usr/include/c++/13/vector:86:13:[m[K [01;36m[Knote: [m[K  ‘[01m[Kstd::pmr::vector[m[K’
[3.106s]    86 |       using [01;36m[Kvector[m[K = std::vector<_Tp, polymorphic_allocator<_Tp>>;
[3.106s]       |             [01;36m[K^~~~~~[m[K
[3.106s] [01m[K/home/tm/dev_ws/ros_c++/src/my_first_package/src/my_service_server.cpp:34:47:[m[K [01;31m[Kerror: [m[Kexpected primary-expression before ‘[01m[Kdouble[m[K’
[3.107s]    34 |                                 vector<vector<[01;31m[Kdouble[m[K>> x_y_theta = calc_position(request->num, 3);
[3.107s]       |                                               [01;31m[K^~~~~~[m[K
[3.107s] [01m[K/home/tm/dev_ws/ros_c++/src/my_first_package/src/my_service_server.cpp:35:40:[m[K [01;31m[Kerror: [m[Kexpected primary-expression before ‘[01m[Kdouble[m[K’
[3.107s]    35 |                                 vector<[01;31m[Kdouble[m[K> x = x_y_theta[0];
[3.107s]       |                                        [01;31m[K^~~~~~[m[K
[3.107s] [01m[K/home/tm/dev_ws/ros_c++/src/my_first_package/src/my_service_server.cpp:36:40:[m[K [01;31m[Kerror: [m[Kexpected primary-expression before ‘[01m[Kdouble[m[K’
[3.107s]    36 |                                 vector<[01;31m[Kdouble[m[K> y = x_y_theta[1];
[3.107s]       |                                        [01;31m[K^~~~~~[m[K
[3.107s] [01m[K/home/tm/dev_ws/ros_c++/src/my_first_package/src/my_service_server.cpp:37:40:[m[K [01;31m[Kerror: [m[Kexpected primary-expression before ‘[01m[Kdouble[m[K’
[3.108s]    37 |                                 vector<[01;31m[Kdouble[m[K> theta = x_y_theta[2];
[3.108s]       |                                        [01;31m[K^~~~~~[m[K
[3.112s] [01m[K/home/tm/dev_ws/ros_c++/src/my_first_package/src/my_service_server.cpp:39:53:[m[K [01;31m[Kerror: [m[K‘[01m[Kx[m[K’ was not declared in this scope
[3.113s]    39 |                                 for (int i = 0; i < [01;31m[Kx[m[K.size(); i++) {
[3.113s]       |                                                     [01;31m[K^[m[K
[3.121s] [01m[K/home/tm/dev_ws/ros_c++/src/my_first_package/src/my_service_server.cpp:41:52:[m[K [01;31m[Kerror: [m[K‘[01m[Ky[m[K’ was not declared in this scope; did you mean ‘[01m[Kyn[m[K’?
[3.121s]    41 |                                     req_spawn->y = [01;31m[Ky[m[K[i] + center_y;
[3.121s]       |                                                    [01;31m[K^[m[K
[3.121s]       |                                                    [32m[Kyn[m[K
[3.130s] [01m[K/home/tm/dev_ws/ros_c++/src/my_first_package/src/my_service_server.cpp:42:56:[m[K [01;31m[Kerror: [m[K‘[01m[Ktheta[m[K’ was not declared in this scope
[3.130s]    42 |                                     req_spawn->theta = [01;31m[Ktheta[m[K[i];
[3.130s]       |                                                        [01;31m[K^~~~~[m[K
[3.136s] [01m[K/home/tm/dev_ws/ros_c++/src/my_first_package/src/my_service_server.cpp:44:45:[m[K [01;31m[Kerror: [m[K‘[01m[Kspawn[m[K’ was not declared in this scope
[3.136s]    44 |                                     while (![01;31m[Kspawn[m[K->wait_for_service(1s)) {
[3.136s]       |                                             [01;31m[K^~~~~[m[K
[3.138s] [01m[K/home/tm/dev_ws/ros_c++/src/my_first_package/src/my_service_server.cpp:51:65:[m[K [01;31m[Kerror: [m[Kno matching function for call to ‘[01m[Krclcpp::Client<turtlesim::srv::TeleportAbsolute>::async_send_request(rclcpp::Client<turtlesim::srv::Spawn>::SharedRequest&)[m[K’
[3.138s]    51 |                                     [01;31m[Kteleport->async_send_request(req_spawn)[m[K;
[3.138s]       |                                     [01;31m[K~~~~~~~~~~~~~~~~~~~~~~~~~~~~^~~~~~~~~~~[m[K
[3.139s] In file included from [01m[K/opt/ros/jazzy/include/rclcpp/rclcpp/callback_group.hpp:24[m[K,
[3.139s]                  from [01m[K/opt/ros/jazzy/include/rclcpp/rclcpp/any_executable.hpp:20[m[K,
[3.139s]                  from [01m[K/opt/ros/jazzy/include/rclcpp/rclcpp/memory_strategy.hpp:25[m[K,
[3.139s]                  from [01m[K/opt/ros/jazzy/include/rclcpp/rclcpp/memory_strategies.hpp:18[m[K,
[3.139s]                  from [01m[K/opt/ros/jazzy/include/rclcpp/rclcpp/executor_options.hpp:22[m[K,
[3.139s]                  from [01m[K/opt/ros/jazzy/include/rclcpp/rclcpp/executor.hpp:38[m[K,
[3.139s]                  from [01m[K/opt/ros/jazzy/include/rclcpp/rclcpp/executors/multi_threaded_executor.hpp:25[m[K,
[3.139s]                  from [01m[K/opt/ros/jazzy/include/rclcpp/rclcpp/executors.hpp:21[m[K,
[3.140s]                  from [01m[K/opt/ros/jazzy/include/rclcpp/rclcpp/rclcpp.hpp:172[m[K,
[3.140s]                  from [01m[K/home/tm/dev_ws/ros_c++/src/my_first_package/src/my_service_server.cpp:2[m[K:
[3.140s] [01m[K/opt/ros/jazzy/include/rclcpp/rclcpp/client.hpp:672:3:[m[K [01;36m[Knote: [m[Kcandidate: ‘[01m[Ktemplate<class CallbackT, typename std::enable_if<rclcpp::function_traits::same_arguments<CallbackT, std::function<void(std::shared_future<std::shared_ptr<turtlesim::srv::TeleportAbsolute_Response_<std::allocator<void> > > >)> >::value, void>::type* <anonymous> > rclcpp::Client<ServiceT>::SharedFutureAndRequestId rclcpp::Client<ServiceT>::[01;32m[Kasync_send_request[m[K(SharedRequest, CallbackT&&) [35m[K[with typename std::enable_if<rclcpp::function_traits::same_arguments<CallbackT, std::function<void(std::shared_future<typename ServiceT::Response::SharedPtr>)> >::value>::type* <anonymous> = CallbackT; ServiceT = turtlesim::srv::TeleportAbsolute][m[K[m[K’
[3.140s]   672 |   [01;36m[Kasync_send_request[m[K(SharedRequest request, CallbackT && cb)
[3.140s]       |   [01;36m[K^~~~~~~~~~~~~~~~~~[m[K
[3.140s] [01m[K/opt/ros/jazzy/include/rclcpp/rclcpp/client.hpp:672:3:[m[K [01;36m[Knote: [m[K  template argument deduction/substitution failed:
[3.141s] [01m[K/home/tm/dev_ws/ros_c++/src/my_first_package/src/my_service_server.cpp:51:65:[m[K [01;36m[Knote: [m[K  candidate expects 2 arguments, 1 provided
[3.141s]    51 |                                     [01;36m[Kteleport->async_send_request(req_spawn)[m[K;
[3.141s]       |                                     [01;36m[K~~~~~~~~~~~~~~~~~~~~~~~~~~~~^~~~~~~~~~~[m[K
[3.141s] [01m[K/opt/ros/jazzy/include/rclcpp/rclcpp/client.hpp:703:3:[m[K [01;36m[Knote: [m[Kcandidate: ‘[01m[Ktemplate<class CallbackT, typename std::enable_if<rclcpp::function_traits::same_arguments<CallbackT, std::function<void(std::shared_future<std::pair<std::shared_ptr<turtlesim::srv::TeleportAbsolute_Request_<std::allocator<void> > >, std::shared_ptr<turtlesim::srv::TeleportAbsolute_Response_<std::allocator<void> > > > >)> >::value, void>::type* <anonymous> > rclcpp::Client<ServiceT>::SharedFutureWithRequestAndRequestId rclcpp::Client<ServiceT>::[01;32m[Kasync_send_request[m[K(SharedRequest, CallbackT&&) [35m[K[with typename std::enable_if<rclcpp::function_traits::same_arguments<CallbackT, std::function<void(std::shared_future<std::pair<typename ServiceT::Request::SharedPtr, typename ServiceT::Response::SharedPtr> >)> >::value>::type* <anonymous> = CallbackT; ServiceT = turtlesim::srv::TeleportAbsolute][m[K[m[K’
[3.141s]   703 |   [01;36m[Kasync_send_request[m[K(SharedRequest request, CallbackT && cb)
[3.141s]       |   [01;36m[K^~~~~~~~~~~~~~~~~~[m[K
[3.141s] [01m[K/opt/ros/jazzy/include/rclcpp/rclcpp/client.hpp:703:3:[m[K [01;36m[Knote: [m[K  template argument deduction/substitution failed:
[3.142s] [01m[K/home/tm/dev_ws/ros_c++/src/my_first_package/src/my_service_server.cpp:51:65:[m[K [01;36m[Knote: [m[K  candidate expects 2 arguments, 1 provided
[3.142s]    51 |                                     [01;36m[Kteleport->async_send_request(req_spawn)[m[K;
[3.142s]       |                                     [01;36m[K~~~~~~~~~~~~~~~~~~~~~~~~~~~~^~~~~~~~~~~[m[K
[3.142s] [01m[K/opt/ros/jazzy/include/rclcpp/rclcpp/client.hpp:637:3:[m[K [01;36m[Knote: [m[Kcandidate: ‘[01m[Krclcpp::Client<ServiceT>::FutureAndRequestId rclcpp::Client<ServiceT>::[01;32m[Kasync_send_request[m[K(SharedRequest) [35m[K[with ServiceT = turtlesim::srv::TeleportAbsolute; SharedRequest = std::shared_ptr<turtlesim::srv::TeleportAbsolute_Request_<std::allocator<void> > >][m[K[m[K’
[3.142s]   637 |   [01;36m[Kasync_send_request[m[K(SharedRequest request)
[3.142s]       |   [01;36m[K^~~~~~~~~~~~~~~~~~[m[K
[3.142s] [01m[K/opt/ros/jazzy/include/rclcpp/rclcpp/client.hpp:637:36:[m[K [01;36m[Knote: [m[K  no known conversion for argument 1 from ‘[01m[Kshared_ptr<[01;32m[Kturtlesim::srv::Spawn_Request_<std::allocator<void> >[m[K>[m[K’ to ‘[01m[Kshared_ptr<[01;32m[Kturtlesim::srv::TeleportAbsolute_Request_<std::allocator<void> >[m[K>[m[K’
[3.142s]   637 |   async_send_request([01;36m[KSharedRequest request[m[K)
[3.142s]       |                      [01;36m[K~~~~~~~~~~~~~~^~~~~~~[m[K
[3.146s] [01m[K/home/tm/dev_ws/ros_c++/src/my_first_package/src/my_service_server.cpp:55:47:[m[K [01;31m[Kerror: [m[K‘[01m[Kx[m[K’ was not declared in this scope
[3.146s]    55 |                                 response->x = [01;31m[Kx[m[K;
[3.147s]       |                                               [01;31m[K^[m[K
[3.153s] [01m[K/home/tm/dev_ws/ros_c++/src/my_first_package/src/my_service_server.cpp:56:47:[m[K [01;31m[Kerror: [m[K‘[01m[Ky[m[K’ was not declared in this scope; did you mean ‘[01m[Kyn[m[K’?
[3.154s]    56 |                                 response->y = [01;31m[Ky[m[K;
[3.154s]       |                                               [01;31m[K^[m[K
[3.154s]       |                                               [32m[Kyn[m[K
[3.163s] [01m[K/home/tm/dev_ws/ros_c++/src/my_first_package/src/my_service_server.cpp:57:51:[m[K [01;31m[Kerror: [m[K‘[01m[Ktheta[m[K’ was not declared in this scope
[3.164s]    57 |                                 response->theta = [01;31m[Ktheta[m[K;
[3.164s]       |                                                   [01;31m[K^~~~~[m[K
[3.164s] [01m[K/home/tm/dev_ws/ros_c++/src/my_first_package/src/my_service_server.cpp:32:102:[m[K [01;35m[Kwarning: [m[Kunused parameter ‘[01m[Krequest[m[K’ [[01;35m[K]8;;https://gcc.gnu.org/onlinedocs/gcc/Warning-Options.html#index-Wunused-parameter-Wunused-parameter]8;;[m[K]
[3.164s]    32 |         void callback_service([01;35m[Kconst std::shared_ptr<my_first_package_msgs::srv::MultiSpawn::Request> request[m[K,
[3.164s]       |                               [01;35m[K~~~~~~~~~~~~~~~~~~~~~~~~~~~~~~~~~~~~~~~~~~~~~~~~~~~~~~~~~~~~~~~~~~~~~~~^~~~~~~[m[K
[4.665s] gmake[2]: *** [CMakeFiles/my_service_server.dir/build.make:76: CMakeFiles/my_service_server.dir/src/my_service_server.cpp.o] Error 1
[4.665s] gmake[1]: *** [CMakeFiles/Makefile2:333: CMakeFiles/my_service_server.dir/all] Error 2
[4.665s] gmake: *** [Makefile:146: all] Error 2
[4.667s] Invoked command in '/home/tm/dev_ws/ros_c++/build/my_first_package' returned '2': CMAKE_PREFIX_PATH=${CMAKE_PREFIX_PATH}:/home/tm/dev_ws/ros/install/my_test_package:/home/tm/dev_ws/ros/install/my_first_package:/home/tm/dev_ws/ros/install/camera_package:/opt/ros/jazzy DEBUGINFOD_URLS=https://debuginfod.ubuntu.com VIRTUAL_ENV_PROMPT=(ros) /usr/bin/cmake --build /home/tm/dev_ws/ros_c++/build/my_first_package -- -j12 -l12
