[0.010s] Invoking command in '/home/tm/dev_ws/ros_c++/build/my_first_package': CMAKE_PREFIX_PATH=${CMAKE_PREFIX_PATH}:/opt/ros/jazzy DEBUGINFOD_URLS=https://debuginfod.ubuntu.com VIRTUAL_ENV_PROMPT=(ros) /usr/bin/cmake --build /home/tm/dev_ws/ros_c++/build/my_first_package -- -j12 -l12
[0.066s] [ 14%] Built target client
[0.066s] [ 35%] Built target server
[0.066s] [ 42%] Built target publisher
[0.066s] [ 57%] Built target listener
[0.066s] [ 71%] Built target talker
[0.066s] [ 85%] Built target subscriber
[0.070s] [ 92%] [32mBuilding CXX object CMakeFiles/sub_pose.dir/src/turtle_cmd_and_pose.cpp.o[0m
[2.775s] [01m[K/home/tm/dev_ws/ros_c++/src/my_first_package/src/turtle_cmd_and_pose.cpp:[m[K In constructor ‘[01m[KCmdAndPose::[01;32m[KCmdAndPose[m[K()[m[K’:
[2.775s] [01m[K/home/tm/dev_ws/ros_c++/src/my_first_package/src/turtle_cmd_and_pose.cpp:16:78:[m[K [01;31m[Kerror: [m[Kno matching function for call to ‘[01m[KCmdAndPose::create_subscription<geometry_msgs::msg::Twist>(const char [17], std::_Bind_helper<false, void (CmdAndPose::*)(std::shared_ptr<geometry_msgs::msg::Twist_<std::allocator<void> > >), CmdAndPose*, const std::_Placeholder<1>&>::type)[m[K’
[2.775s]    16 |             sub_cmdvel = [01;31m[Kthis->create_subscription<geometry_msgs::msg::Twist>([m[K
[2.776s]       |                          [01;31m[K~~~~~~~~~~~~~~~~~~~~~~~~~~~~~~~~~~~~~~~~~~~~~~~~~~~~^[m[K
[2.776s]    17 | [01;31m[K                "/turtle1/cmd_vel", std::bind(&CmdAndPose::callback_cmd, this, _1)[m[K
[2.776s]       |                 [01;31m[K~~~~~~~~~~~~~~~~~~~~~~~~~~~~~~~~~~~~~~~~~~~~~~~~~~~~~~~~~~~~~~~~~~[m[K
[2.776s]    18 | [01;31m[K            )[m[K;
[2.776s]       |             [01;31m[K~[m[K                                                                 
[2.776s] In file included from [01m[K/opt/ros/jazzy/include/rclcpp/rclcpp/node.hpp:1663[m[K,
[2.776s]                  from [01m[K/opt/ros/jazzy/include/rclcpp/rclcpp/executors/single_threaded_executor.hpp:28[m[K,
[2.776s]                  from [01m[K/opt/ros/jazzy/include/rclcpp/rclcpp/executors.hpp:22[m[K,
[2.776s]                  from [01m[K/opt/ros/jazzy/include/rclcpp/rclcpp/rclcpp.hpp:172[m[K,
[2.776s]                  from [01m[K/home/tm/dev_ws/ros_c++/src/my_first_package/src/turtle_cmd_and_pose.cpp:1[m[K:
[2.776s] [01m[K/opt/ros/jazzy/include/rclcpp/rclcpp/node_impl.hpp:92:1:[m[K [01;36m[Knote: [m[Kcandidate: ‘[01m[Ktemplate<class MessageT, class CallbackT, class AllocatorT, class SubscriptionT, class MessageMemoryStrategyT> std::shared_ptr<ROSMessageT> rclcpp::Node::[01;32m[Kcreate_subscription[m[K(const std::string&, const rclcpp::QoS&, CallbackT&&, const rclcpp::SubscriptionOptionsWithAllocator<AllocatorT>&, typename MessageMemoryStrategyT::SharedPtr)[m[K’
[2.776s]    92 | [01;36m[KNode[m[K::create_subscription(
[2.776s]       | [01;36m[K^~~~[m[K
[2.777s] [01m[K/opt/ros/jazzy/include/rclcpp/rclcpp/node_impl.hpp:92:1:[m[K [01;36m[Knote: [m[K  candidate expects 3 arguments, 2 provided
[4.880s] gmake[2]: *** [CMakeFiles/sub_pose.dir/build.make:76: CMakeFiles/sub_pose.dir/src/turtle_cmd_and_pose.cpp.o] Error 1
[4.881s] gmake[1]: *** [CMakeFiles/Makefile2:305: CMakeFiles/sub_pose.dir/all] Error 2
[4.881s] gmake: *** [Makefile:146: all] Error 2
[4.882s] Invoked command in '/home/tm/dev_ws/ros_c++/build/my_first_package' returned '2': CMAKE_PREFIX_PATH=${CMAKE_PREFIX_PATH}:/opt/ros/jazzy DEBUGINFOD_URLS=https://debuginfod.ubuntu.com VIRTUAL_ENV_PROMPT=(ros) /usr/bin/cmake --build /home/tm/dev_ws/ros_c++/build/my_first_package -- -j12 -l12
