[0.009s] Invoking command in '/home/tm/dev_ws/ros_c++/build/my_first_package_msgs': CMAKE_PREFIX_PATH=${CMAKE_PREFIX_PATH}:/opt/ros/jazzy DEBUGINFOD_URLS=https://debuginfod.ubuntu.com VIRTUAL_ENV_PROMPT=(ros) /usr/bin/cmake --build /home/tm/dev_ws/ros_c++/build/my_first_package_msgs -- -j12 -l12
[0.051s] [  2%] Built target my_first_package_msgs__rosidl_generator_type_description
[0.060s] [  2%] Built target ament_cmake_python_copy_my_first_package_msgs
[0.068s] [ 11%] Built target my_first_package_msgs__cpp
[0.068s] [ 20%] Built target my_first_package_msgs__rosidl_generator_c
[0.083s] [ 47%] Built target my_first_package_msgs__rosidl_typesupport_fastrtps_c
[0.083s] [ 47%] Built target my_first_package_msgs__rosidl_typesupport_c
[0.083s] [ 47%] Built target my_first_package_msgs__rosidl_typesupport_introspection_c
[0.099s] [ 73%] Built target my_first_package_msgs__rosidl_typesupport_cpp
[0.100s] [ 73%] Built target my_first_package_msgs__rosidl_typesupport_introspection_cpp
[0.100s] [ 73%] Built target my_first_package_msgs__rosidl_typesupport_fastrtps_cpp
[0.120s] [ 73%] Built target my_first_package_msgs
[0.135s] [ 76%] Built target my_first_package_msgs__py
[0.152s] [ 82%] Built target my_first_package_msgs__rosidl_generator_py
[0.168s] [100%] Built target my_first_package_msgs_s__rosidl_typesupport_c
[0.168s] [100%] Built target my_first_package_msgs_s__rosidl_typesupport_introspection_c
[0.168s] [100%] Built target my_first_package_msgs_s__rosidl_typesupport_fastrtps_c
[0.269s] running egg_info
[0.288s] writing my_first_package_msgs.egg-info/PKG-INFO
[0.288s] writing dependency_links to my_first_package_msgs.egg-info/dependency_links.txt
[0.288s] writing top-level names to my_first_package_msgs.egg-info/top_level.txt
[0.344s] reading manifest file 'my_first_package_msgs.egg-info/SOURCES.txt'
[0.345s] writing manifest file 'my_first_package_msgs.egg-info/SOURCES.txt'
[0.367s] [100%] Built target ament_cmake_python_build_my_first_package_msgs_egg
