-- Found ament_cmake: 2.5.3 (/opt/ros/jazzy/share/ament_cmake/cmake)
-- Found rclcpp: 28.1.8 (/opt/ros/jazzy/share/rclcpp/cmake)
-- Found rosidl_generator_c: 4.6.5 (/opt/ros/jazzy/share/rosidl_generator_c/cmake)
-- Found rosidl_generator_cpp: 4.6.5 (/opt/ros/jazzy/share/rosidl_generator_cpp/cmake)
-- Using all available rosidl_typesupport_c: rosidl_typesupport_fastrtps_c;rosidl_typesupport_introspection_c
-- Using all available rosidl_typesupport_cpp: rosidl_typesupport_fastrtps_cpp;rosidl_typesupport_introspection_cpp
-- Found rmw_implementation_cmake: 7.3.2 (/opt/ros/jazzy/share/rmw_implementation_cmake/cmake)
-- Found rmw_fastrtps_cpp: 8.4.2 (/opt/ros/jazzy/share/rmw_fastrtps_cpp/cmake)
-- Using RMW implementation 'rmw_fastrtps_cpp' as default
-- Found std_msgs: 5.3.6 (/opt/ros/jazzy/share/std_msgs/cmake)
-- Found example_interfaces: 0.12.0 (/opt/ros/jazzy/share/example_interfaces/cmake)
-- Found turtlesim: 1.8.3 (/opt/ros/jazzy/share/turtlesim/cmake)
-- Found geometry_msgs: 5.3.6 (/opt/ros/jazzy/share/geometry_msgs/cmake)
-- Found my_first_package_msgs: 0.0.0 (/home/tm/dev_ws/ros_c++/install/my_first_package_msgs/share/my_first_package_msgs/cmake)
-- Configuring done (0.6s)
-- Generating done (0.0s)
-- Build files have been written to: /home/tm/dev_ws/ros_c++/build/my_first_package
[ 14%] Built target client
[ 28%] Built target listener
[ 42%] Built target publisher
[ 57%] Built target server
[ 71%] Built target talker
[ 78%] [32mBuilding CXX object CMakeFiles/sub_pose.dir/src/turtle_cmd_and_pose.cpp.o[0m
[ 92%] Built target subscriber
[01m[K/home/tm/dev_ws/ros_c++/src/my_first_package/src/turtle_cmd_and_pose.cpp:[m[K In constructor ‘[01m[KCmdAndPose::[01;32m[KCmdAndPose[m[K()[m[K’:
[01m[K/home/tm/dev_ws/ros_c++/src/my_first_package/src/turtle_cmd_and_pose.cpp:16:78:[m[K [01;31m[Kerror: [m[Kno matching function for call to ‘[01m[KCmdAndPose::create_subscription<geometry_msgs::msg::Twist>(const char [17], std::_Bind_helper<false, void (CmdAndPose::*)(geometry_msgs::msg::Twist_<std::allocator<void> >), CmdAndPose*, const std::_Placeholder<1>&>::type)[m[K’
   16 |             sub_cmdvel = [01;31m[Kthis->create_subscription<geometry_msgs::msg::Twist>([m[K
      |                          [01;31m[K~~~~~~~~~~~~~~~~~~~~~~~~~~~~~~~~~~~~~~~~~~~~~~~~~~~~^[m[K
   17 | [01;31m[K                "/turtle1/cmd_vel", std::bind(&CmdAndPose::callback_cmd, this, _1)[m[K
      |                 [01;31m[K~~~~~~~~~~~~~~~~~~~~~~~~~~~~~~~~~~~~~~~~~~~~~~~~~~~~~~~~~~~~~~~~~~[m[K
   18 | [01;31m[K            )[m[K;
      |             [01;31m[K~[m[K                                                                 
In file included from [01m[K/opt/ros/jazzy/include/rclcpp/rclcpp/node.hpp:1663[m[K,
                 from [01m[K/opt/ros/jazzy/include/rclcpp/rclcpp/executors/single_threaded_executor.hpp:28[m[K,
                 from [01m[K/opt/ros/jazzy/include/rclcpp/rclcpp/executors.hpp:22[m[K,
                 from [01m[K/opt/ros/jazzy/include/rclcpp/rclcpp/rclcpp.hpp:172[m[K,
                 from [01m[K/home/tm/dev_ws/ros_c++/src/my_first_package/src/turtle_cmd_and_pose.cpp:1[m[K:
[01m[K/opt/ros/jazzy/include/rclcpp/rclcpp/node_impl.hpp:92:1:[m[K [01;36m[Knote: [m[Kcandidate: ‘[01m[Ktemplate<class MessageT, class CallbackT, class AllocatorT, class SubscriptionT, class MessageMemoryStrategyT> std::shared_ptr<ROSMessageT> rclcpp::Node::[01;32m[Kcreate_subscription[m[K(const std::string&, const rclcpp::QoS&, CallbackT&&, const rclcpp::SubscriptionOptionsWithAllocator<AllocatorT>&, typename MessageMemoryStrategyT::SharedPtr)[m[K’
   92 | [01;36m[KNode[m[K::create_subscription(
      | [01;36m[K^~~~[m[K
[01m[K/opt/ros/jazzy/include/rclcpp/rclcpp/node_impl.hpp:92:1:[m[K [01;36m[Knote: [m[K  candidate expects 3 arguments, 2 provided
[01m[K/home/tm/dev_ws/ros_c++/src/my_first_package/src/turtle_cmd_and_pose.cpp:[m[K In member function ‘[01m[Kvoid CmdAndPose::[01;32m[Kcallback_cmd[m[K(geometry_msgs::msg::Twist)[m[K’:
[01m[K/home/tm/dev_ws/ros_c++/src/my_first_package/src/turtle_cmd_and_pose.cpp:30:42:[m[K [01;31m[Kerror: [m[Kbase operand of ‘[01m[K->[m[K’ has non-pointer type ‘[01m[Kconst geometry_msgs::msg::Twist[m[K’ {aka ‘[01m[Kconst geometry_msgs::msg::Twist_<std::allocator<void> >[m[K’}
   30 |             cmd_pose.cmd_vel_linear = msg[01;31m[K->[m[Klinear->x;
      |                                          [01;31m[K^~[m[K
[01m[K/home/tm/dev_ws/ros_c++/src/my_first_package/src/turtle_cmd_and_pose.cpp:31:43:[m[K [01;31m[Kerror: [m[Kbase operand of ‘[01m[K->[m[K’ has non-pointer type ‘[01m[Kconst geometry_msgs::msg::Twist[m[K’ {aka ‘[01m[Kconst geometry_msgs::msg::Twist_<std::allocator<void> >[m[K’}
   31 |             cmd_pose.cmd_vel_angular = msg[01;31m[K->[m[Kangular->z
      |                                           [01;31m[K^~[m[K
gmake[2]: *** [CMakeFiles/sub_pose.dir/build.make:76: CMakeFiles/sub_pose.dir/src/turtle_cmd_and_pose.cpp.o] Error 1
gmake[1]: *** [CMakeFiles/Makefile2:305: CMakeFiles/sub_pose.dir/all] Error 2
gmake: *** [Makefile:146: all] Error 2
