[0.017s] Invoking command in '/home/tm/dev_ws/ros_c++/build/my_first_package': CMAKE_PREFIX_PATH=${CMAKE_PREFIX_PATH}:/home/tm/dev_ws/ros/install/my_test_package:/home/tm/dev_ws/ros/install/my_first_package:/home/tm/dev_ws/ros/install/camera_package:/opt/ros/jazzy DEBUGINFOD_URLS=https://debuginfod.ubuntu.com VIRTUAL_ENV_PROMPT=(ros) /usr/bin/cmake --build /home/tm/dev_ws/ros_c++/build/my_first_package -- -j12 -l12
[0.053s] -- Found ament_cmake: 2.5.3 (/opt/ros/jazzy/share/ament_cmake/cmake)
[0.268s] -- Found rclcpp: 28.1.8 (/opt/ros/jazzy/share/rclcpp/cmake)
[0.293s] -- Found rosidl_generator_c: 4.6.5 (/opt/ros/jazzy/share/rosidl_generator_c/cmake)
[0.302s] -- Found rosidl_generator_cpp: 4.6.5 (/opt/ros/jazzy/share/rosidl_generator_cpp/cmake)
[0.315s] -- Using all available rosidl_typesupport_c: rosidl_typesupport_fastrtps_c;rosidl_typesupport_introspection_c
[0.328s] -- Using all available rosidl_typesupport_cpp: rosidl_typesupport_fastrtps_cpp;rosidl_typesupport_introspection_cpp
[0.388s] -- Found rmw_implementation_cmake: 7.3.2 (/opt/ros/jazzy/share/rmw_implementation_cmake/cmake)
[0.389s] -- Found rmw_fastrtps_cpp: 8.4.2 (/opt/ros/jazzy/share/rmw_fastrtps_cpp/cmake)
[0.467s] -- Using RMW implementation 'rmw_fastrtps_cpp' as default
[0.551s] -- Found std_msgs: 5.3.6 (/opt/ros/jazzy/share/std_msgs/cmake)
[0.563s] -- Found example_interfaces: 0.12.0 (/opt/ros/jazzy/share/example_interfaces/cmake)
[0.625s] -- Found turtlesim: 1.8.3 (/opt/ros/jazzy/share/turtlesim/cmake)
[0.646s] -- Found geometry_msgs: 5.3.6 (/opt/ros/jazzy/share/geometry_msgs/cmake)
[0.661s] -- Found my_first_package_msgs: 0.0.0 (/home/tm/dev_ws/ros_c++/install/my_first_package_msgs/share/my_first_package_msgs/cmake)
[0.770s] -- Configuring done (0.7s)
[0.802s] -- Generating done (0.0s)
[0.818s] -- Build files have been written to: /home/tm/dev_ws/ros_c++/build/my_first_package
[0.862s] [ 12%] Built target listener
[0.866s] [ 25%] Built target talker
[0.867s] [ 50%] Built target client
[0.867s] [ 50%] Built target server
[0.868s] [ 62%] Built target subscriber
[0.869s] [ 75%] Built target publisher
[0.869s] [ 81%] [32mBuilding CXX object CMakeFiles/my_service_server.dir/src/my_service_server.cpp.o[0m
[0.871s] [ 87%] [32mBuilding CXX object CMakeFiles/sub_pose.dir/src/turtle_cmd_and_pose.cpp.o[0m
[3.015s] [01m[K/home/tm/dev_ws/ros_c++/src/my_first_package/src/my_service_server.cpp:[m[K In constructor ‘[01m[KMultiSpawning::[01;32m[KMultiSpawning[m[K()[m[K’:
[3.015s] [01m[K/home/tm/dev_ws/ros_c++/src/my_first_package/src/my_service_server.cpp:11:53:[m[K [01;31m[Kerror: [m[Kno matching function for call to ‘[01m[Krclcpp::Client<turtlesim::srv::TeleportAbsolute>::Client()[m[K’
[3.015s]    11 |         MultiSpawning() : rclcpp::Node("multi_spawn"[01;31m[K)[m[K {
[3.015s]       |                                                     [01;31m[K^[m[K
[3.016s] In file included from [01m[K/opt/ros/jazzy/include/rclcpp/rclcpp/callback_group.hpp:24[m[K,
[3.016s]                  from [01m[K/opt/ros/jazzy/include/rclcpp/rclcpp/any_executable.hpp:20[m[K,
[3.016s]                  from [01m[K/opt/ros/jazzy/include/rclcpp/rclcpp/memory_strategy.hpp:25[m[K,
[3.016s]                  from [01m[K/opt/ros/jazzy/include/rclcpp/rclcpp/memory_strategies.hpp:18[m[K,
[3.016s]                  from [01m[K/opt/ros/jazzy/include/rclcpp/rclcpp/executor_options.hpp:22[m[K,
[3.016s]                  from [01m[K/opt/ros/jazzy/include/rclcpp/rclcpp/executor.hpp:38[m[K,
[3.016s]                  from [01m[K/opt/ros/jazzy/include/rclcpp/rclcpp/executors/multi_threaded_executor.hpp:25[m[K,
[3.016s]                  from [01m[K/opt/ros/jazzy/include/rclcpp/rclcpp/executors.hpp:21[m[K,
[3.016s]                  from [01m[K/opt/ros/jazzy/include/rclcpp/rclcpp/rclcpp.hpp:172[m[K,
[3.016s]                  from [01m[K/home/tm/dev_ws/ros_c++/src/my_first_package/src/my_service_server.cpp:2[m[K:
[3.016s] [01m[K/opt/ros/jazzy/include/rclcpp/rclcpp/client.hpp:495:3:[m[K [01;36m[Knote: [m[Kcandidate: ‘[01m[Krclcpp::Client<ServiceT>::[01;32m[KClient[m[K(rclcpp::node_interfaces::NodeBaseInterface*, rclcpp::node_interfaces::NodeGraphInterface::SharedPtr, const std::string&, rcl_client_options_t&) [35m[K[with ServiceT = turtlesim::srv::TeleportAbsolute; rclcpp::node_interfaces::NodeGraphInterface::SharedPtr = std::shared_ptr<rclcpp::node_interfaces::NodeGraphInterface>; std::string = std::__cxx11::basic_string<char>; rcl_client_options_t = rcl_client_options_s][m[K[m[K’
[3.016s]   495 |   [01;36m[KClient[m[K(
[3.016s]       |   [01;36m[K^~~~~~[m[K
[3.016s] [01m[K/opt/ros/jazzy/include/rclcpp/rclcpp/client.hpp:495:3:[m[K [01;36m[Knote: [m[K  candidate expects 4 arguments, 0 provided
[3.022s] [01m[K/home/tm/dev_ws/ros_c++/src/my_first_package/src/my_service_server.cpp:15:43:[m[K [01;31m[Kerror: [m[Kno matching function for call to ‘[01m[KMultiSpawning::create_client(const char [27])[m[K’
[3.023s]    15 |             teleport = [01;31m[Kthis->create_client("/turtle1/teleport_absolute")[m[K;
[3.023s]       |                        [01;31m[K~~~~~~~~~~~~~~~~~~~^~~~~~~~~~~~~~~~~~~~~~~~~~~~~~[m[K
[3.023s] In file included from [01m[K/opt/ros/jazzy/include/rclcpp/rclcpp/executors/single_threaded_executor.hpp:28[m[K,
[3.023s]                  from [01m[K/opt/ros/jazzy/include/rclcpp/rclcpp/executors.hpp:22[m[K:
[3.023s] [01m[K/opt/ros/jazzy/include/rclcpp/rclcpp/node.hpp:271:3:[m[K [01;36m[Knote: [m[Kcandidate: ‘[01m[Ktemplate<class ServiceT> typename rclcpp::Client<ServiceT>::SharedPtr rclcpp::Node::[01;32m[Kcreate_client[m[K(const std::string&, const rmw_qos_profile_t&, rclcpp::CallbackGroup::SharedPtr)[m[K’
[3.023s]   271 |   [01;36m[Kcreate_client[m[K(
[3.023s]       |   [01;36m[K^~~~~~~~~~~~~[m[K
[3.023s] [01m[K/opt/ros/jazzy/include/rclcpp/rclcpp/node.hpp:271:3:[m[K [01;36m[Knote: [m[K  template argument deduction/substitution failed:
[3.023s] [01m[K/home/tm/dev_ws/ros_c++/src/my_first_package/src/my_service_server.cpp:15:43:[m[K [01;36m[Knote: [m[K  candidate expects 3 arguments, 1 provided
[3.023s]    15 |             teleport = [01;36m[Kthis->create_client("/turtle1/teleport_absolute")[m[K;
[3.023s]       |                        [01;36m[K~~~~~~~~~~~~~~~~~~~^~~~~~~~~~~~~~~~~~~~~~~~~~~~~~[m[K
[3.023s] [01m[K/opt/ros/jazzy/include/rclcpp/rclcpp/node.hpp:285:3:[m[K [01;36m[Knote: [m[Kcandidate: ‘[01m[Ktemplate<class ServiceT> typename rclcpp::Client<ServiceT>::SharedPtr rclcpp::Node::[01;32m[Kcreate_client[m[K(const std::string&, const rclcpp::QoS&, rclcpp::CallbackGroup::SharedPtr)[m[K’
[3.023s]   285 |   [01;36m[Kcreate_client[m[K(
[3.023s]       |   [01;36m[K^~~~~~~~~~~~~[m[K
[3.023s] [01m[K/opt/ros/jazzy/include/rclcpp/rclcpp/node.hpp:285:3:[m[K [01;36m[Knote: [m[K  template argument deduction/substitution failed:
[3.024s] [01m[K/home/tm/dev_ws/ros_c++/src/my_first_package/src/my_service_server.cpp:15:43:[m[K [01;36m[Knote: [m[K  couldn’t deduce template parameter ‘[01m[KServiceT[m[K’
[3.024s]    15 |             teleport = [01;36m[Kthis->create_client("/turtle1/teleport_absolute")[m[K;
[3.024s]       |                        [01;36m[K~~~~~~~~~~~~~~~~~~~^~~~~~~~~~~~~~~~~~~~~~~~~~~~~~[m[K
[3.028s] [01m[K/home/tm/dev_ws/ros_c++/src/my_first_package/src/my_service_server.cpp:[m[K In member function ‘[01m[Kvoid MultiSpawning::[01;32m[Kcallback_service[m[K(std::shared_ptr<my_first_package_msgs::srv::MultiSpawn_Request_<std::allocator<void> > >, std::shared_ptr<my_first_package_msgs::srv::MultiSpawn_Response_<std::allocator<void> > >)[m[K’:
[3.028s] [01m[K/home/tm/dev_ws/ros_c++/src/my_first_package/src/my_service_server.cpp:29:60:[m[K [01;31m[Kerror: [m[Kno matching function for call to ‘[01m[Krclcpp::Client<turtlesim::srv::TeleportAbsolute>::async_send_request(turtlesim::srv::TeleportAbsolute::Request&)[m[K’
[3.028s]    29 |                                 [01;31m[Kteleport.async_send_request(req_teleport)[m[K;
[3.028s]       |                                 [01;31m[K~~~~~~~~~~~~~~~~~~~~~~~~~~~^~~~~~~~~~~~~~[m[K
[3.028s] [01m[K/opt/ros/jazzy/include/rclcpp/rclcpp/client.hpp:672:3:[m[K [01;36m[Knote: [m[Kcandidate: ‘[01m[Ktemplate<class CallbackT, typename std::enable_if<rclcpp::function_traits::same_arguments<CallbackT, std::function<void(std::shared_future<std::shared_ptr<turtlesim::srv::TeleportAbsolute_Response_<std::allocator<void> > > >)> >::value, void>::type* <anonymous> > rclcpp::Client<ServiceT>::SharedFutureAndRequestId rclcpp::Client<ServiceT>::[01;32m[Kasync_send_request[m[K(SharedRequest, CallbackT&&) [35m[K[with typename std::enable_if<rclcpp::function_traits::same_arguments<CallbackT, std::function<void(std::shared_future<typename ServiceT::Response::SharedPtr>)> >::value>::type* <anonymous> = CallbackT; ServiceT = turtlesim::srv::TeleportAbsolute][m[K[m[K’
[3.028s]   672 |   [01;36m[Kasync_send_request[m[K(SharedRequest request, CallbackT && cb)
[3.029s]       |   [01;36m[K^~~~~~~~~~~~~~~~~~[m[K
[3.029s] [01m[K/opt/ros/jazzy/include/rclcpp/rclcpp/client.hpp:672:3:[m[K [01;36m[Knote: [m[K  template argument deduction/substitution failed:
[3.029s] [01m[K/home/tm/dev_ws/ros_c++/src/my_first_package/src/my_service_server.cpp:29:60:[m[K [01;36m[Knote: [m[K  candidate expects 2 arguments, 1 provided
[3.029s]    29 |                                 [01;36m[Kteleport.async_send_request(req_teleport)[m[K;
[3.029s]       |                                 [01;36m[K~~~~~~~~~~~~~~~~~~~~~~~~~~~^~~~~~~~~~~~~~[m[K
[3.029s] [01m[K/opt/ros/jazzy/include/rclcpp/rclcpp/client.hpp:703:3:[m[K [01;36m[Knote: [m[Kcandidate: ‘[01m[Ktemplate<class CallbackT, typename std::enable_if<rclcpp::function_traits::same_arguments<CallbackT, std::function<void(std::shared_future<std::pair<std::shared_ptr<turtlesim::srv::TeleportAbsolute_Request_<std::allocator<void> > >, std::shared_ptr<turtlesim::srv::TeleportAbsolute_Response_<std::allocator<void> > > > >)> >::value, void>::type* <anonymous> > rclcpp::Client<ServiceT>::SharedFutureWithRequestAndRequestId rclcpp::Client<ServiceT>::[01;32m[Kasync_send_request[m[K(SharedRequest, CallbackT&&) [35m[K[with typename std::enable_if<rclcpp::function_traits::same_arguments<CallbackT, std::function<void(std::shared_future<std::pair<typename ServiceT::Request::SharedPtr, typename ServiceT::Response::SharedPtr> >)> >::value>::type* <anonymous> = CallbackT; ServiceT = turtlesim::srv::TeleportAbsolute][m[K[m[K’
[3.029s]   703 |   [01;36m[Kasync_send_request[m[K(SharedRequest request, CallbackT && cb)
[3.029s]       |   [01;36m[K^~~~~~~~~~~~~~~~~~[m[K
[3.029s] [01m[K/opt/ros/jazzy/include/rclcpp/rclcpp/client.hpp:703:3:[m[K [01;36m[Knote: [m[K  template argument deduction/substitution failed:
[3.029s] [01m[K/home/tm/dev_ws/ros_c++/src/my_first_package/src/my_service_server.cpp:29:60:[m[K [01;36m[Knote: [m[K  candidate expects 2 arguments, 1 provided
[3.029s]    29 |                                 [01;36m[Kteleport.async_send_request(req_teleport)[m[K;
[3.029s]       |                                 [01;36m[K~~~~~~~~~~~~~~~~~~~~~~~~~~~^~~~~~~~~~~~~~[m[K
[3.029s] [01m[K/opt/ros/jazzy/include/rclcpp/rclcpp/client.hpp:637:3:[m[K [01;36m[Knote: [m[Kcandidate: ‘[01m[Krclcpp::Client<ServiceT>::FutureAndRequestId rclcpp::Client<ServiceT>::[01;32m[Kasync_send_request[m[K(SharedRequest) [35m[K[with ServiceT = turtlesim::srv::TeleportAbsolute; SharedRequest = std::shared_ptr<turtlesim::srv::TeleportAbsolute_Request_<std::allocator<void> > >][m[K[m[K’
[3.029s]   637 |   [01;36m[Kasync_send_request[m[K(SharedRequest request)
[3.030s]       |   [01;36m[K^~~~~~~~~~~~~~~~~~[m[K
[3.030s] [01m[K/opt/ros/jazzy/include/rclcpp/rclcpp/client.hpp:637:36:[m[K [01;36m[Knote: [m[K  no known conversion for argument 1 from ‘[01m[Kturtlesim::srv::TeleportAbsolute::Request[m[K’ {aka ‘[01m[Kturtlesim::srv::TeleportAbsolute_Request_<std::allocator<void> >[m[K’} to ‘[01m[Krclcpp::Client<turtlesim::srv::TeleportAbsolute>::SharedRequest[m[K’ {aka ‘[01m[Kstd::shared_ptr<turtlesim::srv::TeleportAbsolute_Request_<std::allocator<void> > >[m[K’}
[3.030s]   637 |   async_send_request([01;36m[KSharedRequest request[m[K)
[3.030s]       |                      [01;36m[K~~~~~~~~~~~~~~^~~~~~~[m[K
[3.030s] [01m[K/home/tm/dev_ws/ros_c++/src/my_first_package/src/my_service_server.cpp:21:102:[m[K [01;35m[Kwarning: [m[Kunused parameter ‘[01m[Krequest[m[K’ [[01;35m[K]8;;https://gcc.gnu.org/onlinedocs/gcc/Warning-Options.html#index-Wunused-parameter-Wunused-parameter]8;;[m[K]
[3.030s]    21 |         void callback_service([01;35m[Kconst std::shared_ptr<my_first_package_msgs::srv::MultiSpawn::Request> request[m[K,
[3.030s]       |                               [01;35m[K~~~~~~~~~~~~~~~~~~~~~~~~~~~~~~~~~~~~~~~~~~~~~~~~~~~~~~~~~~~~~~~~~~~~~~~^~~~~~~[m[K
[3.030s] [01m[K/home/tm/dev_ws/ros_c++/src/my_first_package/src/my_service_server.cpp:22:95:[m[K [01;35m[Kwarning: [m[Kunused parameter ‘[01m[Kresponse[m[K’ [[01;35m[K]8;;https://gcc.gnu.org/onlinedocs/gcc/Warning-Options.html#index-Wunused-parameter-Wunused-parameter]8;;[m[K]
[3.030s]    22 |                             [01;35m[Kstd::shared_ptr<my_first_package_msgs::srv::MultiSpawn::Response> response[m[K) {
[3.030s]       |                             [01;35m[K~~~~~~~~~~~~~~~~~~~~~~~~~~~~~~~~~~~~~~~~~~~~~~~~~~~~~~~~~~~~~~~~~~^~~~~~~~[m[K
[4.227s] gmake[2]: *** [CMakeFiles/my_service_server.dir/build.make:76: CMakeFiles/my_service_server.dir/src/my_service_server.cpp.o] Error 1
[4.227s] gmake[1]: *** [CMakeFiles/Makefile2:333: CMakeFiles/my_service_server.dir/all] Error 2
[4.228s] gmake[1]: *** Waiting for unfinished jobs....
[11.463s] [ 93%] [32m[1mLinking CXX executable sub_pose[0m
[11.794s] [ 93%] Built target sub_pose
[11.794s] gmake: *** [Makefile:146: all] Error 2
[11.796s] Invoked command in '/home/tm/dev_ws/ros_c++/build/my_first_package' returned '2': CMAKE_PREFIX_PATH=${CMAKE_PREFIX_PATH}:/home/tm/dev_ws/ros/install/my_test_package:/home/tm/dev_ws/ros/install/my_first_package:/home/tm/dev_ws/ros/install/camera_package:/opt/ros/jazzy DEBUGINFOD_URLS=https://debuginfod.ubuntu.com VIRTUAL_ENV_PROMPT=(ros) /usr/bin/cmake --build /home/tm/dev_ws/ros_c++/build/my_first_package -- -j12 -l12
