[0.011s] Invoking command in '/home/tm/dev_ws/ros_c++/build/my_first_package': CMAKE_PREFIX_PATH=${CMAKE_PREFIX_PATH}:/opt/ros/jazzy DEBUGINFOD_URLS=https://debuginfod.ubuntu.com VIRTUAL_ENV_PROMPT=(ros) /usr/bin/cmake --build /home/tm/dev_ws/ros_c++/build/my_first_package -- -j12 -l12
[0.060s] [ 14%] Built target client
[0.060s] [ 42%] Built target publisher
[0.061s] [ 42%] Built target talker
[0.061s] [ 57%] Built target subscriber
[0.063s] [ 71%] Built target listener
[0.063s] [ 85%] Built target server
[0.069s] [100%] Built target sub_pose
[0.078s] Invoked command in '/home/tm/dev_ws/ros_c++/build/my_first_package' returned '0': CMAKE_PREFIX_PATH=${CMAKE_PREFIX_PATH}:/opt/ros/jazzy DEBUGINFOD_URLS=https://debuginfod.ubuntu.com VIRTUAL_ENV_PROMPT=(ros) /usr/bin/cmake --build /home/tm/dev_ws/ros_c++/build/my_first_package -- -j12 -l12
[0.086s] Invoking command in '/home/tm/dev_ws/ros_c++/build/my_first_package': CMAKE_PREFIX_PATH=${CMAKE_PREFIX_PATH}:/opt/ros/jazzy DEBUGINFOD_URLS=https://debuginfod.ubuntu.com VIRTUAL_ENV_PROMPT=(ros) /usr/bin/cmake --install /home/tm/dev_ws/ros_c++/build/my_first_package
[0.092s] -- Install configuration: ""
[0.092s] -- Up-to-date: /home/tm/dev_ws/ros_c++/install/my_first_package/lib/my_first_package/talker
[0.092s] -- Up-to-date: /home/tm/dev_ws/ros_c++/install/my_first_package/lib/my_first_package/listener
[0.093s] -- Up-to-date: /home/tm/dev_ws/ros_c++/install/my_first_package/lib/my_first_package/server
[0.093s] -- Up-to-date: /home/tm/dev_ws/ros_c++/install/my_first_package/lib/my_first_package/client
[0.093s] -- Up-to-date: /home/tm/dev_ws/ros_c++/install/my_first_package/lib/my_first_package/subscriber
[0.093s] -- Up-to-date: /home/tm/dev_ws/ros_c++/install/my_first_package/lib/my_first_package/publisher
[0.093s] -- Up-to-date: /home/tm/dev_ws/ros_c++/install/my_first_package/lib/my_first_package/sub_pose
[0.093s] -- Up-to-date: /home/tm/dev_ws/ros_c++/install/my_first_package/share/ament_index/resource_index/package_run_dependencies/my_first_package
[0.094s] -- Up-to-date: /home/tm/dev_ws/ros_c++/install/my_first_package/share/ament_index/resource_index/parent_prefix_path/my_first_package
[0.094s] -- Up-to-date: /home/tm/dev_ws/ros_c++/install/my_first_package/share/my_first_package/environment/ament_prefix_path.sh
[0.094s] -- Up-to-date: /home/tm/dev_ws/ros_c++/install/my_first_package/share/my_first_package/environment/ament_prefix_path.dsv
[0.094s] -- Up-to-date: /home/tm/dev_ws/ros_c++/install/my_first_package/share/my_first_package/environment/path.sh
[0.094s] -- Up-to-date: /home/tm/dev_ws/ros_c++/install/my_first_package/share/my_first_package/environment/path.dsv
[0.094s] -- Up-to-date: /home/tm/dev_ws/ros_c++/install/my_first_package/share/my_first_package/local_setup.bash
[0.094s] -- Up-to-date: /home/tm/dev_ws/ros_c++/install/my_first_package/share/my_first_package/local_setup.sh
[0.094s] -- Up-to-date: /home/tm/dev_ws/ros_c++/install/my_first_package/share/my_first_package/local_setup.zsh
[0.094s] -- Up-to-date: /home/tm/dev_ws/ros_c++/install/my_first_package/share/my_first_package/local_setup.dsv
[0.094s] -- Installing: /home/tm/dev_ws/ros_c++/install/my_first_package/share/my_first_package/package.dsv
[0.094s] -- Up-to-date: /home/tm/dev_ws/ros_c++/install/my_first_package/share/ament_index/resource_index/packages/my_first_package
[0.094s] -- Up-to-date: /home/tm/dev_ws/ros_c++/install/my_first_package/share/my_first_package/cmake/my_first_packageConfig.cmake
[0.094s] -- Up-to-date: /home/tm/dev_ws/ros_c++/install/my_first_package/share/my_first_package/cmake/my_first_packageConfig-version.cmake
[0.094s] -- Up-to-date: /home/tm/dev_ws/ros_c++/install/my_first_package/share/my_first_package/package.xml
[0.095s] Invoked command in '/home/tm/dev_ws/ros_c++/build/my_first_package' returned '0': CMAKE_PREFIX_PATH=${CMAKE_PREFIX_PATH}:/opt/ros/jazzy DEBUGINFOD_URLS=https://debuginfod.ubuntu.com VIRTUAL_ENV_PROMPT=(ros) /usr/bin/cmake --install /home/tm/dev_ws/ros_c++/build/my_first_package
