[0.010s] Invoking command in '/home/tm/dev_ws/ros_c++/build/my_first_package_msgs': CMAKE_PREFIX_PATH=${CMAKE_PREFIX_PATH}:/opt/ros/jazzy DEBUGINFOD_URLS=https://debuginfod.ubuntu.com VIRTUAL_ENV_PROMPT=(ros) /usr/bin/cmake --build /home/tm/dev_ws/ros_c++/build/my_first_package_msgs -- -j12 -l12
[0.049s] [  2%] Built target my_first_package_msgs__rosidl_generator_type_description
[0.059s] [  2%] Built target ament_cmake_python_copy_my_first_package_msgs
[0.065s] [  5%] Built target my_first_package_msgs__cpp
[0.067s] [ 20%] Built target my_first_package_msgs__rosidl_generator_c
[0.084s] [ 35%] Built target my_first_package_msgs__rosidl_typesupport_fastrtps_cpp
[0.084s] [ 38%] Built target my_first_package_msgs__rosidl_typesupport_c
[0.085s] [ 58%] Built target my_first_package_msgs__rosidl_typesupport_introspection_cpp
[0.085s] [ 58%] Built target my_first_package_msgs__rosidl_typesupport_cpp
[0.086s] [ 64%] Built target my_first_package_msgs__rosidl_typesupport_introspection_c
[0.088s] [ 73%] Built target my_first_package_msgs__rosidl_typesupport_fastrtps_c
[0.104s] [ 73%] Built target my_first_package_msgs
[0.126s] [ 76%] Built target my_first_package_msgs__py
[0.152s] [ 82%] Built target my_first_package_msgs__rosidl_generator_py
[0.181s] [100%] Built target my_first_package_msgs_s__rosidl_typesupport_fastrtps_c
[0.181s] [100%] Built target my_first_package_msgs_s__rosidl_typesupport_introspection_c
[0.181s] [100%] Built target my_first_package_msgs_s__rosidl_typesupport_c
[0.317s] running egg_info
[0.338s] writing my_first_package_msgs.egg-info/PKG-INFO
[0.339s] writing dependency_links to my_first_package_msgs.egg-info/dependency_links.txt
[0.339s] writing top-level names to my_first_package_msgs.egg-info/top_level.txt
[0.402s] reading manifest file 'my_first_package_msgs.egg-info/SOURCES.txt'
[0.402s] writing manifest file 'my_first_package_msgs.egg-info/SOURCES.txt'
[0.442s] [100%] Built target ament_cmake_python_build_my_first_package_msgs_egg
