[0.009s] Invoking command in '/home/tm/dev_ws/ros_c++/build/my_first_package_msgs': CMAKE_PREFIX_PATH=${CMAKE_PREFIX_PATH}:/home/tm/dev_ws/ros/install/my_test_package:/home/tm/dev_ws/ros/install/my_first_package:/home/tm/dev_ws/ros/install/camera_package:/opt/ros/jazzy DEBUGINFOD_URLS=https://debuginfod.ubuntu.com VIRTUAL_ENV_PROMPT=(ros) /usr/bin/cmake --build /home/tm/dev_ws/ros_c++/build/my_first_package_msgs -- -j12 -l12
[0.055s] [  2%] Built target my_first_package_msgs__rosidl_generator_type_description
[0.065s] [  2%] Built target ament_cmake_python_copy_my_first_package_msgs
[0.073s] [  4%] Built target my_first_package_msgs__cpp
[0.073s] [ 22%] Built target my_first_package_msgs__rosidl_generator_c
[0.091s] [ 31%] Built target my_first_package_msgs__rosidl_typesupport_fastrtps_cpp
[0.091s] [ 47%] Built target my_first_package_msgs__rosidl_typesupport_c
[0.091s] [ 50%] Built target my_first_package_msgs__rosidl_typesupport_introspection_c
[0.095s] [ 59%] Built target my_first_package_msgs__rosidl_typesupport_fastrtps_c
[0.096s] [ 68%] Built target my_first_package_msgs__rosidl_typesupport_cpp
[0.096s] [ 77%] Built target my_first_package_msgs__rosidl_typesupport_introspection_cpp
[0.115s] [ 77%] Built target my_first_package_msgs
[0.133s] [ 79%] Built target my_first_package_msgs__py
[0.150s] [ 86%] Built target my_first_package_msgs__rosidl_generator_py
[0.167s] [100%] Built target my_first_package_msgs_s__rosidl_typesupport_c
[0.167s] [100%] Built target my_first_package_msgs_s__rosidl_typesupport_introspection_c
[0.168s] [100%] Built target my_first_package_msgs_s__rosidl_typesupport_fastrtps_c
[0.277s] running egg_info
[0.295s] writing my_first_package_msgs.egg-info/PKG-INFO
[0.296s] writing dependency_links to my_first_package_msgs.egg-info/dependency_links.txt
[0.296s] writing top-level names to my_first_package_msgs.egg-info/top_level.txt
[0.359s] reading manifest file 'my_first_package_msgs.egg-info/SOURCES.txt'
[0.360s] writing manifest file 'my_first_package_msgs.egg-info/SOURCES.txt'
[0.383s] [100%] Built target ament_cmake_python_build_my_first_package_msgs_egg
