[01m[K/home/tm/dev_ws/ros_c++/src/my_first_package/src/my_service_server.cpp:[m[K In constructor ‘[01m[KMultiSpawning::[01;32m[KMultiSpawning[m[K()[m[K’:
[01m[K/home/tm/dev_ws/ros_c++/src/my_first_package/src/my_service_server.cpp:11:53:[m[K [01;31m[Kerror: [m[Kno matching function for call to ‘[01m[Krclcpp::Client<turtlesim::srv::TeleportAbsolute>::Client()[m[K’
   11 |         MultiSpawning() : rclcpp::Node("multi_spawn"[01;31m[K)[m[K {
      |                                                     [01;31m[K^[m[K
In file included from [01m[K/opt/ros/jazzy/include/rclcpp/rclcpp/callback_group.hpp:24[m[K,
                 from [01m[K/opt/ros/jazzy/include/rclcpp/rclcpp/any_executable.hpp:20[m[K,
                 from [01m[K/opt/ros/jazzy/include/rclcpp/rclcpp/memory_strategy.hpp:25[m[K,
                 from [01m[K/opt/ros/jazzy/include/rclcpp/rclcpp/memory_strategies.hpp:18[m[K,
                 from [01m[K/opt/ros/jazzy/include/rclcpp/rclcpp/executor_options.hpp:22[m[K,
                 from [01m[K/opt/ros/jazzy/include/rclcpp/rclcpp/executor.hpp:38[m[K,
                 from [01m[K/opt/ros/jazzy/include/rclcpp/rclcpp/executors/multi_threaded_executor.hpp:25[m[K,
                 from [01m[K/opt/ros/jazzy/include/rclcpp/rclcpp/executors.hpp:21[m[K,
                 from [01m[K/opt/ros/jazzy/include/rclcpp/rclcpp/rclcpp.hpp:172[m[K,
                 from [01m[K/home/tm/dev_ws/ros_c++/src/my_first_package/src/my_service_server.cpp:2[m[K:
[01m[K/opt/ros/jazzy/include/rclcpp/rclcpp/client.hpp:495:3:[m[K [01;36m[Knote: [m[Kcandidate: ‘[01m[Krclcpp::Client<ServiceT>::[01;32m[KClient[m[K(rclcpp::node_interfaces::NodeBaseInterface*, rclcpp::node_interfaces::NodeGraphInterface::SharedPtr, const std::string&, rcl_client_options_t&) [35m[K[with ServiceT = turtlesim::srv::TeleportAbsolute; rclcpp::node_interfaces::NodeGraphInterface::SharedPtr = std::shared_ptr<rclcpp::node_interfaces::NodeGraphInterface>; std::string = std::__cxx11::basic_string<char>; rcl_client_options_t = rcl_client_options_s][m[K[m[K’
  495 |   [01;36m[KClient[m[K(
      |   [01;36m[K^~~~~~[m[K
[01m[K/opt/ros/jazzy/include/rclcpp/rclcpp/client.hpp:495:3:[m[K [01;36m[Knote: [m[K  candidate expects 4 arguments, 0 provided
[01m[K/home/tm/dev_ws/ros_c++/src/my_first_package/src/my_service_server.cpp:15:106:[m[K [01;31m[Kerror: [m[Kno match for ‘[01m[Koperator=[m[K’ (operand types are ‘[01m[Krclcpp::Client<turtlesim::srv::TeleportAbsolute>[m[K’ and ‘[01m[Krclcpp::Client<turtlesim::srv::TeleportAbsolute>::SharedPtr[m[K’ {aka ‘[01m[Kstd::shared_ptr<rclcpp::Client<turtlesim::srv::TeleportAbsolute> >[m[K’})
   15 |             teleport = this->create_client<turtlesim::srv::TeleportAbsolute>("/turtle1/teleport_absolute"[01;31m[K)[m[K;
      |                                                                                                          [01;31m[K^[m[K
In file included from [01m[K/opt/ros/jazzy/include/rclcpp/rclcpp/context.hpp:35[m[K,
                 from [01m[K/opt/ros/jazzy/include/rclcpp/rclcpp/utilities.hpp:24[m[K,
                 from [01m[K/opt/ros/jazzy/include/rclcpp/rclcpp/logging.hpp:25[m[K,
                 from [01m[K/opt/ros/jazzy/include/rclcpp/rclcpp/copy_all_parameter_values.hpp:27[m[K,
                 from [01m[K/opt/ros/jazzy/include/rclcpp/rclcpp/rclcpp.hpp:171[m[K:
[01m[K/opt/ros/jazzy/include/rclcpp/rclcpp/client.hpp:872:3:[m[K [01;36m[Knote: [m[Kcandidate: ‘[01m[Krclcpp::Client<ServiceT>& rclcpp::Client<ServiceT>::[01;32m[Koperator=[m[K(const rclcpp::Client<ServiceT>&) [35m[K[with ServiceT = turtlesim::srv::TeleportAbsolute][m[K[m[K’ (deleted)
  872 |   [01;36m[KRCLCPP_DISABLE_COPY[m[K(Client)
      |   [01;36m[K^~~~~~~~~~~~~~~~~~~[m[K
[01m[K/opt/ros/jazzy/include/rclcpp/rclcpp/client.hpp:872:3:[m[K [01;36m[Knote: [m[K  no known conversion for argument 1 from ‘[01m[Krclcpp::Client<turtlesim::srv::TeleportAbsolute>::SharedPtr[m[K’ {aka ‘[01m[Kstd::shared_ptr<rclcpp::Client<turtlesim::srv::TeleportAbsolute> >[m[K’} to ‘[01m[Kconst rclcpp::Client<turtlesim::srv::TeleportAbsolute>&[m[K’
  872 |   [01;36m[KRCLCPP_DISABLE_COPY[m[K(Client)
      |   [01;36m[K^~~~~~~~~~~~~~~~~~~[m[K
[01m[K/home/tm/dev_ws/ros_c++/src/my_first_package/src/my_service_server.cpp:17:99:[m[K [01;31m[Kerror: [m[Kno match for ‘[01m[Koperator=[m[K’ (operand types are ‘[01m[Kturtlesim::srv::TeleportAbsolute_Request_<std::allocator<void> >::SharedPtr[m[K’ {aka ‘[01m[Kstd::shared_ptr<turtlesim::srv::TeleportAbsolute_Request_<std::allocator<void> > >[m[K’} and ‘[01m[Kstd::shared_ptr<std::shared_ptr<turtlesim::srv::TeleportAbsolute_Request_<std::allocator<void> > > >[m[K’)
   17 |             req_teleport = std::make_shared<turtlesim::srv::TeleportAbsolute::Request::SharedPtr>([01;31m[K)[m[K;
      |                                                                                                   [01;31m[K^[m[K
In file included from [01m[K/usr/include/c++/13/memory:80[m[K,
                 from [01m[K/home/tm/dev_ws/ros_c++/install/my_first_package_msgs/include/my_first_package_msgs/my_first_package_msgs/srv/detail/multi_spawn__struct.hpp:13[m[K,
                 from [01m[K/home/tm/dev_ws/ros_c++/install/my_first_package_msgs/include/my_first_package_msgs/my_first_package_msgs/srv/multi_spawn.hpp:7[m[K,
                 from [01m[K/home/tm/dev_ws/ros_c++/src/my_first_package/src/my_service_server.cpp:1[m[K:
[01m[K/usr/include/c++/13/bits/shared_ptr.h:418:9:[m[K [01;36m[Knote: [m[Kcandidate: ‘[01m[Ktemplate<class _Yp> std::shared_ptr<_Tp>::_Assignable<const std::shared_ptr<_Yp>&> std::shared_ptr<_Tp>::[01;32m[Koperator=[m[K(const std::shared_ptr<_Yp>&) [35m[K[with _Tp = turtlesim::srv::TeleportAbsolute_Request_<std::allocator<void> >][m[K[m[K’
  418 |         [01;36m[Koperator[m[K=(const shared_ptr<_Yp>& __r) noexcept
      |         [01;36m[K^~~~~~~~[m[K
[01m[K/usr/include/c++/13/bits/shared_ptr.h:418:9:[m[K [01;36m[Knote: [m[K  template argument deduction/substitution failed:
/usr/include/c++/13/bits/shared_ptr.h: In substitution of ‘[01m[Ktemplate<class _Tp> template<class _Arg> using std::shared_ptr<_Tp>::_Assignable = typename std::enable_if<std::is_assignable<std::__shared_ptr<_Tp>&, _Arg>::value, std::shared_ptr<_Tp>&>::type [35m[K[with _Arg = const std::shared_ptr<std::shared_ptr<turtlesim::srv::TeleportAbsolute_Request_<std::allocator<void> > > >&; _Tp = turtlesim::srv::TeleportAbsolute_Request_<std::allocator<void> >][m[K[m[K’:
[01m[K/usr/include/c++/13/bits/shared_ptr.h:418:2:[m[K   required by substitution of ‘[01m[Ktemplate<class _Yp> std::shared_ptr<turtlesim::srv::TeleportAbsolute_Request_<std::allocator<void> > >::_Assignable<const std::shared_ptr<_Tp>&> std::shared_ptr<turtlesim::srv::TeleportAbsolute_Request_<std::allocator<void> > >::[01;32m[Koperator=[m[K(const std::shared_ptr<_Tp>&) [35m[K[with _Yp = std::shared_ptr<turtlesim::srv::TeleportAbsolute_Request_<std::allocator<void> > >][m[K[m[K’
[01m[K/home/tm/dev_ws/ros_c++/src/my_first_package/src/my_service_server.cpp:17:99:[m[K   required from here
[01m[K/usr/include/c++/13/bits/shared_ptr.h:183:15:[m[K [01;31m[Kerror: [m[Kno type named ‘[01m[Ktype[m[K’ in ‘[01m[Kstruct std::enable_if<false, std::shared_ptr<turtlesim::srv::TeleportAbsolute_Request_<std::allocator<void> > >&>[m[K’
  183 |         using [01;31m[K_Assignable[m[K = typename enable_if<
      |               [01;31m[K^~~~~~~~~~~[m[K
[01m[K/usr/include/c++/13/bits/shared_ptr.h:429:9:[m[K [01;36m[Knote: [m[Kcandidate: ‘[01m[Ktemplate<class _Yp> std::shared_ptr<_Tp>::_Assignable<std::auto_ptr<_Up> > std::shared_ptr<_Tp>::[01;32m[Koperator=[m[K(std::auto_ptr<_Up>&&) [35m[K[with _Tp = turtlesim::srv::TeleportAbsolute_Request_<std::allocator<void> >][m[K[m[K’
  429 |         [01;36m[Koperator[m[K=(auto_ptr<_Yp>&& __r)
      |         [01;36m[K^~~~~~~~[m[K
[01m[K/usr/include/c++/13/bits/shared_ptr.h:429:9:[m[K [01;36m[Knote: [m[K  template argument deduction/substitution failed:
[01m[K/home/tm/dev_ws/ros_c++/src/my_first_package/src/my_service_server.cpp:17:99:[m[K [01;36m[Knote: [m[K  ‘[01m[Kstd::shared_ptr<std::shared_ptr<turtlesim::srv::TeleportAbsolute_Request_<std::allocator<void> > > >[m[K’ is not derived from ‘[01m[Kstd::auto_ptr<_Up>[m[K’
   17 |             req_teleport = std::make_shared<turtlesim::srv::TeleportAbsolute::Request::SharedPtr>([01;36m[K)[m[K;
      |                                                                                                   [01;36m[K^[m[K
[01m[K/usr/include/c++/13/bits/shared_ptr.h:446:9:[m[K [01;36m[Knote: [m[Kcandidate: ‘[01m[Ktemplate<class _Yp> std::shared_ptr<_Tp>::_Assignable<std::shared_ptr<_Yp> > std::shared_ptr<_Tp>::[01;32m[Koperator=[m[K(std::shared_ptr<_Yp>&&) [35m[K[with _Tp = turtlesim::srv::TeleportAbsolute_Request_<std::allocator<void> >][m[K[m[K’
  446 |         [01;36m[Koperator[m[K=(shared_ptr<_Yp>&& __r) noexcept
      |         [01;36m[K^~~~~~~~[m[K
[01m[K/usr/include/c++/13/bits/shared_ptr.h:446:9:[m[K [01;36m[Knote: [m[K  template argument deduction/substitution failed:
/usr/include/c++/13/bits/shared_ptr.h: In substitution of ‘[01m[Ktemplate<class _Tp> template<class _Arg> using std::shared_ptr<_Tp>::_Assignable = typename std::enable_if<std::is_assignable<std::__shared_ptr<_Tp>&, _Arg>::value, std::shared_ptr<_Tp>&>::type [35m[K[with _Arg = std::shared_ptr<std::shared_ptr<turtlesim::srv::TeleportAbsolute_Request_<std::allocator<void> > > >; _Tp = turtlesim::srv::TeleportAbsolute_Request_<std::allocator<void> >][m[K[m[K’:
[01m[K/usr/include/c++/13/bits/shared_ptr.h:446:2:[m[K   required by substitution of ‘[01m[Ktemplate<class _Yp> std::shared_ptr<turtlesim::srv::TeleportAbsolute_Request_<std::allocator<void> > >::_Assignable<std::shared_ptr<_Tp> > std::shared_ptr<turtlesim::srv::TeleportAbsolute_Request_<std::allocator<void> > >::[01;32m[Koperator=[m[K(std::shared_ptr<_Tp>&&) [35m[K[with _Yp = std::shared_ptr<turtlesim::srv::TeleportAbsolute_Request_<std::allocator<void> > >][m[K[m[K’
[01m[K/home/tm/dev_ws/ros_c++/src/my_first_package/src/my_service_server.cpp:17:99:[m[K   required from here
[01m[K/usr/include/c++/13/bits/shared_ptr.h:183:15:[m[K [01;31m[Kerror: [m[Kno type named ‘[01m[Ktype[m[K’ in ‘[01m[Kstruct std::enable_if<false, std::shared_ptr<turtlesim::srv::TeleportAbsolute_Request_<std::allocator<void> > >&>[m[K’
  183 |         using [01;31m[K_Assignable[m[K = typename enable_if<
      |               [01;31m[K^~~~~~~~~~~[m[K
[01m[K/usr/include/c++/13/bits/shared_ptr.h:454:9:[m[K [01;36m[Knote: [m[Kcandidate: ‘[01m[Ktemplate<class _Yp, class _Del> std::shared_ptr<_Tp>::_Assignable<std::unique_ptr<_Up, _Ep> > std::shared_ptr<_Tp>::[01;32m[Koperator=[m[K(std::unique_ptr<_Up, _Ep>&&) [35m[K[with _Del = _Yp; _Tp = turtlesim::srv::TeleportAbsolute_Request_<std::allocator<void> >][m[K[m[K’
  454 |         [01;36m[Koperator[m[K=(unique_ptr<_Yp, _Del>&& __r)
      |         [01;36m[K^~~~~~~~[m[K
[01m[K/usr/include/c++/13/bits/shared_ptr.h:454:9:[m[K [01;36m[Knote: [m[K  template argument deduction/substitution failed:
[01m[K/home/tm/dev_ws/ros_c++/src/my_first_package/src/my_service_server.cpp:17:99:[m[K [01;36m[Knote: [m[K  ‘[01m[Kstd::shared_ptr<std::shared_ptr<turtlesim::srv::TeleportAbsolute_Request_<std::allocator<void> > > >[m[K’ is not derived from ‘[01m[Kstd::unique_ptr<_Tp, _Dp>[m[K’
   17 |             req_teleport = std::make_shared<turtlesim::srv::TeleportAbsolute::Request::SharedPtr>([01;36m[K)[m[K;
      |                                                                                                   [01;36m[K^[m[K
[01m[K/usr/include/c++/13/bits/shared_ptr.h:414:19:[m[K [01;36m[Knote: [m[Kcandidate: ‘[01m[Kstd::shared_ptr<_Tp>& std::shared_ptr<_Tp>::[01;32m[Koperator=[m[K(const std::shared_ptr<_Tp>&) [35m[K[with _Tp = turtlesim::srv::TeleportAbsolute_Request_<std::allocator<void> >][m[K[m[K’
  414 |       shared_ptr& [01;36m[Koperator[m[K=(const shared_ptr&) noexcept = default;
      |                   [01;36m[K^~~~~~~~[m[K
[01m[K/usr/include/c++/13/bits/shared_ptr.h:414:29:[m[K [01;36m[Knote: [m[K  no known conversion for argument 1 from ‘[01m[Kstd::shared_ptr<std::shared_ptr<turtlesim::srv::TeleportAbsolute_Request_<std::allocator<void> > > >[m[K’ to ‘[01m[Kconst std::shared_ptr<turtlesim::srv::TeleportAbsolute_Request_<std::allocator<void> > >&[m[K’
  414 |       shared_ptr& operator=([01;36m[Kconst shared_ptr&[m[K) noexcept = default;
      |                             [01;36m[K^~~~~~~~~~~~~~~~~[m[K
[01m[K/usr/include/c++/13/bits/shared_ptr.h:438:7:[m[K [01;36m[Knote: [m[Kcandidate: ‘[01m[Kstd::shared_ptr<_Tp>& std::shared_ptr<_Tp>::[01;32m[Koperator=[m[K(std::shared_ptr<_Tp>&&) [35m[K[with _Tp = turtlesim::srv::TeleportAbsolute_Request_<std::allocator<void> >][m[K[m[K’
  438 |       [01;36m[Koperator[m[K=(shared_ptr&& __r) noexcept
      |       [01;36m[K^~~~~~~~[m[K
[01m[K/usr/include/c++/13/bits/shared_ptr.h:438:30:[m[K [01;36m[Knote: [m[K  no known conversion for argument 1 from ‘[01m[Kstd::shared_ptr<std::shared_ptr<turtlesim::srv::TeleportAbsolute_Request_<std::allocator<void> > > >[m[K’ to ‘[01m[Kstd::shared_ptr<turtlesim::srv::TeleportAbsolute_Request_<std::allocator<void> > >&&[m[K’
  438 |       operator=([01;36m[Kshared_ptr&& __r[m[K) noexcept
      |                 [01;36m[K~~~~~~~~~~~~~^~~[m[K
[01m[K/home/tm/dev_ws/ros_c++/src/my_first_package/src/my_service_server.cpp:[m[K In member function ‘[01m[Kvoid MultiSpawning::[01;32m[Kcallback_service[m[K(std::shared_ptr<my_first_package_msgs::srv::MultiSpawn_Request_<std::allocator<void> > >, std::shared_ptr<my_first_package_msgs::srv::MultiSpawn_Response_<std::allocator<void> > >)[m[K’:
[01m[K/home/tm/dev_ws/ros_c++/src/my_first_package/src/my_service_server.cpp:21:102:[m[K [01;35m[Kwarning: [m[Kunused parameter ‘[01m[Krequest[m[K’ [[01;35m[K]8;;https://gcc.gnu.org/onlinedocs/gcc/Warning-Options.html#index-Wunused-parameter-Wunused-parameter]8;;[m[K]
   21 |         void callback_service([01;35m[Kconst std::shared_ptr<my_first_package_msgs::srv::MultiSpawn::Request> request[m[K,
      |                               [01;35m[K~~~~~~~~~~~~~~~~~~~~~~~~~~~~~~~~~~~~~~~~~~~~~~~~~~~~~~~~~~~~~~~~~~~~~~~^~~~~~~[m[K
[01m[K/home/tm/dev_ws/ros_c++/src/my_first_package/src/my_service_server.cpp:22:95:[m[K [01;35m[Kwarning: [m[Kunused parameter ‘[01m[Kresponse[m[K’ [[01;35m[K]8;;https://gcc.gnu.org/onlinedocs/gcc/Warning-Options.html#index-Wunused-parameter-Wunused-parameter]8;;[m[K]
   22 |                             [01;35m[Kstd::shared_ptr<my_first_package_msgs::srv::MultiSpawn::Response> response[m[K) {
      |                             [01;35m[K~~~~~~~~~~~~~~~~~~~~~~~~~~~~~~~~~~~~~~~~~~~~~~~~~~~~~~~~~~~~~~~~~~^~~~~~~~[m[K
gmake[2]: *** [CMakeFiles/my_service_server.dir/build.make:76: CMakeFiles/my_service_server.dir/src/my_service_server.cpp.o] Error 1
gmake[1]: *** [CMakeFiles/Makefile2:333: CMakeFiles/my_service_server.dir/all] Error 2
gmake: *** [Makefile:146: all] Error 2
