[ 14%] Built target listener
[ 28%] Built target client
[ 42%] Built target talker
[ 57%] Built target publisher
[ 85%] Built target server
[ 85%] Built target subscriber
[ 92%] [32mBuilding CXX object CMakeFiles/sub_pose.dir/src/turtle_cmd_and_pose.cpp.o[0m
[100%] [32m[1mLinking CXX executable sub_pose[0m
[100%] Built target sub_pose
-- Install configuration: ""
-- Installing: /home/tm/dev_ws/ros_c++/install/my_first_package/lib/my_first_package/talker
-- Set non-toolchain portion of runtime path of "/home/tm/dev_ws/ros_c++/install/my_first_package/lib/my_first_package/talker" to ""
-- Installing: /home/tm/dev_ws/ros_c++/install/my_first_package/lib/my_first_package/listener
-- Set non-toolchain portion of runtime path of "/home/tm/dev_ws/ros_c++/install/my_first_package/lib/my_first_package/listener" to ""
-- Installing: /home/tm/dev_ws/ros_c++/install/my_first_package/lib/my_first_package/server
-- Set non-toolchain portion of runtime path of "/home/tm/dev_ws/ros_c++/install/my_first_package/lib/my_first_package/server" to ""
-- Installing: /home/tm/dev_ws/ros_c++/install/my_first_package/lib/my_first_package/client
-- Set non-toolchain portion of runtime path of "/home/tm/dev_ws/ros_c++/install/my_first_package/lib/my_first_package/client" to ""
-- Installing: /home/tm/dev_ws/ros_c++/install/my_first_package/lib/my_first_package/subscriber
-- Set non-toolchain portion of runtime path of "/home/tm/dev_ws/ros_c++/install/my_first_package/lib/my_first_package/subscriber" to ""
-- Installing: /home/tm/dev_ws/ros_c++/install/my_first_package/lib/my_first_package/publisher
-- Set non-toolchain portion of runtime path of "/home/tm/dev_ws/ros_c++/install/my_first_package/lib/my_first_package/publisher" to ""
-- Installing: /home/tm/dev_ws/ros_c++/install/my_first_package/lib/my_first_package/sub_pose
-- Set non-toolchain portion of runtime path of "/home/tm/dev_ws/ros_c++/install/my_first_package/lib/my_first_package/sub_pose" to ""
-- Installing: /home/tm/dev_ws/ros_c++/install/my_first_package/share/ament_index/resource_index/package_run_dependencies/my_first_package
-- Installing: /home/tm/dev_ws/ros_c++/install/my_first_package/share/ament_index/resource_index/parent_prefix_path/my_first_package
-- Installing: /home/tm/dev_ws/ros_c++/install/my_first_package/share/my_first_package/environment/ament_prefix_path.sh
-- Installing: /home/tm/dev_ws/ros_c++/install/my_first_package/share/my_first_package/environment/ament_prefix_path.dsv
-- Installing: /home/tm/dev_ws/ros_c++/install/my_first_package/share/my_first_package/environment/path.sh
-- Installing: /home/tm/dev_ws/ros_c++/install/my_first_package/share/my_first_package/environment/path.dsv
-- Installing: /home/tm/dev_ws/ros_c++/install/my_first_package/share/my_first_package/local_setup.bash
-- Installing: /home/tm/dev_ws/ros_c++/install/my_first_package/share/my_first_package/local_setup.sh
-- Installing: /home/tm/dev_ws/ros_c++/install/my_first_package/share/my_first_package/local_setup.zsh
-- Installing: /home/tm/dev_ws/ros_c++/install/my_first_package/share/my_first_package/local_setup.dsv
-- Installing: /home/tm/dev_ws/ros_c++/install/my_first_package/share/my_first_package/package.dsv
-- Installing: /home/tm/dev_ws/ros_c++/install/my_first_package/share/ament_index/resource_index/packages/my_first_package
-- Installing: /home/tm/dev_ws/ros_c++/install/my_first_package/share/my_first_package/cmake/my_first_packageConfig.cmake
-- Installing: /home/tm/dev_ws/ros_c++/install/my_first_package/share/my_first_package/cmake/my_first_packageConfig-version.cmake
-- Installing: /home/tm/dev_ws/ros_c++/install/my_first_package/share/my_first_package/package.xml
