[0.017s] Invoking command in '/home/tm/dev_ws/ros_c++/build/my_first_package': CMAKE_PREFIX_PATH=${CMAKE_PREFIX_PATH}:/opt/ros/jazzy DEBUGINFOD_URLS=https://debuginfod.ubuntu.com VIRTUAL_ENV_PROMPT=(ros) /usr/bin/cmake --build /home/tm/dev_ws/ros_c++/build/my_first_package -- -j12 -l12
[0.119s] [ 14%] Built target listener
[0.126s] [ 28%] Built target client
[0.133s] [ 42%] Built target talker
[0.142s] [ 57%] Built target publisher
[0.143s] [ 85%] Built target server
[0.144s] [ 85%] Built target subscriber
[0.153s] [ 92%] [32mBuilding CXX object CMakeFiles/sub_pose.dir/src/turtle_cmd_and_pose.cpp.o[0m
[8.553s] [100%] [32m[1mLinking CXX executable sub_pose[0m
[8.820s] [100%] Built target sub_pose
[8.837s] Invoked command in '/home/tm/dev_ws/ros_c++/build/my_first_package' returned '0': CMAKE_PREFIX_PATH=${CMAKE_PREFIX_PATH}:/opt/ros/jazzy DEBUGINFOD_URLS=https://debuginfod.ubuntu.com VIRTUAL_ENV_PROMPT=(ros) /usr/bin/cmake --build /home/tm/dev_ws/ros_c++/build/my_first_package -- -j12 -l12
[8.839s] Invoking command in '/home/tm/dev_ws/ros_c++/build/my_first_package': CMAKE_PREFIX_PATH=${CMAKE_PREFIX_PATH}:/opt/ros/jazzy DEBUGINFOD_URLS=https://debuginfod.ubuntu.com VIRTUAL_ENV_PROMPT=(ros) /usr/bin/cmake --install /home/tm/dev_ws/ros_c++/build/my_first_package
[8.852s] -- Install configuration: ""
[8.852s] -- Installing: /home/tm/dev_ws/ros_c++/install/my_first_package/lib/my_first_package/talker
[8.853s] -- Set non-toolchain portion of runtime path of "/home/tm/dev_ws/ros_c++/install/my_first_package/lib/my_first_package/talker" to ""
[8.853s] -- Installing: /home/tm/dev_ws/ros_c++/install/my_first_package/lib/my_first_package/listener
[8.859s] -- Set non-toolchain portion of runtime path of "/home/tm/dev_ws/ros_c++/install/my_first_package/lib/my_first_package/listener" to ""
[8.859s] -- Installing: /home/tm/dev_ws/ros_c++/install/my_first_package/lib/my_first_package/server
[8.860s] -- Set non-toolchain portion of runtime path of "/home/tm/dev_ws/ros_c++/install/my_first_package/lib/my_first_package/server" to ""
[8.860s] -- Installing: /home/tm/dev_ws/ros_c++/install/my_first_package/lib/my_first_package/client
[8.862s] -- Set non-toolchain portion of runtime path of "/home/tm/dev_ws/ros_c++/install/my_first_package/lib/my_first_package/client" to ""
[8.862s] -- Installing: /home/tm/dev_ws/ros_c++/install/my_first_package/lib/my_first_package/subscriber
[8.865s] -- Set non-toolchain portion of runtime path of "/home/tm/dev_ws/ros_c++/install/my_first_package/lib/my_first_package/subscriber" to ""
[8.865s] -- Installing: /home/tm/dev_ws/ros_c++/install/my_first_package/lib/my_first_package/publisher
[8.866s] -- Set non-toolchain portion of runtime path of "/home/tm/dev_ws/ros_c++/install/my_first_package/lib/my_first_package/publisher" to ""
[8.866s] -- Installing: /home/tm/dev_ws/ros_c++/install/my_first_package/lib/my_first_package/sub_pose
[8.870s] -- Set non-toolchain portion of runtime path of "/home/tm/dev_ws/ros_c++/install/my_first_package/lib/my_first_package/sub_pose" to ""
[8.870s] -- Installing: /home/tm/dev_ws/ros_c++/install/my_first_package/share/ament_index/resource_index/package_run_dependencies/my_first_package
[8.870s] -- Installing: /home/tm/dev_ws/ros_c++/install/my_first_package/share/ament_index/resource_index/parent_prefix_path/my_first_package
[8.870s] -- Installing: /home/tm/dev_ws/ros_c++/install/my_first_package/share/my_first_package/environment/ament_prefix_path.sh
[8.870s] -- Installing: /home/tm/dev_ws/ros_c++/install/my_first_package/share/my_first_package/environment/ament_prefix_path.dsv
[8.870s] -- Installing: /home/tm/dev_ws/ros_c++/install/my_first_package/share/my_first_package/environment/path.sh
[8.870s] -- Installing: /home/tm/dev_ws/ros_c++/install/my_first_package/share/my_first_package/environment/path.dsv
[8.871s] -- Installing: /home/tm/dev_ws/ros_c++/install/my_first_package/share/my_first_package/local_setup.bash
[8.871s] -- Installing: /home/tm/dev_ws/ros_c++/install/my_first_package/share/my_first_package/local_setup.sh
[8.871s] -- Installing: /home/tm/dev_ws/ros_c++/install/my_first_package/share/my_first_package/local_setup.zsh
[8.871s] -- Installing: /home/tm/dev_ws/ros_c++/install/my_first_package/share/my_first_package/local_setup.dsv
[8.871s] -- Installing: /home/tm/dev_ws/ros_c++/install/my_first_package/share/my_first_package/package.dsv
[8.871s] -- Installing: /home/tm/dev_ws/ros_c++/install/my_first_package/share/ament_index/resource_index/packages/my_first_package
[8.871s] -- Installing: /home/tm/dev_ws/ros_c++/install/my_first_package/share/my_first_package/cmake/my_first_packageConfig.cmake
[8.872s] -- Installing: /home/tm/dev_ws/ros_c++/install/my_first_package/share/my_first_package/cmake/my_first_packageConfig-version.cmake
[8.872s] -- Installing: /home/tm/dev_ws/ros_c++/install/my_first_package/share/my_first_package/package.xml
[8.877s] Invoked command in '/home/tm/dev_ws/ros_c++/build/my_first_package' returned '0': CMAKE_PREFIX_PATH=${CMAKE_PREFIX_PATH}:/opt/ros/jazzy DEBUGINFOD_URLS=https://debuginfod.ubuntu.com VIRTUAL_ENV_PROMPT=(ros) /usr/bin/cmake --install /home/tm/dev_ws/ros_c++/build/my_first_package
