[0.098s] DEBUG:colcon:Command line arguments: ['/usr/bin/colcon', 'build']
[0.098s] DEBUG:colcon:Parsed command line arguments: Namespace(log_base=None, log_level=None, verb_name='build', build_base='build', install_base='install', merge_install=False, symlink_install=False, test_result_base=None, continue_on_error=False, executor='parallel', parallel_workers=12, event_handlers=None, ignore_user_meta=False, metas=['./colcon.meta'], base_paths=['.'], packages_ignore=None, packages_ignore_regex=None, paths=None, packages_up_to=None, packages_up_to_regex=None, packages_above=None, packages_above_and_dependencies=None, packages_above_depth=None, packages_select_by_dep=None, packages_skip_by_dep=None, packages_skip_up_to=None, packages_select_build_failed=False, packages_skip_build_finished=False, packages_select_test_failures=False, packages_skip_test_passed=False, packages_select=None, packages_skip=None, packages_select_regex=None, packages_skip_regex=None, packages_start=None, packages_end=None, allow_overriding=[], cmake_args=None, cmake_target=None, cmake_target_skip_unavailable=False, cmake_clean_cache=False, cmake_clean_first=False, cmake_force_configure=False, ament_cmake_args=None, catkin_cmake_args=None, catkin_skip_building_tests=False, mixin_files=None, mixin=None, verb_parser=<colcon_mixin.mixin.mixin_argument.MixinArgumentDecorator object at 0x79530bfcc590>, verb_extension=<colcon_core.verb.build.BuildVerb object at 0x79530bf4e660>, main=<bound method BuildVerb.main of <colcon_core.verb.build.BuildVerb object at 0x79530bf4e660>>, mixin_verb=('build',))
[0.140s] Level 1:colcon.colcon_core.package_discovery:discover_packages(colcon_meta) check parameters
[0.140s] Level 1:colcon.colcon_core.package_discovery:discover_packages(recursive) check parameters
[0.140s] Level 1:colcon.colcon_core.package_discovery:discover_packages(ignore) check parameters
[0.140s] Level 1:colcon.colcon_core.package_discovery:discover_packages(path) check parameters
[0.140s] Level 1:colcon.colcon_core.package_discovery:discover_packages(colcon_meta) discover
[0.140s] Level 1:colcon.colcon_core.package_discovery:discover_packages(recursive) discover
[0.140s] INFO:colcon.colcon_core.package_discovery:Crawling recursively for packages in '/home/tm/dev_ws/ros_c++'
[0.140s] Level 1:colcon.colcon_core.package_identification:_identify(.) by extensions ['ignore', 'ignore_ament_install']
[0.140s] Level 1:colcon.colcon_core.package_identification:_identify(.) by extension 'ignore'
[0.140s] Level 1:colcon.colcon_core.package_identification:_identify(.) by extension 'ignore_ament_install'
[0.140s] Level 1:colcon.colcon_core.package_identification:_identify(.) by extensions ['colcon_pkg']
[0.140s] Level 1:colcon.colcon_core.package_identification:_identify(.) by extension 'colcon_pkg'
[0.140s] Level 1:colcon.colcon_core.package_identification:_identify(.) by extensions ['colcon_meta']
[0.140s] Level 1:colcon.colcon_core.package_identification:_identify(.) by extension 'colcon_meta'
[0.140s] Level 1:colcon.colcon_core.package_identification:_identify(.) by extensions ['ros']
[0.140s] Level 1:colcon.colcon_core.package_identification:_identify(.) by extension 'ros'
[0.161s] Level 1:colcon.colcon_core.package_identification:_identify(.) by extensions ['cmake', 'python']
[0.161s] Level 1:colcon.colcon_core.package_identification:_identify(.) by extension 'cmake'
[0.161s] Level 1:colcon.colcon_core.package_identification:_identify(.) by extension 'python'
[0.161s] Level 1:colcon.colcon_core.package_identification:_identify(.) by extensions ['python_setup_py']
[0.161s] Level 1:colcon.colcon_core.package_identification:_identify(.) by extension 'python_setup_py'
[0.161s] Level 1:colcon.colcon_core.package_identification:_identify(build) by extensions ['ignore', 'ignore_ament_install']
[0.161s] Level 1:colcon.colcon_core.package_identification:_identify(build) by extension 'ignore'
[0.161s] Level 1:colcon.colcon_core.package_identification:_identify(build) ignored
[0.161s] Level 1:colcon.colcon_core.package_identification:_identify(install) by extensions ['ignore', 'ignore_ament_install']
[0.161s] Level 1:colcon.colcon_core.package_identification:_identify(install) by extension 'ignore'
[0.161s] Level 1:colcon.colcon_core.package_identification:_identify(install) ignored
[0.161s] Level 1:colcon.colcon_core.package_identification:_identify(log) by extensions ['ignore', 'ignore_ament_install']
[0.161s] Level 1:colcon.colcon_core.package_identification:_identify(log) by extension 'ignore'
[0.162s] Level 1:colcon.colcon_core.package_identification:_identify(log) ignored
[0.162s] Level 1:colcon.colcon_core.package_identification:_identify(src) by extensions ['ignore', 'ignore_ament_install']
[0.162s] Level 1:colcon.colcon_core.package_identification:_identify(src) by extension 'ignore'
[0.162s] Level 1:colcon.colcon_core.package_identification:_identify(src) by extension 'ignore_ament_install'
[0.162s] Level 1:colcon.colcon_core.package_identification:_identify(src) by extensions ['colcon_pkg']
[0.162s] Level 1:colcon.colcon_core.package_identification:_identify(src) by extension 'colcon_pkg'
[0.162s] Level 1:colcon.colcon_core.package_identification:_identify(src) by extensions ['colcon_meta']
[0.162s] Level 1:colcon.colcon_core.package_identification:_identify(src) by extension 'colcon_meta'
[0.162s] Level 1:colcon.colcon_core.package_identification:_identify(src) by extensions ['ros']
[0.162s] Level 1:colcon.colcon_core.package_identification:_identify(src) by extension 'ros'
[0.162s] Level 1:colcon.colcon_core.package_identification:_identify(src) by extensions ['cmake', 'python']
[0.162s] Level 1:colcon.colcon_core.package_identification:_identify(src) by extension 'cmake'
[0.162s] Level 1:colcon.colcon_core.package_identification:_identify(src) by extension 'python'
[0.162s] Level 1:colcon.colcon_core.package_identification:_identify(src) by extensions ['python_setup_py']
[0.162s] Level 1:colcon.colcon_core.package_identification:_identify(src) by extension 'python_setup_py'
[0.162s] Level 1:colcon.colcon_core.package_identification:_identify(src/my_first_package) by extensions ['ignore', 'ignore_ament_install']
[0.162s] Level 1:colcon.colcon_core.package_identification:_identify(src/my_first_package) by extension 'ignore'
[0.162s] Level 1:colcon.colcon_core.package_identification:_identify(src/my_first_package) by extension 'ignore_ament_install'
[0.162s] Level 1:colcon.colcon_core.package_identification:_identify(src/my_first_package) by extensions ['colcon_pkg']
[0.162s] Level 1:colcon.colcon_core.package_identification:_identify(src/my_first_package) by extension 'colcon_pkg'
[0.162s] Level 1:colcon.colcon_core.package_identification:_identify(src/my_first_package) by extensions ['colcon_meta']
[0.162s] Level 1:colcon.colcon_core.package_identification:_identify(src/my_first_package) by extension 'colcon_meta'
[0.162s] Level 1:colcon.colcon_core.package_identification:_identify(src/my_first_package) by extensions ['ros']
[0.163s] Level 1:colcon.colcon_core.package_identification:_identify(src/my_first_package) by extension 'ros'
[0.164s] DEBUG:colcon.colcon_core.package_identification:Package 'src/my_first_package' with type 'ros.ament_cmake' and name 'my_first_package'
[0.164s] Level 1:colcon.colcon_core.package_identification:_identify(src/my_first_package_msgs) by extensions ['ignore', 'ignore_ament_install']
[0.164s] Level 1:colcon.colcon_core.package_identification:_identify(src/my_first_package_msgs) by extension 'ignore'
[0.165s] Level 1:colcon.colcon_core.package_identification:_identify(src/my_first_package_msgs) by extension 'ignore_ament_install'
[0.165s] Level 1:colcon.colcon_core.package_identification:_identify(src/my_first_package_msgs) by extensions ['colcon_pkg']
[0.165s] Level 1:colcon.colcon_core.package_identification:_identify(src/my_first_package_msgs) by extension 'colcon_pkg'
[0.165s] Level 1:colcon.colcon_core.package_identification:_identify(src/my_first_package_msgs) by extensions ['colcon_meta']
[0.165s] Level 1:colcon.colcon_core.package_identification:_identify(src/my_first_package_msgs) by extension 'colcon_meta'
[0.165s] Level 1:colcon.colcon_core.package_identification:_identify(src/my_first_package_msgs) by extensions ['ros']
[0.165s] Level 1:colcon.colcon_core.package_identification:_identify(src/my_first_package_msgs) by extension 'ros'
[0.165s] DEBUG:colcon.colcon_core.package_identification:Package 'src/my_first_package_msgs' with type 'ros.ament_cmake' and name 'my_first_package_msgs'
[0.165s] Level 1:colcon.colcon_core.package_discovery:discover_packages(recursive) using defaults
[0.165s] Level 1:colcon.colcon_core.package_discovery:discover_packages(ignore) discover
[0.165s] Level 1:colcon.colcon_core.package_discovery:discover_packages(ignore) using defaults
[0.165s] Level 1:colcon.colcon_core.package_discovery:discover_packages(path) discover
[0.165s] Level 1:colcon.colcon_core.package_discovery:discover_packages(path) using defaults
[0.180s] Level 1:colcon.colcon_core.package_discovery:discover_packages(prefix_path) check parameters
[0.180s] Level 1:colcon.colcon_core.package_discovery:discover_packages(prefix_path) discover
[0.182s] DEBUG:colcon.colcon_installed_package_information.package_discovery:Found 4 installed packages in /home/tm/dev_ws/ros/install
[0.183s] DEBUG:colcon.colcon_installed_package_information.package_discovery:Found 328 installed packages in /opt/ros/jazzy
[0.184s] Level 1:colcon.colcon_core.package_discovery:discover_packages(prefix_path) using defaults
[0.226s] Level 5:colcon.colcon_core.verb:set package 'my_first_package' build argument 'cmake_args' from command line to 'None'
[0.226s] Level 5:colcon.colcon_core.verb:set package 'my_first_package' build argument 'cmake_target' from command line to 'None'
[0.226s] Level 5:colcon.colcon_core.verb:set package 'my_first_package' build argument 'cmake_target_skip_unavailable' from command line to 'False'
[0.226s] Level 5:colcon.colcon_core.verb:set package 'my_first_package' build argument 'cmake_clean_cache' from command line to 'False'
[0.226s] Level 5:colcon.colcon_core.verb:set package 'my_first_package' build argument 'cmake_clean_first' from command line to 'False'
[0.226s] Level 5:colcon.colcon_core.verb:set package 'my_first_package' build argument 'cmake_force_configure' from command line to 'False'
[0.226s] Level 5:colcon.colcon_core.verb:set package 'my_first_package' build argument 'ament_cmake_args' from command line to 'None'
[0.226s] Level 5:colcon.colcon_core.verb:set package 'my_first_package' build argument 'catkin_cmake_args' from command line to 'None'
[0.226s] Level 5:colcon.colcon_core.verb:set package 'my_first_package' build argument 'catkin_skip_building_tests' from command line to 'False'
[0.226s] DEBUG:colcon.colcon_core.verb:Building package 'my_first_package' with the following arguments: {'ament_cmake_args': None, 'build_base': '/home/tm/dev_ws/ros_c++/build/my_first_package', 'catkin_cmake_args': None, 'catkin_skip_building_tests': False, 'cmake_args': None, 'cmake_clean_cache': False, 'cmake_clean_first': False, 'cmake_force_configure': False, 'cmake_target': None, 'cmake_target_skip_unavailable': False, 'install_base': '/home/tm/dev_ws/ros_c++/install/my_first_package', 'merge_install': False, 'path': '/home/tm/dev_ws/ros_c++/src/my_first_package', 'symlink_install': False, 'test_result_base': None}
[0.227s] Level 5:colcon.colcon_core.verb:set package 'my_first_package_msgs' build argument 'cmake_args' from command line to 'None'
[0.227s] Level 5:colcon.colcon_core.verb:set package 'my_first_package_msgs' build argument 'cmake_target' from command line to 'None'
[0.227s] Level 5:colcon.colcon_core.verb:set package 'my_first_package_msgs' build argument 'cmake_target_skip_unavailable' from command line to 'False'
[0.227s] Level 5:colcon.colcon_core.verb:set package 'my_first_package_msgs' build argument 'cmake_clean_cache' from command line to 'False'
[0.227s] Level 5:colcon.colcon_core.verb:set package 'my_first_package_msgs' build argument 'cmake_clean_first' from command line to 'False'
[0.227s] Level 5:colcon.colcon_core.verb:set package 'my_first_package_msgs' build argument 'cmake_force_configure' from command line to 'False'
[0.227s] Level 5:colcon.colcon_core.verb:set package 'my_first_package_msgs' build argument 'ament_cmake_args' from command line to 'None'
[0.227s] Level 5:colcon.colcon_core.verb:set package 'my_first_package_msgs' build argument 'catkin_cmake_args' from command line to 'None'
[0.227s] Level 5:colcon.colcon_core.verb:set package 'my_first_package_msgs' build argument 'catkin_skip_building_tests' from command line to 'False'
[0.227s] DEBUG:colcon.colcon_core.verb:Building package 'my_first_package_msgs' with the following arguments: {'ament_cmake_args': None, 'build_base': '/home/tm/dev_ws/ros_c++/build/my_first_package_msgs', 'catkin_cmake_args': None, 'catkin_skip_building_tests': False, 'cmake_args': None, 'cmake_clean_cache': False, 'cmake_clean_first': False, 'cmake_force_configure': False, 'cmake_target': None, 'cmake_target_skip_unavailable': False, 'install_base': '/home/tm/dev_ws/ros_c++/install/my_first_package_msgs', 'merge_install': False, 'path': '/home/tm/dev_ws/ros_c++/src/my_first_package_msgs', 'symlink_install': False, 'test_result_base': None}
[0.227s] INFO:colcon.colcon_core.executor:Executing jobs using 'parallel' executor
[0.228s] DEBUG:colcon.colcon_parallel_executor.executor.parallel:run_until_complete
[0.228s] INFO:colcon.colcon_ros.task.ament_cmake.build:Building ROS package in '/home/tm/dev_ws/ros_c++/src/my_first_package' with build type 'ament_cmake'
[0.228s] INFO:colcon.colcon_cmake.task.cmake.build:Building CMake package in '/home/tm/dev_ws/ros_c++/src/my_first_package'
[0.230s] INFO:colcon.colcon_core.plugin_system:Skipping extension 'colcon_core.shell.bat': Not used on non-Windows systems
[0.230s] INFO:colcon.colcon_core.shell:Skip shell extension 'powershell' for command environment: Not usable outside of PowerShell
[0.230s] DEBUG:colcon.colcon_core.shell:Skip shell extension 'dsv' for command environment
[0.233s] INFO:colcon.colcon_ros.task.ament_cmake.build:Building ROS package in '/home/tm/dev_ws/ros_c++/src/my_first_package_msgs' with build type 'ament_cmake'
[0.233s] INFO:colcon.colcon_cmake.task.cmake.build:Building CMake package in '/home/tm/dev_ws/ros_c++/src/my_first_package_msgs'
[0.233s] INFO:colcon.colcon_core.shell:Skip shell extension 'powershell' for command environment: Not usable outside of PowerShell
[0.233s] DEBUG:colcon.colcon_core.shell:Skip shell extension 'dsv' for command environment
[0.241s] DEBUG:colcon.colcon_core.event_handler.log_command:Invoking command in '/home/tm/dev_ws/ros_c++/build/my_first_package': CMAKE_PREFIX_PATH=${CMAKE_PREFIX_PATH}:/home/tm/dev_ws/ros/install/my_test_package:/home/tm/dev_ws/ros/install/my_first_package:/home/tm/dev_ws/ros/install/camera_package:/opt/ros/jazzy DEBUGINFOD_URLS=https://debuginfod.ubuntu.com VIRTUAL_ENV_PROMPT=(ros) /usr/bin/cmake --build /home/tm/dev_ws/ros_c++/build/my_first_package -- -j12 -l12
[0.244s] DEBUG:colcon.colcon_core.event_handler.log_command:Invoking command in '/home/tm/dev_ws/ros_c++/build/my_first_package_msgs': CMAKE_PREFIX_PATH=${CMAKE_PREFIX_PATH}:/home/tm/dev_ws/ros/install/my_test_package:/home/tm/dev_ws/ros/install/my_first_package:/home/tm/dev_ws/ros/install/camera_package:/opt/ros/jazzy DEBUGINFOD_URLS=https://debuginfod.ubuntu.com VIRTUAL_ENV_PROMPT=(ros) /usr/bin/cmake --build /home/tm/dev_ws/ros_c++/build/my_first_package_msgs -- -j12 -l12
[0.689s] DEBUG:colcon.colcon_core.event_handler.log_command:Invoked command in '/home/tm/dev_ws/ros_c++/build/my_first_package_msgs' returned '0': CMAKE_PREFIX_PATH=${CMAKE_PREFIX_PATH}:/home/tm/dev_ws/ros/install/my_test_package:/home/tm/dev_ws/ros/install/my_first_package:/home/tm/dev_ws/ros/install/camera_package:/opt/ros/jazzy DEBUGINFOD_URLS=https://debuginfod.ubuntu.com VIRTUAL_ENV_PROMPT=(ros) /usr/bin/cmake --build /home/tm/dev_ws/ros_c++/build/my_first_package_msgs -- -j12 -l12
[0.700s] DEBUG:colcon.colcon_core.event_handler.log_command:Invoking command in '/home/tm/dev_ws/ros_c++/build/my_first_package_msgs': CMAKE_PREFIX_PATH=${CMAKE_PREFIX_PATH}:/home/tm/dev_ws/ros/install/my_test_package:/home/tm/dev_ws/ros/install/my_first_package:/home/tm/dev_ws/ros/install/camera_package:/opt/ros/jazzy DEBUGINFOD_URLS=https://debuginfod.ubuntu.com VIRTUAL_ENV_PROMPT=(ros) /usr/bin/cmake --install /home/tm/dev_ws/ros_c++/build/my_first_package_msgs
[0.802s] Level 1:colcon.colcon_core.environment:create_environment_scripts_only(my_first_package_msgs)
[0.802s] DEBUG:colcon.colcon_core.event_handler.log_command:Invoked command in '/home/tm/dev_ws/ros_c++/build/my_first_package_msgs' returned '0': CMAKE_PREFIX_PATH=${CMAKE_PREFIX_PATH}:/home/tm/dev_ws/ros/install/my_test_package:/home/tm/dev_ws/ros/install/my_first_package:/home/tm/dev_ws/ros/install/camera_package:/opt/ros/jazzy DEBUGINFOD_URLS=https://debuginfod.ubuntu.com VIRTUAL_ENV_PROMPT=(ros) /usr/bin/cmake --install /home/tm/dev_ws/ros_c++/build/my_first_package_msgs
[0.805s] Level 1:colcon.colcon_core.environment:checking '/home/tm/dev_ws/ros_c++/install/my_first_package_msgs' for CMake module files
[0.807s] Level 1:colcon.colcon_core.environment:checking '/home/tm/dev_ws/ros_c++/install/my_first_package_msgs' for CMake config files
[0.808s] Level 1:colcon.colcon_core.shell:create_environment_hook('my_first_package_msgs', 'cmake_prefix_path')
[0.808s] INFO:colcon.colcon_core.shell:Creating environment hook '/home/tm/dev_ws/ros_c++/install/my_first_package_msgs/share/my_first_package_msgs/hook/cmake_prefix_path.ps1'
[0.809s] INFO:colcon.colcon_core.shell:Creating environment descriptor '/home/tm/dev_ws/ros_c++/install/my_first_package_msgs/share/my_first_package_msgs/hook/cmake_prefix_path.dsv'
[0.809s] INFO:colcon.colcon_core.shell:Creating environment hook '/home/tm/dev_ws/ros_c++/install/my_first_package_msgs/share/my_first_package_msgs/hook/cmake_prefix_path.sh'
[0.811s] Level 1:colcon.colcon_core.environment:checking '/home/tm/dev_ws/ros_c++/install/my_first_package_msgs/lib'
[0.811s] Level 1:colcon.colcon_core.shell:create_environment_hook('my_first_package_msgs', 'ld_library_path_lib')
[0.812s] INFO:colcon.colcon_core.shell:Creating environment hook '/home/tm/dev_ws/ros_c++/install/my_first_package_msgs/share/my_first_package_msgs/hook/ld_library_path_lib.ps1'
[0.813s] INFO:colcon.colcon_core.shell:Creating environment descriptor '/home/tm/dev_ws/ros_c++/install/my_first_package_msgs/share/my_first_package_msgs/hook/ld_library_path_lib.dsv'
[0.813s] INFO:colcon.colcon_core.shell:Creating environment hook '/home/tm/dev_ws/ros_c++/install/my_first_package_msgs/share/my_first_package_msgs/hook/ld_library_path_lib.sh'
[0.814s] Level 1:colcon.colcon_core.environment:checking '/home/tm/dev_ws/ros_c++/install/my_first_package_msgs/bin'
[0.814s] Level 1:colcon.colcon_core.environment:checking '/home/tm/dev_ws/ros_c++/install/my_first_package_msgs/lib/pkgconfig/my_first_package_msgs.pc'
[0.814s] Level 1:colcon.colcon_core.environment:checking '/home/tm/dev_ws/ros_c++/install/my_first_package_msgs/lib/python3.12/site-packages'
[0.814s] Level 1:colcon.colcon_core.shell:create_environment_hook('my_first_package_msgs', 'pythonpath')
[0.814s] INFO:colcon.colcon_core.shell:Creating environment hook '/home/tm/dev_ws/ros_c++/install/my_first_package_msgs/share/my_first_package_msgs/hook/pythonpath.ps1'
[0.815s] INFO:colcon.colcon_core.shell:Creating environment descriptor '/home/tm/dev_ws/ros_c++/install/my_first_package_msgs/share/my_first_package_msgs/hook/pythonpath.dsv'
[0.815s] INFO:colcon.colcon_core.shell:Creating environment hook '/home/tm/dev_ws/ros_c++/install/my_first_package_msgs/share/my_first_package_msgs/hook/pythonpath.sh'
[0.816s] Level 1:colcon.colcon_core.environment:checking '/home/tm/dev_ws/ros_c++/install/my_first_package_msgs/bin'
[0.817s] INFO:colcon.colcon_core.shell:Creating package script '/home/tm/dev_ws/ros_c++/install/my_first_package_msgs/share/my_first_package_msgs/package.ps1'
[0.818s] INFO:colcon.colcon_core.shell:Creating package descriptor '/home/tm/dev_ws/ros_c++/install/my_first_package_msgs/share/my_first_package_msgs/package.dsv'
[0.818s] INFO:colcon.colcon_core.shell:Creating package script '/home/tm/dev_ws/ros_c++/install/my_first_package_msgs/share/my_first_package_msgs/package.sh'
[0.819s] INFO:colcon.colcon_core.shell:Creating package script '/home/tm/dev_ws/ros_c++/install/my_first_package_msgs/share/my_first_package_msgs/package.bash'
[0.820s] INFO:colcon.colcon_core.shell:Creating package script '/home/tm/dev_ws/ros_c++/install/my_first_package_msgs/share/my_first_package_msgs/package.zsh'
[0.821s] Level 1:colcon.colcon_core.environment:create_file_with_runtime_dependencies(/home/tm/dev_ws/ros_c++/install/my_first_package_msgs/share/colcon-core/packages/my_first_package_msgs)
[0.822s] Level 1:colcon.colcon_core.environment:create_environment_scripts_only(my_first_package_msgs)
[0.822s] Level 1:colcon.colcon_core.environment:checking '/home/tm/dev_ws/ros_c++/install/my_first_package_msgs' for CMake module files
[0.823s] Level 1:colcon.colcon_core.environment:checking '/home/tm/dev_ws/ros_c++/install/my_first_package_msgs' for CMake config files
[0.824s] Level 1:colcon.colcon_core.shell:create_environment_hook('my_first_package_msgs', 'cmake_prefix_path')
[0.824s] INFO:colcon.colcon_core.shell:Creating environment hook '/home/tm/dev_ws/ros_c++/install/my_first_package_msgs/share/my_first_package_msgs/hook/cmake_prefix_path.ps1'
[0.824s] INFO:colcon.colcon_core.shell:Creating environment descriptor '/home/tm/dev_ws/ros_c++/install/my_first_package_msgs/share/my_first_package_msgs/hook/cmake_prefix_path.dsv'
[0.825s] INFO:colcon.colcon_core.shell:Creating environment hook '/home/tm/dev_ws/ros_c++/install/my_first_package_msgs/share/my_first_package_msgs/hook/cmake_prefix_path.sh'
[0.825s] Level 1:colcon.colcon_core.environment:checking '/home/tm/dev_ws/ros_c++/install/my_first_package_msgs/lib'
[0.825s] Level 1:colcon.colcon_core.shell:create_environment_hook('my_first_package_msgs', 'ld_library_path_lib')
[0.826s] INFO:colcon.colcon_core.shell:Creating environment hook '/home/tm/dev_ws/ros_c++/install/my_first_package_msgs/share/my_first_package_msgs/hook/ld_library_path_lib.ps1'
[0.826s] INFO:colcon.colcon_core.shell:Creating environment descriptor '/home/tm/dev_ws/ros_c++/install/my_first_package_msgs/share/my_first_package_msgs/hook/ld_library_path_lib.dsv'
[0.827s] INFO:colcon.colcon_core.shell:Creating environment hook '/home/tm/dev_ws/ros_c++/install/my_first_package_msgs/share/my_first_package_msgs/hook/ld_library_path_lib.sh'
[0.827s] Level 1:colcon.colcon_core.environment:checking '/home/tm/dev_ws/ros_c++/install/my_first_package_msgs/bin'
[0.827s] Level 1:colcon.colcon_core.environment:checking '/home/tm/dev_ws/ros_c++/install/my_first_package_msgs/lib/pkgconfig/my_first_package_msgs.pc'
[0.827s] Level 1:colcon.colcon_core.environment:checking '/home/tm/dev_ws/ros_c++/install/my_first_package_msgs/lib/python3.12/site-packages'
[0.828s] Level 1:colcon.colcon_core.shell:create_environment_hook('my_first_package_msgs', 'pythonpath')
[0.828s] INFO:colcon.colcon_core.shell:Creating environment hook '/home/tm/dev_ws/ros_c++/install/my_first_package_msgs/share/my_first_package_msgs/hook/pythonpath.ps1'
[0.828s] INFO:colcon.colcon_core.shell:Creating environment descriptor '/home/tm/dev_ws/ros_c++/install/my_first_package_msgs/share/my_first_package_msgs/hook/pythonpath.dsv'
[0.829s] INFO:colcon.colcon_core.shell:Creating environment hook '/home/tm/dev_ws/ros_c++/install/my_first_package_msgs/share/my_first_package_msgs/hook/pythonpath.sh'
[0.829s] Level 1:colcon.colcon_core.environment:checking '/home/tm/dev_ws/ros_c++/install/my_first_package_msgs/bin'
[0.830s] INFO:colcon.colcon_core.shell:Creating package script '/home/tm/dev_ws/ros_c++/install/my_first_package_msgs/share/my_first_package_msgs/package.ps1'
[0.830s] INFO:colcon.colcon_core.shell:Creating package descriptor '/home/tm/dev_ws/ros_c++/install/my_first_package_msgs/share/my_first_package_msgs/package.dsv'
[0.831s] INFO:colcon.colcon_core.shell:Creating package script '/home/tm/dev_ws/ros_c++/install/my_first_package_msgs/share/my_first_package_msgs/package.sh'
[0.832s] INFO:colcon.colcon_core.shell:Creating package script '/home/tm/dev_ws/ros_c++/install/my_first_package_msgs/share/my_first_package_msgs/package.bash'
[0.832s] INFO:colcon.colcon_core.shell:Creating package script '/home/tm/dev_ws/ros_c++/install/my_first_package_msgs/share/my_first_package_msgs/package.zsh'
[0.832s] Level 1:colcon.colcon_core.environment:create_file_with_runtime_dependencies(/home/tm/dev_ws/ros_c++/install/my_first_package_msgs/share/colcon-core/packages/my_first_package_msgs)
[10.910s] DEBUG:colcon.colcon_core.event_handler.log_command:Invoked command in '/home/tm/dev_ws/ros_c++/build/my_first_package' returned '2': CMAKE_PREFIX_PATH=${CMAKE_PREFIX_PATH}:/home/tm/dev_ws/ros/install/my_test_package:/home/tm/dev_ws/ros/install/my_first_package:/home/tm/dev_ws/ros/install/camera_package:/opt/ros/jazzy DEBUGINFOD_URLS=https://debuginfod.ubuntu.com VIRTUAL_ENV_PROMPT=(ros) /usr/bin/cmake --build /home/tm/dev_ws/ros_c++/build/my_first_package -- -j12 -l12
[10.910s] Level 1:colcon.colcon_core.environment:create_environment_scripts_only(my_first_package)
[10.911s] Level 1:colcon.colcon_core.environment:checking '/home/tm/dev_ws/ros_c++/install/my_first_package' for CMake module files
[10.911s] Level 1:colcon.colcon_core.environment:checking '/home/tm/dev_ws/ros_c++/install/my_first_package' for CMake config files
[10.911s] Level 1:colcon.colcon_core.shell:create_environment_hook('my_first_package', 'cmake_prefix_path')
[10.911s] INFO:colcon.colcon_core.shell:Creating environment hook '/home/tm/dev_ws/ros_c++/install/my_first_package/share/my_first_package/hook/cmake_prefix_path.ps1'
[10.912s] INFO:colcon.colcon_core.shell:Creating environment descriptor '/home/tm/dev_ws/ros_c++/install/my_first_package/share/my_first_package/hook/cmake_prefix_path.dsv'
[10.912s] INFO:colcon.colcon_core.shell:Creating environment hook '/home/tm/dev_ws/ros_c++/install/my_first_package/share/my_first_package/hook/cmake_prefix_path.sh'
[10.912s] Level 1:colcon.colcon_core.environment:checking '/home/tm/dev_ws/ros_c++/install/my_first_package/lib'
[10.912s] Level 1:colcon.colcon_core.environment:checking '/home/tm/dev_ws/ros_c++/install/my_first_package/bin'
[10.912s] Level 1:colcon.colcon_core.environment:checking '/home/tm/dev_ws/ros_c++/install/my_first_package/lib/pkgconfig/my_first_package.pc'
[10.913s] Level 1:colcon.colcon_core.environment:checking '/home/tm/dev_ws/ros_c++/install/my_first_package/lib/python3.12/site-packages'
[10.913s] Level 1:colcon.colcon_core.environment:checking '/home/tm/dev_ws/ros_c++/install/my_first_package/bin'
[10.913s] INFO:colcon.colcon_core.shell:Creating package script '/home/tm/dev_ws/ros_c++/install/my_first_package/share/my_first_package/package.ps1'
[10.913s] INFO:colcon.colcon_core.shell:Creating package descriptor '/home/tm/dev_ws/ros_c++/install/my_first_package/share/my_first_package/package.dsv'
[10.914s] INFO:colcon.colcon_core.shell:Creating package script '/home/tm/dev_ws/ros_c++/install/my_first_package/share/my_first_package/package.sh'
[10.914s] INFO:colcon.colcon_core.shell:Creating package script '/home/tm/dev_ws/ros_c++/install/my_first_package/share/my_first_package/package.bash'
[10.918s] INFO:colcon.colcon_core.shell:Creating package script '/home/tm/dev_ws/ros_c++/install/my_first_package/share/my_first_package/package.zsh'
[10.918s] Level 1:colcon.colcon_core.environment:create_file_with_runtime_dependencies(/home/tm/dev_ws/ros_c++/install/my_first_package/share/colcon-core/packages/my_first_package)
[10.928s] DEBUG:colcon.colcon_parallel_executor.executor.parallel:closing loop
[10.929s] DEBUG:colcon.colcon_parallel_executor.executor.parallel:loop closed
[10.929s] DEBUG:colcon.colcon_parallel_executor.executor.parallel:run_until_complete finished with '2'
[10.929s] DEBUG:colcon.colcon_core.event_reactor:joining thread
[10.935s] INFO:colcon.colcon_core.plugin_system:Skipping extension 'colcon_notification.desktop_notification.terminal_notifier': Not used on non-Darwin systems
[10.935s] INFO:colcon.colcon_core.plugin_system:Skipping extension 'colcon_notification.desktop_notification.win32': Not used on non-Windows systems
[10.935s] INFO:colcon.colcon_notification.desktop_notification:Sending desktop notification using 'notify2'
[10.949s] DEBUG:colcon.colcon_core.event_reactor:joined thread
[10.950s] INFO:colcon.colcon_core.shell:Creating prefix script '/home/tm/dev_ws/ros_c++/install/local_setup.ps1'
[10.951s] INFO:colcon.colcon_core.shell:Creating prefix util module '/home/tm/dev_ws/ros_c++/install/_local_setup_util_ps1.py'
[10.952s] INFO:colcon.colcon_core.shell:Creating prefix chain script '/home/tm/dev_ws/ros_c++/install/setup.ps1'
[10.953s] INFO:colcon.colcon_core.shell:Creating prefix script '/home/tm/dev_ws/ros_c++/install/local_setup.sh'
[10.953s] INFO:colcon.colcon_core.shell:Creating prefix util module '/home/tm/dev_ws/ros_c++/install/_local_setup_util_sh.py'
[10.954s] INFO:colcon.colcon_core.shell:Creating prefix chain script '/home/tm/dev_ws/ros_c++/install/setup.sh'
[10.955s] INFO:colcon.colcon_core.shell:Creating prefix script '/home/tm/dev_ws/ros_c++/install/local_setup.bash'
[10.955s] INFO:colcon.colcon_core.shell:Creating prefix chain script '/home/tm/dev_ws/ros_c++/install/setup.bash'
[10.956s] INFO:colcon.colcon_core.shell:Creating prefix script '/home/tm/dev_ws/ros_c++/install/local_setup.zsh'
[10.957s] INFO:colcon.colcon_core.shell:Creating prefix chain script '/home/tm/dev_ws/ros_c++/install/setup.zsh'
