[0.141s] DEBUG:colcon:Command line arguments: ['/usr/bin/colcon', 'build']
[0.141s] DEBUG:colcon:Parsed command line arguments: Namespace(log_base=None, log_level=None, verb_name='build', build_base='build', install_base='install', merge_install=False, symlink_install=False, test_result_base=None, continue_on_error=False, executor='parallel', parallel_workers=12, event_handlers=None, ignore_user_meta=False, metas=['./colcon.meta'], base_paths=['.'], packages_ignore=None, packages_ignore_regex=None, paths=None, packages_up_to=None, packages_up_to_regex=None, packages_above=None, packages_above_and_dependencies=None, packages_above_depth=None, packages_select_by_dep=None, packages_skip_by_dep=None, packages_skip_up_to=None, packages_select_build_failed=False, packages_skip_build_finished=False, packages_select_test_failures=False, packages_skip_test_passed=False, packages_select=None, packages_skip=None, packages_select_regex=None, packages_skip_regex=None, packages_start=None, packages_end=None, allow_overriding=[], cmake_args=None, cmake_target=None, cmake_target_skip_unavailable=False, cmake_clean_cache=False, cmake_clean_first=False, cmake_force_configure=False, ament_cmake_args=None, catkin_cmake_args=None, catkin_skip_building_tests=False, mixin_files=None, mixin=None, verb_parser=<colcon_mixin.mixin.mixin_argument.MixinArgumentDecorator object at 0x706e37da7ec0>, verb_extension=<colcon_core.verb.build.BuildVerb object at 0x706e37d49eb0>, main=<bound method BuildVerb.main of <colcon_core.verb.build.BuildVerb object at 0x706e37d49eb0>>, mixin_verb=('build',))
[0.186s] Level 1:colcon.colcon_core.package_discovery:discover_packages(colcon_meta) check parameters
[0.187s] Level 1:colcon.colcon_core.package_discovery:discover_packages(recursive) check parameters
[0.187s] Level 1:colcon.colcon_core.package_discovery:discover_packages(ignore) check parameters
[0.187s] Level 1:colcon.colcon_core.package_discovery:discover_packages(path) check parameters
[0.187s] Level 1:colcon.colcon_core.package_discovery:discover_packages(colcon_meta) discover
[0.187s] Level 1:colcon.colcon_core.package_discovery:discover_packages(recursive) discover
[0.187s] INFO:colcon.colcon_core.package_discovery:Crawling recursively for packages in '/home/tm/dev_ws/ros_c++'
[0.187s] Level 1:colcon.colcon_core.package_identification:_identify(.) by extensions ['ignore', 'ignore_ament_install']
[0.187s] Level 1:colcon.colcon_core.package_identification:_identify(.) by extension 'ignore'
[0.187s] Level 1:colcon.colcon_core.package_identification:_identify(.) by extension 'ignore_ament_install'
[0.187s] Level 1:colcon.colcon_core.package_identification:_identify(.) by extensions ['colcon_pkg']
[0.187s] Level 1:colcon.colcon_core.package_identification:_identify(.) by extension 'colcon_pkg'
[0.187s] Level 1:colcon.colcon_core.package_identification:_identify(.) by extensions ['colcon_meta']
[0.187s] Level 1:colcon.colcon_core.package_identification:_identify(.) by extension 'colcon_meta'
[0.187s] Level 1:colcon.colcon_core.package_identification:_identify(.) by extensions ['ros']
[0.187s] Level 1:colcon.colcon_core.package_identification:_identify(.) by extension 'ros'
[0.219s] Level 1:colcon.colcon_core.package_identification:_identify(.) by extensions ['cmake', 'python']
[0.219s] Level 1:colcon.colcon_core.package_identification:_identify(.) by extension 'cmake'
[0.219s] Level 1:colcon.colcon_core.package_identification:_identify(.) by extension 'python'
[0.219s] Level 1:colcon.colcon_core.package_identification:_identify(.) by extensions ['python_setup_py']
[0.219s] Level 1:colcon.colcon_core.package_identification:_identify(.) by extension 'python_setup_py'
[0.219s] Level 1:colcon.colcon_core.package_identification:_identify(build) by extensions ['ignore', 'ignore_ament_install']
[0.219s] Level 1:colcon.colcon_core.package_identification:_identify(build) by extension 'ignore'
[0.220s] Level 1:colcon.colcon_core.package_identification:_identify(build) ignored
[0.220s] Level 1:colcon.colcon_core.package_identification:_identify(install) by extensions ['ignore', 'ignore_ament_install']
[0.220s] Level 1:colcon.colcon_core.package_identification:_identify(install) by extension 'ignore'
[0.220s] Level 1:colcon.colcon_core.package_identification:_identify(install) ignored
[0.220s] Level 1:colcon.colcon_core.package_identification:_identify(log) by extensions ['ignore', 'ignore_ament_install']
[0.220s] Level 1:colcon.colcon_core.package_identification:_identify(log) by extension 'ignore'
[0.220s] Level 1:colcon.colcon_core.package_identification:_identify(log) ignored
[0.220s] Level 1:colcon.colcon_core.package_identification:_identify(src) by extensions ['ignore', 'ignore_ament_install']
[0.220s] Level 1:colcon.colcon_core.package_identification:_identify(src) by extension 'ignore'
[0.220s] Level 1:colcon.colcon_core.package_identification:_identify(src) by extension 'ignore_ament_install'
[0.220s] Level 1:colcon.colcon_core.package_identification:_identify(src) by extensions ['colcon_pkg']
[0.220s] Level 1:colcon.colcon_core.package_identification:_identify(src) by extension 'colcon_pkg'
[0.220s] Level 1:colcon.colcon_core.package_identification:_identify(src) by extensions ['colcon_meta']
[0.220s] Level 1:colcon.colcon_core.package_identification:_identify(src) by extension 'colcon_meta'
[0.220s] Level 1:colcon.colcon_core.package_identification:_identify(src) by extensions ['ros']
[0.220s] Level 1:colcon.colcon_core.package_identification:_identify(src) by extension 'ros'
[0.221s] Level 1:colcon.colcon_core.package_identification:_identify(src) by extensions ['cmake', 'python']
[0.221s] Level 1:colcon.colcon_core.package_identification:_identify(src) by extension 'cmake'
[0.221s] Level 1:colcon.colcon_core.package_identification:_identify(src) by extension 'python'
[0.221s] Level 1:colcon.colcon_core.package_identification:_identify(src) by extensions ['python_setup_py']
[0.221s] Level 1:colcon.colcon_core.package_identification:_identify(src) by extension 'python_setup_py'
[0.221s] Level 1:colcon.colcon_core.package_identification:_identify(src/my_first_package) by extensions ['ignore', 'ignore_ament_install']
[0.221s] Level 1:colcon.colcon_core.package_identification:_identify(src/my_first_package) by extension 'ignore'
[0.221s] Level 1:colcon.colcon_core.package_identification:_identify(src/my_first_package) by extension 'ignore_ament_install'
[0.221s] Level 1:colcon.colcon_core.package_identification:_identify(src/my_first_package) by extensions ['colcon_pkg']
[0.221s] Level 1:colcon.colcon_core.package_identification:_identify(src/my_first_package) by extension 'colcon_pkg'
[0.221s] Level 1:colcon.colcon_core.package_identification:_identify(src/my_first_package) by extensions ['colcon_meta']
[0.221s] Level 1:colcon.colcon_core.package_identification:_identify(src/my_first_package) by extension 'colcon_meta'
[0.221s] Level 1:colcon.colcon_core.package_identification:_identify(src/my_first_package) by extensions ['ros']
[0.221s] Level 1:colcon.colcon_core.package_identification:_identify(src/my_first_package) by extension 'ros'
[0.223s] DEBUG:colcon.colcon_core.package_identification:Package 'src/my_first_package' with type 'ros.ament_cmake' and name 'my_first_package'
[0.224s] Level 1:colcon.colcon_core.package_identification:_identify(src/my_first_package_msgs) by extensions ['ignore', 'ignore_ament_install']
[0.224s] Level 1:colcon.colcon_core.package_identification:_identify(src/my_first_package_msgs) by extension 'ignore'
[0.224s] Level 1:colcon.colcon_core.package_identification:_identify(src/my_first_package_msgs) by extension 'ignore_ament_install'
[0.224s] Level 1:colcon.colcon_core.package_identification:_identify(src/my_first_package_msgs) by extensions ['colcon_pkg']
[0.224s] Level 1:colcon.colcon_core.package_identification:_identify(src/my_first_package_msgs) by extension 'colcon_pkg'
[0.224s] Level 1:colcon.colcon_core.package_identification:_identify(src/my_first_package_msgs) by extensions ['colcon_meta']
[0.224s] Level 1:colcon.colcon_core.package_identification:_identify(src/my_first_package_msgs) by extension 'colcon_meta'
[0.224s] Level 1:colcon.colcon_core.package_identification:_identify(src/my_first_package_msgs) by extensions ['ros']
[0.224s] Level 1:colcon.colcon_core.package_identification:_identify(src/my_first_package_msgs) by extension 'ros'
[0.226s] DEBUG:colcon.colcon_core.package_identification:Package 'src/my_first_package_msgs' with type 'ros.ament_cmake' and name 'my_first_package_msgs'
[0.226s] Level 1:colcon.colcon_core.package_discovery:discover_packages(recursive) using defaults
[0.226s] Level 1:colcon.colcon_core.package_discovery:discover_packages(ignore) discover
[0.226s] Level 1:colcon.colcon_core.package_discovery:discover_packages(ignore) using defaults
[0.226s] Level 1:colcon.colcon_core.package_discovery:discover_packages(path) discover
[0.226s] Level 1:colcon.colcon_core.package_discovery:discover_packages(path) using defaults
[0.247s] Level 1:colcon.colcon_core.package_discovery:discover_packages(prefix_path) check parameters
[0.247s] Level 1:colcon.colcon_core.package_discovery:discover_packages(prefix_path) discover
[0.249s] DEBUG:colcon.colcon_installed_package_information.package_discovery:Found 2 installed packages in /home/tm/dev_ws/ros_c++/install
[0.250s] DEBUG:colcon.colcon_installed_package_information.package_discovery:Found 328 installed packages in /opt/ros/jazzy
[0.252s] Level 1:colcon.colcon_core.package_discovery:discover_packages(prefix_path) using defaults
[0.306s] Level 5:colcon.colcon_core.verb:set package 'my_first_package' build argument 'cmake_args' from command line to 'None'
[0.306s] Level 5:colcon.colcon_core.verb:set package 'my_first_package' build argument 'cmake_target' from command line to 'None'
[0.306s] Level 5:colcon.colcon_core.verb:set package 'my_first_package' build argument 'cmake_target_skip_unavailable' from command line to 'False'
[0.306s] Level 5:colcon.colcon_core.verb:set package 'my_first_package' build argument 'cmake_clean_cache' from command line to 'False'
[0.306s] Level 5:colcon.colcon_core.verb:set package 'my_first_package' build argument 'cmake_clean_first' from command line to 'False'
[0.306s] Level 5:colcon.colcon_core.verb:set package 'my_first_package' build argument 'cmake_force_configure' from command line to 'False'
[0.306s] Level 5:colcon.colcon_core.verb:set package 'my_first_package' build argument 'ament_cmake_args' from command line to 'None'
[0.306s] Level 5:colcon.colcon_core.verb:set package 'my_first_package' build argument 'catkin_cmake_args' from command line to 'None'
[0.306s] Level 5:colcon.colcon_core.verb:set package 'my_first_package' build argument 'catkin_skip_building_tests' from command line to 'False'
[0.306s] DEBUG:colcon.colcon_core.verb:Building package 'my_first_package' with the following arguments: {'ament_cmake_args': None, 'build_base': '/home/tm/dev_ws/ros_c++/build/my_first_package', 'catkin_cmake_args': None, 'catkin_skip_building_tests': False, 'cmake_args': None, 'cmake_clean_cache': False, 'cmake_clean_first': False, 'cmake_force_configure': False, 'cmake_target': None, 'cmake_target_skip_unavailable': False, 'install_base': '/home/tm/dev_ws/ros_c++/install/my_first_package', 'merge_install': False, 'path': '/home/tm/dev_ws/ros_c++/src/my_first_package', 'symlink_install': False, 'test_result_base': None}
[0.306s] Level 5:colcon.colcon_core.verb:set package 'my_first_package_msgs' build argument 'cmake_args' from command line to 'None'
[0.306s] Level 5:colcon.colcon_core.verb:set package 'my_first_package_msgs' build argument 'cmake_target' from command line to 'None'
[0.306s] Level 5:colcon.colcon_core.verb:set package 'my_first_package_msgs' build argument 'cmake_target_skip_unavailable' from command line to 'False'
[0.306s] Level 5:colcon.colcon_core.verb:set package 'my_first_package_msgs' build argument 'cmake_clean_cache' from command line to 'False'
[0.306s] Level 5:colcon.colcon_core.verb:set package 'my_first_package_msgs' build argument 'cmake_clean_first' from command line to 'False'
[0.307s] Level 5:colcon.colcon_core.verb:set package 'my_first_package_msgs' build argument 'cmake_force_configure' from command line to 'False'
[0.307s] Level 5:colcon.colcon_core.verb:set package 'my_first_package_msgs' build argument 'ament_cmake_args' from command line to 'None'
[0.307s] Level 5:colcon.colcon_core.verb:set package 'my_first_package_msgs' build argument 'catkin_cmake_args' from command line to 'None'
[0.307s] Level 5:colcon.colcon_core.verb:set package 'my_first_package_msgs' build argument 'catkin_skip_building_tests' from command line to 'False'
[0.307s] DEBUG:colcon.colcon_core.verb:Building package 'my_first_package_msgs' with the following arguments: {'ament_cmake_args': None, 'build_base': '/home/tm/dev_ws/ros_c++/build/my_first_package_msgs', 'catkin_cmake_args': None, 'catkin_skip_building_tests': False, 'cmake_args': None, 'cmake_clean_cache': False, 'cmake_clean_first': False, 'cmake_force_configure': False, 'cmake_target': None, 'cmake_target_skip_unavailable': False, 'install_base': '/home/tm/dev_ws/ros_c++/install/my_first_package_msgs', 'merge_install': False, 'path': '/home/tm/dev_ws/ros_c++/src/my_first_package_msgs', 'symlink_install': False, 'test_result_base': None}
[0.307s] INFO:colcon.colcon_core.executor:Executing jobs using 'parallel' executor
[0.307s] DEBUG:colcon.colcon_parallel_executor.executor.parallel:run_until_complete
[0.308s] INFO:colcon.colcon_ros.task.ament_cmake.build:Building ROS package in '/home/tm/dev_ws/ros_c++/src/my_first_package' with build type 'ament_cmake'
[0.308s] INFO:colcon.colcon_cmake.task.cmake.build:Building CMake package in '/home/tm/dev_ws/ros_c++/src/my_first_package'
[0.309s] INFO:colcon.colcon_core.plugin_system:Skipping extension 'colcon_core.shell.bat': Not used on non-Windows systems
[0.309s] INFO:colcon.colcon_core.shell:Skip shell extension 'powershell' for command environment: Not usable outside of PowerShell
[0.309s] DEBUG:colcon.colcon_core.shell:Skip shell extension 'dsv' for command environment
[0.315s] INFO:colcon.colcon_ros.task.ament_cmake.build:Building ROS package in '/home/tm/dev_ws/ros_c++/src/my_first_package_msgs' with build type 'ament_cmake'
[0.315s] INFO:colcon.colcon_cmake.task.cmake.build:Building CMake package in '/home/tm/dev_ws/ros_c++/src/my_first_package_msgs'
[0.316s] INFO:colcon.colcon_core.shell:Skip shell extension 'powershell' for command environment: Not usable outside of PowerShell
[0.316s] DEBUG:colcon.colcon_core.shell:Skip shell extension 'dsv' for command environment
[0.328s] DEBUG:colcon.colcon_core.event_handler.log_command:Invoking command in '/home/tm/dev_ws/ros_c++/build/my_first_package': CMAKE_PREFIX_PATH=${CMAKE_PREFIX_PATH}:/opt/ros/jazzy DEBUGINFOD_URLS=https://debuginfod.ubuntu.com VIRTUAL_ENV_PROMPT=(ros) /usr/bin/cmake --build /home/tm/dev_ws/ros_c++/build/my_first_package -- -j12 -l12
[0.334s] DEBUG:colcon.colcon_core.event_handler.log_command:Invoking command in '/home/tm/dev_ws/ros_c++/build/my_first_package_msgs': CMAKE_PREFIX_PATH=${CMAKE_PREFIX_PATH}:/opt/ros/jazzy DEBUGINFOD_URLS=https://debuginfod.ubuntu.com VIRTUAL_ENV_PROMPT=(ros) /usr/bin/cmake --build /home/tm/dev_ws/ros_c++/build/my_first_package_msgs -- -j12 -l12
[1.017s] DEBUG:colcon.colcon_core.event_handler.log_command:Invoked command in '/home/tm/dev_ws/ros_c++/build/my_first_package_msgs' returned '0': CMAKE_PREFIX_PATH=${CMAKE_PREFIX_PATH}:/opt/ros/jazzy DEBUGINFOD_URLS=https://debuginfod.ubuntu.com VIRTUAL_ENV_PROMPT=(ros) /usr/bin/cmake --build /home/tm/dev_ws/ros_c++/build/my_first_package_msgs -- -j12 -l12
[1.031s] DEBUG:colcon.colcon_core.event_handler.log_command:Invoking command in '/home/tm/dev_ws/ros_c++/build/my_first_package_msgs': CMAKE_PREFIX_PATH=${CMAKE_PREFIX_PATH}:/opt/ros/jazzy DEBUGINFOD_URLS=https://debuginfod.ubuntu.com VIRTUAL_ENV_PROMPT=(ros) /usr/bin/cmake --install /home/tm/dev_ws/ros_c++/build/my_first_package_msgs
[1.111s] Level 1:colcon.colcon_core.environment:create_environment_scripts_only(my_first_package_msgs)
[1.112s] DEBUG:colcon.colcon_core.event_handler.log_command:Invoked command in '/home/tm/dev_ws/ros_c++/build/my_first_package_msgs' returned '0': CMAKE_PREFIX_PATH=${CMAKE_PREFIX_PATH}:/opt/ros/jazzy DEBUGINFOD_URLS=https://debuginfod.ubuntu.com VIRTUAL_ENV_PROMPT=(ros) /usr/bin/cmake --install /home/tm/dev_ws/ros_c++/build/my_first_package_msgs
[1.115s] Level 1:colcon.colcon_core.environment:checking '/home/tm/dev_ws/ros_c++/install/my_first_package_msgs' for CMake module files
[1.116s] Level 1:colcon.colcon_core.environment:checking '/home/tm/dev_ws/ros_c++/install/my_first_package_msgs' for CMake config files
[1.117s] Level 1:colcon.colcon_core.shell:create_environment_hook('my_first_package_msgs', 'cmake_prefix_path')
[1.117s] INFO:colcon.colcon_core.shell:Creating environment hook '/home/tm/dev_ws/ros_c++/install/my_first_package_msgs/share/my_first_package_msgs/hook/cmake_prefix_path.ps1'
[1.118s] INFO:colcon.colcon_core.shell:Creating environment descriptor '/home/tm/dev_ws/ros_c++/install/my_first_package_msgs/share/my_first_package_msgs/hook/cmake_prefix_path.dsv'
[1.120s] INFO:colcon.colcon_core.shell:Creating environment hook '/home/tm/dev_ws/ros_c++/install/my_first_package_msgs/share/my_first_package_msgs/hook/cmake_prefix_path.sh'
[1.121s] Level 1:colcon.colcon_core.environment:checking '/home/tm/dev_ws/ros_c++/install/my_first_package_msgs/lib'
[1.121s] Level 1:colcon.colcon_core.shell:create_environment_hook('my_first_package_msgs', 'ld_library_path_lib')
[1.122s] INFO:colcon.colcon_core.shell:Creating environment hook '/home/tm/dev_ws/ros_c++/install/my_first_package_msgs/share/my_first_package_msgs/hook/ld_library_path_lib.ps1'
[1.122s] INFO:colcon.colcon_core.shell:Creating environment descriptor '/home/tm/dev_ws/ros_c++/install/my_first_package_msgs/share/my_first_package_msgs/hook/ld_library_path_lib.dsv'
[1.122s] INFO:colcon.colcon_core.shell:Creating environment hook '/home/tm/dev_ws/ros_c++/install/my_first_package_msgs/share/my_first_package_msgs/hook/ld_library_path_lib.sh'
[1.123s] Level 1:colcon.colcon_core.environment:checking '/home/tm/dev_ws/ros_c++/install/my_first_package_msgs/bin'
[1.123s] Level 1:colcon.colcon_core.environment:checking '/home/tm/dev_ws/ros_c++/install/my_first_package_msgs/lib/pkgconfig/my_first_package_msgs.pc'
[1.123s] Level 1:colcon.colcon_core.environment:checking '/home/tm/dev_ws/ros_c++/install/my_first_package_msgs/lib/python3.12/site-packages'
[1.123s] Level 1:colcon.colcon_core.shell:create_environment_hook('my_first_package_msgs', 'pythonpath')
[1.124s] INFO:colcon.colcon_core.shell:Creating environment hook '/home/tm/dev_ws/ros_c++/install/my_first_package_msgs/share/my_first_package_msgs/hook/pythonpath.ps1'
[1.124s] INFO:colcon.colcon_core.shell:Creating environment descriptor '/home/tm/dev_ws/ros_c++/install/my_first_package_msgs/share/my_first_package_msgs/hook/pythonpath.dsv'
[1.125s] INFO:colcon.colcon_core.shell:Creating environment hook '/home/tm/dev_ws/ros_c++/install/my_first_package_msgs/share/my_first_package_msgs/hook/pythonpath.sh'
[1.125s] Level 1:colcon.colcon_core.environment:checking '/home/tm/dev_ws/ros_c++/install/my_first_package_msgs/bin'
[1.126s] INFO:colcon.colcon_core.shell:Creating package script '/home/tm/dev_ws/ros_c++/install/my_first_package_msgs/share/my_first_package_msgs/package.ps1'
[1.128s] INFO:colcon.colcon_core.shell:Creating package descriptor '/home/tm/dev_ws/ros_c++/install/my_first_package_msgs/share/my_first_package_msgs/package.dsv'
[1.129s] INFO:colcon.colcon_core.shell:Creating package script '/home/tm/dev_ws/ros_c++/install/my_first_package_msgs/share/my_first_package_msgs/package.sh'
[1.131s] INFO:colcon.colcon_core.shell:Creating package script '/home/tm/dev_ws/ros_c++/install/my_first_package_msgs/share/my_first_package_msgs/package.bash'
[1.131s] INFO:colcon.colcon_core.shell:Creating package script '/home/tm/dev_ws/ros_c++/install/my_first_package_msgs/share/my_first_package_msgs/package.zsh'
[1.132s] Level 1:colcon.colcon_core.environment:create_file_with_runtime_dependencies(/home/tm/dev_ws/ros_c++/install/my_first_package_msgs/share/colcon-core/packages/my_first_package_msgs)
[1.133s] Level 1:colcon.colcon_core.environment:create_environment_scripts_only(my_first_package_msgs)
[1.133s] Level 1:colcon.colcon_core.environment:checking '/home/tm/dev_ws/ros_c++/install/my_first_package_msgs' for CMake module files
[1.134s] Level 1:colcon.colcon_core.environment:checking '/home/tm/dev_ws/ros_c++/install/my_first_package_msgs' for CMake config files
[1.135s] Level 1:colcon.colcon_core.shell:create_environment_hook('my_first_package_msgs', 'cmake_prefix_path')
[1.135s] INFO:colcon.colcon_core.shell:Creating environment hook '/home/tm/dev_ws/ros_c++/install/my_first_package_msgs/share/my_first_package_msgs/hook/cmake_prefix_path.ps1'
[1.136s] INFO:colcon.colcon_core.shell:Creating environment descriptor '/home/tm/dev_ws/ros_c++/install/my_first_package_msgs/share/my_first_package_msgs/hook/cmake_prefix_path.dsv'
[1.136s] INFO:colcon.colcon_core.shell:Creating environment hook '/home/tm/dev_ws/ros_c++/install/my_first_package_msgs/share/my_first_package_msgs/hook/cmake_prefix_path.sh'
[1.137s] Level 1:colcon.colcon_core.environment:checking '/home/tm/dev_ws/ros_c++/install/my_first_package_msgs/lib'
[1.137s] Level 1:colcon.colcon_core.shell:create_environment_hook('my_first_package_msgs', 'ld_library_path_lib')
[1.137s] INFO:colcon.colcon_core.shell:Creating environment hook '/home/tm/dev_ws/ros_c++/install/my_first_package_msgs/share/my_first_package_msgs/hook/ld_library_path_lib.ps1'
[1.137s] INFO:colcon.colcon_core.shell:Creating environment descriptor '/home/tm/dev_ws/ros_c++/install/my_first_package_msgs/share/my_first_package_msgs/hook/ld_library_path_lib.dsv'
[1.137s] INFO:colcon.colcon_core.shell:Creating environment hook '/home/tm/dev_ws/ros_c++/install/my_first_package_msgs/share/my_first_package_msgs/hook/ld_library_path_lib.sh'
[1.138s] Level 1:colcon.colcon_core.environment:checking '/home/tm/dev_ws/ros_c++/install/my_first_package_msgs/bin'
[1.138s] Level 1:colcon.colcon_core.environment:checking '/home/tm/dev_ws/ros_c++/install/my_first_package_msgs/lib/pkgconfig/my_first_package_msgs.pc'
[1.138s] Level 1:colcon.colcon_core.environment:checking '/home/tm/dev_ws/ros_c++/install/my_first_package_msgs/lib/python3.12/site-packages'
[1.138s] Level 1:colcon.colcon_core.shell:create_environment_hook('my_first_package_msgs', 'pythonpath')
[1.138s] INFO:colcon.colcon_core.shell:Creating environment hook '/home/tm/dev_ws/ros_c++/install/my_first_package_msgs/share/my_first_package_msgs/hook/pythonpath.ps1'
[1.139s] INFO:colcon.colcon_core.shell:Creating environment descriptor '/home/tm/dev_ws/ros_c++/install/my_first_package_msgs/share/my_first_package_msgs/hook/pythonpath.dsv'
[1.139s] INFO:colcon.colcon_core.shell:Creating environment hook '/home/tm/dev_ws/ros_c++/install/my_first_package_msgs/share/my_first_package_msgs/hook/pythonpath.sh'
[1.140s] Level 1:colcon.colcon_core.environment:checking '/home/tm/dev_ws/ros_c++/install/my_first_package_msgs/bin'
[1.141s] INFO:colcon.colcon_core.shell:Creating package script '/home/tm/dev_ws/ros_c++/install/my_first_package_msgs/share/my_first_package_msgs/package.ps1'
[1.143s] INFO:colcon.colcon_core.shell:Creating package descriptor '/home/tm/dev_ws/ros_c++/install/my_first_package_msgs/share/my_first_package_msgs/package.dsv'
[1.144s] INFO:colcon.colcon_core.shell:Creating package script '/home/tm/dev_ws/ros_c++/install/my_first_package_msgs/share/my_first_package_msgs/package.sh'
[1.144s] INFO:colcon.colcon_core.shell:Creating package script '/home/tm/dev_ws/ros_c++/install/my_first_package_msgs/share/my_first_package_msgs/package.bash'
[1.145s] INFO:colcon.colcon_core.shell:Creating package script '/home/tm/dev_ws/ros_c++/install/my_first_package_msgs/share/my_first_package_msgs/package.zsh'
[1.145s] Level 1:colcon.colcon_core.environment:create_file_with_runtime_dependencies(/home/tm/dev_ws/ros_c++/install/my_first_package_msgs/share/colcon-core/packages/my_first_package_msgs)
[8.569s] DEBUG:colcon.colcon_core.event_handler.log_command:Invoked command in '/home/tm/dev_ws/ros_c++/build/my_first_package' returned '0': CMAKE_PREFIX_PATH=${CMAKE_PREFIX_PATH}:/opt/ros/jazzy DEBUGINFOD_URLS=https://debuginfod.ubuntu.com VIRTUAL_ENV_PROMPT=(ros) /usr/bin/cmake --build /home/tm/dev_ws/ros_c++/build/my_first_package -- -j12 -l12
[8.570s] DEBUG:colcon.colcon_core.event_handler.log_command:Invoking command in '/home/tm/dev_ws/ros_c++/build/my_first_package': CMAKE_PREFIX_PATH=${CMAKE_PREFIX_PATH}:/opt/ros/jazzy DEBUGINFOD_URLS=https://debuginfod.ubuntu.com VIRTUAL_ENV_PROMPT=(ros) /usr/bin/cmake --install /home/tm/dev_ws/ros_c++/build/my_first_package
[8.588s] Level 1:colcon.colcon_core.environment:create_environment_scripts_only(my_first_package)
[8.588s] Level 1:colcon.colcon_core.environment:checking '/home/tm/dev_ws/ros_c++/install/my_first_package' for CMake module files
[8.589s] DEBUG:colcon.colcon_core.event_handler.log_command:Invoked command in '/home/tm/dev_ws/ros_c++/build/my_first_package' returned '0': CMAKE_PREFIX_PATH=${CMAKE_PREFIX_PATH}:/opt/ros/jazzy DEBUGINFOD_URLS=https://debuginfod.ubuntu.com VIRTUAL_ENV_PROMPT=(ros) /usr/bin/cmake --install /home/tm/dev_ws/ros_c++/build/my_first_package
[8.589s] Level 1:colcon.colcon_core.environment:checking '/home/tm/dev_ws/ros_c++/install/my_first_package' for CMake config files
[8.589s] Level 1:colcon.colcon_core.shell:create_environment_hook('my_first_package', 'cmake_prefix_path')
[8.589s] INFO:colcon.colcon_core.shell:Creating environment hook '/home/tm/dev_ws/ros_c++/install/my_first_package/share/my_first_package/hook/cmake_prefix_path.ps1'
[8.590s] INFO:colcon.colcon_core.shell:Creating environment descriptor '/home/tm/dev_ws/ros_c++/install/my_first_package/share/my_first_package/hook/cmake_prefix_path.dsv'
[8.590s] INFO:colcon.colcon_core.shell:Creating environment hook '/home/tm/dev_ws/ros_c++/install/my_first_package/share/my_first_package/hook/cmake_prefix_path.sh'
[8.591s] Level 1:colcon.colcon_core.environment:checking '/home/tm/dev_ws/ros_c++/install/my_first_package/lib'
[8.591s] Level 1:colcon.colcon_core.environment:checking '/home/tm/dev_ws/ros_c++/install/my_first_package/bin'
[8.591s] Level 1:colcon.colcon_core.environment:checking '/home/tm/dev_ws/ros_c++/install/my_first_package/lib/pkgconfig/my_first_package.pc'
[8.591s] Level 1:colcon.colcon_core.environment:checking '/home/tm/dev_ws/ros_c++/install/my_first_package/lib/python3.12/site-packages'
[8.592s] Level 1:colcon.colcon_core.environment:checking '/home/tm/dev_ws/ros_c++/install/my_first_package/bin'
[8.592s] INFO:colcon.colcon_core.shell:Creating package script '/home/tm/dev_ws/ros_c++/install/my_first_package/share/my_first_package/package.ps1'
[8.593s] INFO:colcon.colcon_core.shell:Creating package descriptor '/home/tm/dev_ws/ros_c++/install/my_first_package/share/my_first_package/package.dsv'
[8.593s] INFO:colcon.colcon_core.shell:Creating package script '/home/tm/dev_ws/ros_c++/install/my_first_package/share/my_first_package/package.sh'
[8.594s] INFO:colcon.colcon_core.shell:Creating package script '/home/tm/dev_ws/ros_c++/install/my_first_package/share/my_first_package/package.bash'
[8.594s] INFO:colcon.colcon_core.shell:Creating package script '/home/tm/dev_ws/ros_c++/install/my_first_package/share/my_first_package/package.zsh'
[8.594s] Level 1:colcon.colcon_core.environment:create_file_with_runtime_dependencies(/home/tm/dev_ws/ros_c++/install/my_first_package/share/colcon-core/packages/my_first_package)
[8.595s] Level 1:colcon.colcon_core.environment:create_environment_scripts_only(my_first_package)
[8.595s] Level 1:colcon.colcon_core.environment:checking '/home/tm/dev_ws/ros_c++/install/my_first_package' for CMake module files
[8.595s] Level 1:colcon.colcon_core.environment:checking '/home/tm/dev_ws/ros_c++/install/my_first_package' for CMake config files
[8.596s] Level 1:colcon.colcon_core.shell:create_environment_hook('my_first_package', 'cmake_prefix_path')
[8.596s] INFO:colcon.colcon_core.shell:Creating environment hook '/home/tm/dev_ws/ros_c++/install/my_first_package/share/my_first_package/hook/cmake_prefix_path.ps1'
[8.596s] INFO:colcon.colcon_core.shell:Creating environment descriptor '/home/tm/dev_ws/ros_c++/install/my_first_package/share/my_first_package/hook/cmake_prefix_path.dsv'
[8.596s] INFO:colcon.colcon_core.shell:Creating environment hook '/home/tm/dev_ws/ros_c++/install/my_first_package/share/my_first_package/hook/cmake_prefix_path.sh'
[8.597s] Level 1:colcon.colcon_core.environment:checking '/home/tm/dev_ws/ros_c++/install/my_first_package/lib'
[8.597s] Level 1:colcon.colcon_core.environment:checking '/home/tm/dev_ws/ros_c++/install/my_first_package/bin'
[8.597s] Level 1:colcon.colcon_core.environment:checking '/home/tm/dev_ws/ros_c++/install/my_first_package/lib/pkgconfig/my_first_package.pc'
[8.597s] Level 1:colcon.colcon_core.environment:checking '/home/tm/dev_ws/ros_c++/install/my_first_package/lib/python3.12/site-packages'
[8.597s] Level 1:colcon.colcon_core.environment:checking '/home/tm/dev_ws/ros_c++/install/my_first_package/bin'
[8.597s] INFO:colcon.colcon_core.shell:Creating package script '/home/tm/dev_ws/ros_c++/install/my_first_package/share/my_first_package/package.ps1'
[8.598s] INFO:colcon.colcon_core.shell:Creating package descriptor '/home/tm/dev_ws/ros_c++/install/my_first_package/share/my_first_package/package.dsv'
[8.599s] INFO:colcon.colcon_core.shell:Creating package script '/home/tm/dev_ws/ros_c++/install/my_first_package/share/my_first_package/package.sh'
[8.599s] INFO:colcon.colcon_core.shell:Creating package script '/home/tm/dev_ws/ros_c++/install/my_first_package/share/my_first_package/package.bash'
[8.600s] INFO:colcon.colcon_core.shell:Creating package script '/home/tm/dev_ws/ros_c++/install/my_first_package/share/my_first_package/package.zsh'
[8.600s] Level 1:colcon.colcon_core.environment:create_file_with_runtime_dependencies(/home/tm/dev_ws/ros_c++/install/my_first_package/share/colcon-core/packages/my_first_package)
[8.601s] DEBUG:colcon.colcon_parallel_executor.executor.parallel:closing loop
[8.601s] DEBUG:colcon.colcon_parallel_executor.executor.parallel:loop closed
[8.601s] DEBUG:colcon.colcon_parallel_executor.executor.parallel:run_until_complete finished with '0'
[8.601s] DEBUG:colcon.colcon_core.event_reactor:joining thread
[8.607s] INFO:colcon.colcon_core.plugin_system:Skipping extension 'colcon_notification.desktop_notification.terminal_notifier': Not used on non-Darwin systems
[8.607s] INFO:colcon.colcon_core.plugin_system:Skipping extension 'colcon_notification.desktop_notification.win32': Not used on non-Windows systems
[8.607s] INFO:colcon.colcon_notification.desktop_notification:Sending desktop notification using 'notify2'
[8.625s] DEBUG:colcon.colcon_core.event_reactor:joined thread
[8.625s] INFO:colcon.colcon_core.shell:Creating prefix script '/home/tm/dev_ws/ros_c++/install/local_setup.ps1'
[8.626s] INFO:colcon.colcon_core.shell:Creating prefix util module '/home/tm/dev_ws/ros_c++/install/_local_setup_util_ps1.py'
[8.628s] INFO:colcon.colcon_core.shell:Creating prefix chain script '/home/tm/dev_ws/ros_c++/install/setup.ps1'
[8.629s] INFO:colcon.colcon_core.shell:Creating prefix script '/home/tm/dev_ws/ros_c++/install/local_setup.sh'
[8.630s] INFO:colcon.colcon_core.shell:Creating prefix util module '/home/tm/dev_ws/ros_c++/install/_local_setup_util_sh.py'
[8.630s] INFO:colcon.colcon_core.shell:Creating prefix chain script '/home/tm/dev_ws/ros_c++/install/setup.sh'
[8.631s] INFO:colcon.colcon_core.shell:Creating prefix script '/home/tm/dev_ws/ros_c++/install/local_setup.bash'
[8.631s] INFO:colcon.colcon_core.shell:Creating prefix chain script '/home/tm/dev_ws/ros_c++/install/setup.bash'
[8.633s] INFO:colcon.colcon_core.shell:Creating prefix script '/home/tm/dev_ws/ros_c++/install/local_setup.zsh'
[8.633s] INFO:colcon.colcon_core.shell:Creating prefix chain script '/home/tm/dev_ws/ros_c++/install/setup.zsh'
